<html>
<body>
<pre>
<h1>µVision Build Log</h1>
<h2>Tool Versions:</h2>
IDE-Version: ¦ÌVision V5.34.0.0
Copyright (C) 2021 ARM Ltd and ARM Germany GmbH. All rights reserved.
License Information: m Administrator, m, LIC=YA39H-WK7AD-9UW4U-S4LIG-LJ2CK-J26BM
 
Tool Versions:
Toolchain:       MDK-ARM Plus  Version: 5.34.0.0
Toolchain Path:  D:\Keil_v5\ARM\ARMCC\Bin
C Compiler:      Armcc.exe V5.06 update 7 (build 960)
Assembler:       Armasm.exe V5.06 update 7 (build 960)
Linker/Locator:  ArmLink.exe V5.06 update 7 (build 960)
Library Manager: ArmAr.exe V5.06 update 7 (build 960)
Hex Converter:   FromElf.exe V5.06 update 7 (build 960)
CPU DLL:         SARMCM3.DLL V5.34.0.0
Dialog DLL:      DCM.DLL V1.17.3.0
Target DLL:      Segger\JL2CM3.dll V2.99.38.0
Dialog DLL:      TCM.DLL V1.48.0.0
 
<h2>Project:</h2>
D:\STM32H750\ebf_lwip_tutorial_code_stm32h750_pro_v_20220706\Done\lwip_tcpclient_raw\Project\RVMDK£¨uv5£©\LX_H7.uvprojx
Project File Date:  01/22/2024

<h2>Output:</h2>
*** Using Compiler 'V5.06 update 7 (build 960)', folder: 'D:\Keil_v5\ARM\ARMCC\Bin'
Build target 'LX_H7'
compiling system_stm32h7xx.c...
compiling stm32h7xx_hal_cec.c...
compiling stm32h7xx_hal_crc_ex.c...
compiling stm32h7xx_hal_crc.c...
compiling stm32h7xx_hal_cryp_ex.c...
compiling stm32h7xx_hal_adc.c...
compiling stm32h7xx_hal_comp.c...
compiling stm32h7xx_hal_adc_ex.c...
compiling stm32h7xx_hal_cryp.c...
compiling stm32h7xx_hal_cortex.c...
compiling stm32h7xx_hal.c...
compiling stm32h7xx_hal_dac.c...
compiling stm32h7xx_hal_dac_ex.c...
compiling stm32h7xx_hal_dcmi.c...
compiling stm32h7xx_hal_dfsdm.c...
compiling stm32h7xx_hal_fdcan.c...
compiling stm32h7xx_hal_dma2d.c...
compiling stm32h7xx_hal_dma_ex.c...
compiling stm32h7xx_hal_eth_ex.c...
compiling stm32h7xx_hal_flash.c...
compiling stm32h7xx_hal_dma.c...
compiling stm32h7xx_hal_hash.c...
compiling stm32h7xx_hal_eth.c...
compiling stm32h7xx_hal_gpio.c...
compiling stm32h7xx_hal_hash_ex.c...
compiling stm32h7xx_hal_flash_ex.c...
compiling stm32h7xx_hal_hcd.c...
compiling stm32h7xx_hal_hrtim.c...
compiling stm32h7xx_hal_hsem.c...
compiling stm32h7xx_hal_i2s.c...
compiling stm32h7xx_hal_i2c_ex.c...
compiling stm32h7xx_hal_i2s_ex.c...
compiling stm32h7xx_hal_irda.c...
compiling stm32h7xx_hal_jpeg.c...
compiling stm32h7xx_hal_lptim.c...
compiling stm32h7xx_hal_iwdg.c...
compiling stm32h7xx_hal_ltdc.c...
compiling stm32h7xx_hal_mdios.c...
compiling stm32h7xx_hal_i2c.c...
compiling stm32h7xx_hal_mmc.c...
compiling stm32h7xx_hal_mmc_ex.c...
compiling stm32h7xx_hal_mdma.c...
compiling stm32h7xx_hal_nand.c...
compiling stm32h7xx_hal_nor.c...
compiling stm32h7xx_hal_opamp_ex.c...
compiling stm32h7xx_hal_opamp.c...
compiling stm32h7xx_hal_pcd.c...
compiling stm32h7xx_hal_pcd_ex.c...
compiling stm32h7xx_hal_pwr.c...
compiling stm32h7xx_hal_qspi.c...
compiling stm32h7xx_hal_pwr_ex.c...
compiling stm32h7xx_hal_rng.c...
compiling stm32h7xx_hal_rtc.c...
compiling stm32h7xx_hal_rcc.c...
compiling stm32h7xx_hal_sai_ex.c...
compiling stm32h7xx_hal_rtc_ex.c...
compiling stm32h7xx_hal_sai.c...
compiling stm32h7xx_hal_rcc_ex.c...
compiling stm32h7xx_hal_sd.c...
compiling stm32h7xx_hal_sd_ex.c...
compiling stm32h7xx_hal_sdram.c...
compiling stm32h7xx_hal_smartcard.c...
compiling stm32h7xx_hal_smartcard_ex.c...
compiling stm32h7xx_hal_smbus.c...
compiling stm32h7xx_hal_spdifrx.c...
compiling stm32h7xx_hal_spi.c...
compiling stm32h7xx_hal_sram.c...
compiling stm32h7xx_hal_spi_ex.c...
compiling stm32h7xx_hal_swpmi.c...
compiling stm32h7xx_hal_tim.c...
compiling stm32h7xx_hal_tim_ex.c...
compiling stm32h7xx_hal_uart_ex.c...
compiling stm32h7xx_hal_wwdg.c...
compiling stm32h7xx_ll_delayblock.c...
compiling stm32h7xx_ll_fmc.c...
compiling stm32h7xx_ll_usb.c...
compiling stm32h7xx_ll_sdmmc.c...
compiling stm32h7xx_hal_uart.c...
compiling stm32h7xx_hal_usart.c...
compiling main.c...
compiling stm32h7xx_it.c...
compiling app_ethernet.c...
compiling core_delay.c...
compiling ethernetif.c...
compiling bsp_led.c...
compiling tcpclient.c...
compiling bsp_debug_usart.c...
compiling LAN8720a.c...
..\..\User\BSP\LAN8720a\LAN8720a.c(123): warning:  #188-D: enumerated type mixed with another type
  	HAL_GPIO_WritePin(ETH_NRST_PORT,ETH_NRST_PIN,1);
..\..\User\BSP\LAN8720a\LAN8720a.c(125): warning:  #188-D: enumerated type mixed with another type
  	HAL_GPIO_WritePin(ETH_NRST_PORT,ETH_NRST_PIN,0);
..\..\User\BSP\LAN8720a\LAN8720a.c(127): warning:  #188-D: enumerated type mixed with another type
  	HAL_GPIO_WritePin(ETH_NRST_PORT,ETH_NRST_PIN,1);
..\..\User\BSP\LAN8720a\LAN8720a.c: 3 warnings, 0 errors
linking...
Program Size: Code=35808 RO-data=1468 RW-data=220 ZI-data=17500  
"..\..\Output\Fire_H7.axf" - 0 Error(s), 3 Warning(s).

<h2>Software Packages used:</h2>

Package Vendor: Keil
                https://www.keil.com/pack/Keil.STM32H7xx_DFP.3.1.1.pack
                Keil.STM32H7xx_DFP.3.1.1
                STMicroelectronics STM32H7 Series Device Support and Examples

<h2>Collection of Component include folders:</h2>
  D:\Keil_v5\ArmPacks\Keil\STM32H7xx_DFP\3.1.1\Drivers\CMSIS\Device\ST\STM32H7xx\Include

<h2>Collection of Component Files used:</h2>
Build Time Elapsed:  00:00:03
</pre>
</body>
</html>
