Component: ARM Compiler 5.06 update 7 (build 960) Tool: armlink [4d3601]

==============================================================================

Section Cross References

    startup_stm32h743xx.o(RESET) refers to startup_stm32h743xx.o(STACK) for __initial_sp
    startup_stm32h743xx.o(RESET) refers to startup_stm32h743xx.o(.text) for Reset_Handler
    startup_stm32h743xx.o(RESET) refers to stm32h7xx_it.o(i.NMI_Handler) for NMI_Handler
    startup_stm32h743xx.o(RESET) refers to stm32h7xx_it.o(i.HardFault_Handler) for HardFault_Handler
    startup_stm32h743xx.o(RESET) refers to stm32h7xx_it.o(i.MemManage_Handler) for MemManage_Handler
    startup_stm32h743xx.o(RESET) refers to stm32h7xx_it.o(i.BusFault_Handler) for BusFault_Handler
    startup_stm32h743xx.o(RESET) refers to stm32h7xx_it.o(i.UsageFault_Handler) for UsageFault_Handler
    startup_stm32h743xx.o(RESET) refers to stm32h7xx_it.o(i.SVC_Handler) for SVC_Handler
    startup_stm32h743xx.o(RESET) refers to stm32h7xx_it.o(i.DebugMon_Handler) for DebugMon_Handler
    startup_stm32h743xx.o(RESET) refers to stm32h7xx_it.o(i.PendSV_Handler) for PendSV_Handler
    startup_stm32h743xx.o(RESET) refers to stm32h7xx_it.o(i.SysTick_Handler) for SysTick_Handler
    startup_stm32h743xx.o(RESET) refers to lan8720a.o(i.ETH_IRQHandler) for ETH_IRQHandler
    startup_stm32h743xx.o(.text) refers to system_stm32h7xx.o(i.SystemInit) for SystemInit
    startup_stm32h743xx.o(.text) refers to entry.o(.ARM.Collect$$$$00000000) for __main
    system_stm32h7xx.o(i.SystemCoreClockUpdate) refers to system_stm32h7xx.o(.data) for .data
    system_stm32h7xx.o(i.SystemCoreClockUpdate) refers to system_stm32h7xx.o(.constdata) for .constdata
    stm32h7xx_hal.o(i.HAL_DeInit) refers to stm32h7xx_hal.o(i.HAL_MspDeInit) for HAL_MspDeInit
    stm32h7xx_hal.o(i.HAL_Delay) refers to core_delay.o(i.HAL_GetTick) for HAL_GetTick
    stm32h7xx_hal.o(i.HAL_Delay) refers to stm32h7xx_hal.o(.data) for .data
    stm32h7xx_hal.o(i.HAL_GetTick) refers to stm32h7xx_hal.o(.data) for .data
    stm32h7xx_hal.o(i.HAL_GetTickFreq) refers to stm32h7xx_hal.o(.data) for .data
    stm32h7xx_hal.o(i.HAL_GetTickPrio) refers to stm32h7xx_hal.o(.data) for .data
    stm32h7xx_hal.o(i.HAL_IncTick) refers to stm32h7xx_hal.o(.data) for .data
    stm32h7xx_hal.o(i.HAL_Init) refers to stm32h7xx_hal_cortex.o(i.HAL_NVIC_SetPriorityGrouping) for HAL_NVIC_SetPriorityGrouping
    stm32h7xx_hal.o(i.HAL_Init) refers to core_delay.o(i.HAL_InitTick) for HAL_InitTick
    stm32h7xx_hal.o(i.HAL_Init) refers to stm32h7xx_hal.o(i.HAL_MspInit) for HAL_MspInit
    stm32h7xx_hal.o(i.HAL_InitTick) refers to stm32h7xx_hal_cortex.o(i.HAL_SYSTICK_Config) for HAL_SYSTICK_Config
    stm32h7xx_hal.o(i.HAL_InitTick) refers to stm32h7xx_hal_cortex.o(i.HAL_NVIC_SetPriority) for HAL_NVIC_SetPriority
    stm32h7xx_hal.o(i.HAL_InitTick) refers to stm32h7xx_hal.o(.data) for .data
    stm32h7xx_hal.o(i.HAL_InitTick) refers to system_stm32h7xx.o(.data) for SystemCoreClock
    stm32h7xx_hal.o(i.HAL_SYSCFG_EnableVREFBUF) refers to core_delay.o(i.HAL_GetTick) for HAL_GetTick
    stm32h7xx_hal.o(i.HAL_SetTickFreq) refers to core_delay.o(i.HAL_InitTick) for HAL_InitTick
    stm32h7xx_hal.o(i.HAL_SetTickFreq) refers to stm32h7xx_hal.o(.data) for .data
    stm32h7xx_hal_cortex.o(i.HAL_NVIC_SetPriority) refers to stm32h7xx_hal_cortex.o(i.__NVIC_SetPriority) for __NVIC_SetPriority
    stm32h7xx_hal_cortex.o(i.HAL_SYSTICK_Config) refers to stm32h7xx_hal_cortex.o(i.__NVIC_SetPriority) for __NVIC_SetPriority
    stm32h7xx_hal_cortex.o(i.HAL_SYSTICK_IRQHandler) refers to stm32h7xx_hal_cortex.o(i.HAL_SYSTICK_Callback) for HAL_SYSTICK_Callback
    stm32h7xx_hal_dma.o(i.DMA_CalcBaseAndBitshift) refers to stm32h7xx_hal_dma.o(.constdata) for .constdata
    stm32h7xx_hal_dma.o(i.HAL_DMA_Abort) refers to core_delay.o(i.HAL_GetTick) for HAL_GetTick
    stm32h7xx_hal_dma.o(i.HAL_DMA_DeInit) refers to stm32h7xx_hal_dma.o(i.DMA_CalcBaseAndBitshift) for DMA_CalcBaseAndBitshift
    stm32h7xx_hal_dma.o(i.HAL_DMA_DeInit) refers to stm32h7xx_hal_dma.o(i.DMA_CalcDMAMUXChannelBaseAndMask) for DMA_CalcDMAMUXChannelBaseAndMask
    stm32h7xx_hal_dma.o(i.HAL_DMA_DeInit) refers to stm32h7xx_hal_dma.o(i.DMA_CalcDMAMUXRequestGenBaseAndMask) for DMA_CalcDMAMUXRequestGenBaseAndMask
    stm32h7xx_hal_dma.o(i.HAL_DMA_IRQHandler) refers to system_stm32h7xx.o(.data) for SystemCoreClock
    stm32h7xx_hal_dma.o(i.HAL_DMA_Init) refers to core_delay.o(i.HAL_GetTick) for HAL_GetTick
    stm32h7xx_hal_dma.o(i.HAL_DMA_Init) refers to stm32h7xx_hal_dma.o(i.DMA_CheckFifoParam) for DMA_CheckFifoParam
    stm32h7xx_hal_dma.o(i.HAL_DMA_Init) refers to stm32h7xx_hal_dma.o(i.DMA_CalcBaseAndBitshift) for DMA_CalcBaseAndBitshift
    stm32h7xx_hal_dma.o(i.HAL_DMA_Init) refers to stm32h7xx_hal_dma.o(i.DMA_CalcDMAMUXChannelBaseAndMask) for DMA_CalcDMAMUXChannelBaseAndMask
[...]
    _printf_lc                               0x00000000   Number         0  stubs.o ABSOLUTE
    _printf_ll                               0x00000000   Number         0  stubs.o ABSOLUTE
    _printf_lld                              0x00000000   Number         0  stubs.o ABSOLUTE
    _printf_lli                              0x00000000   Number         0  stubs.o ABSOLUTE
    _printf_llo                              0x00000000   Number         0  stubs.o ABSOLUTE
    _printf_llu                              0x00000000   Number         0  stubs.o ABSOLUTE
    _printf_llx                              0x00000000   Number         0  stubs.o ABSOLUTE
    _printf_longlong_dec                     0x00000000   Number         0  stubs.o ABSOLUTE
    _printf_longlong_hex                     0x00000000   Number         0  stubs.o ABSOLUTE
    _printf_longlong_oct                     0x00000000   Number         0  stubs.o ABSOLUTE
    _printf_ls                               0x00000000   Number         0  stubs.o ABSOLUTE
    _printf_mbtowc                           0x00000000   Number         0  stubs.o ABSOLUTE
    _printf_n                                0x00000000   Number         0  stubs.o ABSOLUTE
    _printf_o                                0x00000000   Number         0  stubs.o ABSOLUTE
    _printf_p                                0x00000000   Number         0  stubs.o ABSOLUTE
    _printf_percent                          0x00000000   Number         0  stubs.o ABSOLUTE
    _printf_pre_padding                      0x00000000   Number         0  stubs.o ABSOLUTE
    _printf_return_value                     0x00000000   Number         0  stubs.o ABSOLUTE
    _printf_s                                0x00000000   Number         0  stubs.o ABSOLUTE
    _printf_sizespec                         0x00000000   Number         0  stubs.o ABSOLUTE
    _printf_str                              0x00000000   Number         0  stubs.o ABSOLUTE
    _printf_truncate_signed                  0x00000000   Number         0  stubs.o ABSOLUTE
    _printf_truncate_unsigned                0x00000000   Number         0  stubs.o ABSOLUTE
    _printf_u                                0x00000000   Number         0  stubs.o ABSOLUTE
    _printf_wc                               0x00000000   Number         0  stubs.o ABSOLUTE
    _printf_wctomb                           0x00000000   Number         0  stubs.o ABSOLUTE
    _printf_widthprec                        0x00000000   Number         0  stubs.o ABSOLUTE
    _printf_x                                0x00000000   Number         0  stubs.o ABSOLUTE
    __arm_fini_                               - Undefined Weak Reference
    __cpp_initialize__aeabi_                  - Undefined Weak Reference
    __cxa_finalize                            - Undefined Weak Reference
    __decompress                              - Undefined Weak Reference
    _clock_init                               - Undefined Weak Reference
    _microlib_exit                            - Undefined Weak Reference
    __Vectors_Size                           0x00000298   Number         0  startup_stm32h743xx.o ABSOLUTE
    __Vectors                                0x08000000   Data           4  startup_stm32h743xx.o(RESET)
    __Vectors_End                            0x08000298   Data           0  startup_stm32h743xx.o(RESET)
    __main                                   0x08000299   Thumb Code     0  entry.o(.ARM.Collect$$$$00000000)
    _main_stk                                0x08000299   Thumb Code     0  entry2.o(.ARM.Collect$$$$00000001)
    _main_scatterload                        0x0800029d   Thumb Code     0  entry5.o(.ARM.Collect$$$$00000004)
    __main_after_scatterload                 0x080002a1   Thumb Code     0  entry5.o(.ARM.Collect$$$$00000004)
    _main_clock                              0x080002a1   Thumb Code     0  entry7b.o(.ARM.Collect$$$$00000008)
    _main_cpp_init                           0x080002a1   Thumb Code     0  entry8b.o(.ARM.Collect$$$$0000000A)
    _main_init                               0x080002a1   Thumb Code     0  entry9a.o(.ARM.Collect$$$$0000000B)
    __rt_lib_shutdown_fini                   0x080002a9   Thumb Code     0  entry12b.o(.ARM.Collect$$$$0000000E)
    __rt_final_cpp                           0x080002ad   Thumb Code     0  entry10a.o(.ARM.Collect$$$$0000000F)
    __rt_final_exit                          0x080002ad   Thumb Code     0  entry11a.o(.ARM.Collect$$$$00000011)
    Reset_Handler                            0x080002b1   Thumb Code     8  startup_stm32h743xx.o(.text)
    ADC3_IRQHandler                          0x080002cb   Thumb Code     0  startup_stm32h743xx.o(.text)
    ADC_IRQHandler                           0x080002cb   Thumb Code     0  startup_stm32h743xx.o(.text)
    BDMA_Channel0_IRQHandler                 0x080002cb   Thumb Code     0  startup_stm32h743xx.o(.text)
    BDMA_Channel1_IRQHandler                 0x080002cb   Thumb Code     0  startup_stm32h743xx.o(.text)
    BDMA_Channel2_IRQHandler                 0x080002cb   Thumb Code     0  startup_stm32h743xx.o(.text)
    BDMA_Channel3_IRQHandler                 0x080002cb   Thumb Code     0  startup_stm32h743xx.o(.text)
    BDMA_Channel4_IRQHandler                 0x080002cb   Thumb Code     0  startup_stm32h743xx.o(.text)
    BDMA_Channel5_IRQHandler                 0x080002cb   Thumb Code     0  startup_stm32h743xx.o(.text)
    BDMA_Channel6_IRQHandler                 0x080002cb   Thumb Code     0  startup_stm32h743xx.o(.text)
    BDMA_Channel7_IRQHandler                 0x080002cb   Thumb Code     0  startup_stm32h743xx.o(.text)
    CEC_IRQHandler                           0x080002cb   Thumb Code     0  startup_stm32h743xx.o(.text)
    COMP1_IRQHandler                         0x080002cb   Thumb Code     0  startup_stm32h743xx.o(.text)
    CRS_IRQHandler                           0x080002cb   Thumb Code     0  startup_stm32h743xx.o(.text)
    DCMI_IRQHandler                          0x080002cb   Thumb Code     0  startup_stm32h743xx.o(.text)
    DFSDM1_FLT0_IRQHandler                   0x080002cb   Thumb Code     0  startup_stm32h743xx.o(.text)
    DFSDM1_FLT1_IRQHandler                   0x080002cb   Thumb Code     0  startup_stm32h743xx.o(.text)
    DFSDM1_FLT2_IRQHandler                   0x080002cb   Thumb Code     0  startup_stm32h743xx.o(.text)
    DFSDM1_FLT3_IRQHandler                   0x080002cb   Thumb Code     0  startup_stm32h743xx.o(.text)
    DMA1_Stream0_IRQHandler                  0x080002cb   Thumb Code     0  startup_stm32h743xx.o(.text)
    DMA1_Stream1_IRQHandler                  0x080002cb   Thumb Code     0  startup_stm32h743xx.o(.text)
    DMA1_Stream2_IRQHandler                  0x080002cb   Thumb Code     0  startup_stm32h743xx.o(.text)
    DMA1_Stream3_IRQHandler                  0x080002cb   Thumb Code     0  startup_stm32h743xx.o(.text)
    DMA1_Stream4_IRQHandler                  0x080002cb   Thumb Code     0  startup_stm32h743xx.o(.text)
    DMA1_Stream5_IRQHandler                  0x080002cb   Thumb Code     0  startup_stm32h743xx.o(.text)
    DMA1_Stream6_IRQHandler                  0x080002cb   Thumb Code     0  startup_stm32h743xx.o(.text)
    DMA1_Stream7_IRQHandler                  0x080002cb   Thumb Code     0  startup_stm32h743xx.o(.text)
    DMA2D_IRQHandler                         0x080002cb   Thumb Code     0  startup_stm32h743xx.o(.text)
    DMA2_Stream0_IRQHandler                  0x080002cb   Thumb Code     0  startup_stm32h743xx.o(.text)
    DMA2_Stream1_IRQHandler                  0x080002cb   Thumb Code     0  startup_stm32h743xx.o(.text)
    DMA2_Stream2_IRQHandler                  0x080002cb   Thumb Code     0  startup_stm32h743xx.o(.text)
    DMA2_Stream3_IRQHandler                  0x080002cb   Thumb Code     0  startup_stm32h743xx.o(.text)
    DMA2_Stream4_IRQHandler                  0x080002cb   Thumb Code     0  startup_stm32h743xx.o(.text)
    DMA2_Stream5_IRQHandler                  0x080002cb   Thumb Code     0  startup_stm32h743xx.o(.text)
    DMA2_Stream6_IRQHandler                  0x080002cb   Thumb Code     0  startup_stm32h743xx.o(.text)
    DMA2_Stream7_IRQHandler                  0x080002cb   Thumb Code     0  startup_stm32h743xx.o(.text)
    DMAMUX1_OVR_IRQHandler                   0x080002cb   Thumb Code     0  startup_stm32h743xx.o(.text)
    DMAMUX2_OVR_IRQHandler                   0x080002cb   Thumb Code     0  startup_stm32h743xx.o(.text)
    ETH_WKUP_IRQHandler                      0x080002cb   Thumb Code     0  startup_stm32h743xx.o(.text)
    EXTI0_IRQHandler                         0x080002cb   Thumb Code     0  startup_stm32h743xx.o(.text)
    EXTI15_10_IRQHandler                     0x080002cb   Thumb Code     0  startup_stm32h743xx.o(.text)
    EXTI1_IRQHandler                         0x080002cb   Thumb Code     0  startup_stm32h743xx.o(.text)
    EXTI2_IRQHandler                         0x080002cb   Thumb Code     0  startup_stm32h743xx.o(.text)
    EXTI3_IRQHandler                         0x080002cb   Thumb Code     0  startup_stm32h743xx.o(.text)
    EXTI4_IRQHandler                         0x080002cb   Thumb Code     0  startup_stm32h743xx.o(.text)
    EXTI9_5_IRQHandler                       0x080002cb   Thumb Code     0  startup_stm32h743xx.o(.text)
    FDCAN1_IT0_IRQHandler                    0x080002cb   Thumb Code     0  startup_stm32h743xx.o(.text)
    FDCAN1_IT1_IRQHandler                    0x080002cb   Thumb Code     0  startup_stm32h743xx.o(.text)
    FDCAN2_IT0_IRQHandler                    0x080002cb   Thumb Code     0  startup_stm32h743xx.o(.text)
    FDCAN2_IT1_IRQHandler                    0x080002cb   Thumb Code     0  startup_stm32h743xx.o(.text)
    FDCAN_CAL_IRQHandler                     0x080002cb   Thumb Code     0  startup_stm32h743xx.o(.text)
    FLASH_IRQHandler                         0x080002cb   Thumb Code     0  startup_stm32h743xx.o(.text)
    FMC_IRQHandler                           0x080002cb   Thumb Code     0  startup_stm32h743xx.o(.text)
    FPU_IRQHandler                           0x080002cb   Thumb Code     0  startup_stm32h743xx.o(.text)
    HRTIM1_FLT_IRQHandler                    0x080002cb   Thumb Code     0  startup_stm32h743xx.o(.text)
    HRTIM1_Master_IRQHandler                 0x080002cb   Thumb Code     0  startup_stm32h743xx.o(.text)
    HRTIM1_TIMA_IRQHandler                   0x080002cb   Thumb Code     0  startup_stm32h743xx.o(.text)
    HRTIM1_TIMB_IRQHandler                   0x080002cb   Thumb Code     0  startup_stm32h743xx.o(.text)
    HRTIM1_TIMC_IRQHandler                   0x080002cb   Thumb Code     0  startup_stm32h743xx.o(.text)
    HRTIM1_TIMD_IRQHandler                   0x080002cb   Thumb Code     0  startup_stm32h743xx.o(.text)
    HRTIM1_TIME_IRQHandler                   0x080002cb   Thumb Code     0  startup_stm32h743xx.o(.text)
    HSEM1_IRQHandler                         0x080002cb   Thumb Code     0  startup_stm32h743xx.o(.text)
    I2C1_ER_IRQHandler                       0x080002cb   Thumb Code     0  startup_stm32h743xx.o(.text)
    I2C1_EV_IRQHandler                       0x080002cb   Thumb Code     0  startup_stm32h743xx.o(.text)
    I2C2_ER_IRQHandler                       0x080002cb   Thumb Code     0  startup_stm32h743xx.o(.text)
    I2C2_EV_IRQHandler                       0x080002cb   Thumb Code     0  startup_stm32h743xx.o(.text)
    I2C3_ER_IRQHandler                       0x080002cb   Thumb Code     0  startup_stm32h743xx.o(.text)
    I2C3_EV_IRQHandler                       0x080002cb   Thumb Code     0  startup_stm32h743xx.o(.text)
    I2C4_ER_IRQHandler                       0x080002cb   Thumb Code     0  startup_stm32h743xx.o(.text)
    I2C4_EV_IRQHandler                       0x080002cb   Thumb Code     0  startup_stm32h743xx.o(.text)
    JPEG_IRQHandler                          0x080002cb   Thumb Code     0  startup_stm32h743xx.o(.text)
    LPTIM1_IRQHandler                        0x080002cb   Thumb Code     0  startup_stm32h743xx.o(.text)
    LPTIM2_IRQHandler                        0x080002cb   Thumb Code     0  startup_stm32h743xx.o(.text)
    LPTIM3_IRQHandler                        0x080002cb   Thumb Code     0  startup_stm32h743xx.o(.text)
    LPTIM4_IRQHandler                        0x080002cb   Thumb Code     0  startup_stm32h743xx.o(.text)
    LPTIM5_IRQHandler                        0x080002cb   Thumb Code     0  startup_stm32h743xx.o(.text)
    LPUART1_IRQHandler                       0x080002cb   Thumb Code     0  startup_stm32h743xx.o(.text)
    LTDC_ER_IRQHandler                       0x080002cb   Thumb Code     0  startup_stm32h743xx.o(.text)
    LTDC_IRQHandler                          0x080002cb   Thumb Code     0  startup_stm32h743xx.o(.text)
    MDIOS_IRQHandler                         0x080002cb   Thumb Code     0  startup_stm32h743xx.o(.text)
    MDIOS_WKUP_IRQHandler                    0x080002cb   Thumb Code     0  startup_stm32h743xx.o(.text)
    MDMA_IRQHandler                          0x080002cb   Thumb Code     0  startup_stm32h743xx.o(.text)
    OTG_FS_EP1_IN_IRQHandler                 0x080002cb   Thumb Code     0  startup_stm32h743xx.o(.text)
    OTG_FS_EP1_OUT_IRQHandler                0x080002cb   Thumb Code     0  startup_stm32h743xx.o(.text)
    OTG_FS_IRQHandler                        0x080002cb   Thumb Code     0  startup_stm32h743xx.o(.text)
    OTG_FS_WKUP_IRQHandler                   0x080002cb   Thumb Code     0  startup_stm32h743xx.o(.text)
    OTG_HS_EP1_IN_IRQHandler                 0x080002cb   Thumb Code     0  startup_stm32h743xx.o(.text)
    OTG_HS_EP1_OUT_IRQHandler                0x080002cb   Thumb Code     0  startup_stm32h743xx.o(.text)
    OTG_HS_IRQHandler                        0x080002cb   Thumb Code     0  startup_stm32h743xx.o(.text)
    OTG_HS_WKUP_IRQHandler                   0x080002cb   Thumb Code     0  startup_stm32h743xx.o(.text)
    PVD_AVD_IRQHandler                       0x080002cb   Thumb Code     0  startup_stm32h743xx.o(.text)
    QUADSPI_IRQHandler                       0x080002cb   Thumb Code     0  startup_stm32h743xx.o(.text)
    RCC_IRQHandler                           0x080002cb   Thumb Code     0  startup_stm32h743xx.o(.text)
    RNG_IRQHandler                           0x080002cb   Thumb Code     0  startup_stm32h743xx.o(.text)
    RTC_Alarm_IRQHandler                     0x080002cb   Thumb Code     0  startup_stm32h743xx.o(.text)
    RTC_WKUP_IRQHandler                      0x080002cb   Thumb Code     0  startup_stm32h743xx.o(.text)
    SAI1_IRQHandler                          0x080002cb   Thumb Code     0  startup_stm32h743xx.o(.text)
    SAI2_IRQHandler                          0x080002cb   Thumb Code     0  startup_stm32h743xx.o(.text)
    SAI3_IRQHandler                          0x080002cb   Thumb Code     0  startup_stm32h743xx.o(.text)
    SAI4_IRQHandler                          0x080002cb   Thumb Code     0  startup_stm32h743xx.o(.text)
    SDMMC1_IRQHandler                        0x080002cb   Thumb Code     0  startup_stm32h743xx.o(.text)
    SDMMC2_IRQHandler                        0x080002cb   Thumb Code     0  startup_stm32h743xx.o(.text)
    SPDIF_RX_IRQHandler                      0x080002cb   Thumb Code     0  startup_stm32h743xx.o(.text)
    SPI1_IRQHandler                          0x080002cb   Thumb Code     0  startup_stm32h743xx.o(.text)
    SPI2_IRQHandler                          0x080002cb   Thumb Code     0  startup_stm32h743xx.o(.text)
    SPI3_IRQHandler                          0x080002cb   Thumb Code     0  startup_stm32h743xx.o(.text)
    SPI4_IRQHandler                          0x080002cb   Thumb Code     0  startup_stm32h743xx.o(.text)
    SPI5_IRQHandler                          0x080002cb   Thumb Code     0  startup_stm32h743xx.o(.text)
    SPI6_IRQHandler                          0x080002cb   Thumb Code     0  startup_stm32h743xx.o(.text)
    SWPMI1_IRQHandler                        0x080002cb   Thumb Code     0  startup_stm32h743xx.o(.text)
    TAMP_STAMP_IRQHandler                    0x080002cb   Thumb Code     0  startup_stm32h743xx.o(.text)
    TIM15_IRQHandler                         0x080002cb   Thumb Code     0  startup_stm32h743xx.o(.text)
    TIM16_IRQHandler                         0x080002cb   Thumb Code     0  startup_stm32h743xx.o(.text)
    TIM17_IRQHandler                         0x080002cb   Thumb Code     0  startup_stm32h743xx.o(.text)
    TIM1_BRK_IRQHandler                      0x080002cb   Thumb Code     0  startup_stm32h743xx.o(.text)
    TIM1_CC_IRQHandler                       0x080002cb   Thumb Code     0  startup_stm32h743xx.o(.text)
    TIM1_TRG_COM_IRQHandler                  0x080002cb   Thumb Code     0  startup_stm32h743xx.o(.text)
    TIM1_UP_IRQHandler                       0x080002cb   Thumb Code     0  startup_stm32h743xx.o(.text)
    TIM2_IRQHandler                          0x080002cb   Thumb Code     0  startup_stm32h743xx.o(.text)
    TIM3_IRQHandler                          0x080002cb   Thumb Code     0  startup_stm32h743xx.o(.text)
    TIM4_IRQHandler                          0x080002cb   Thumb Code     0  startup_stm32h743xx.o(.text)
    TIM5_IRQHandler                          0x080002cb   Thumb Code     0  startup_stm32h743xx.o(.text)
    TIM6_DAC_IRQHandler                      0x080002cb   Thumb Code     0  startup_stm32h743xx.o(.text)
    TIM7_IRQHandler                          0x080002cb   Thumb Code     0  startup_stm32h743xx.o(.text)
    TIM8_BRK_TIM12_IRQHandler                0x080002cb   Thumb Code     0  startup_stm32h743xx.o(.text)
    TIM8_CC_IRQHandler                       0x080002cb   Thumb Code     0  startup_stm32h743xx.o(.text)
    TIM8_TRG_COM_TIM14_IRQHandler            0x080002cb   Thumb Code     0  startup_stm32h743xx.o(.text)
    TIM8_UP_TIM13_IRQHandler                 0x080002cb   Thumb Code     0  startup_stm32h743xx.o(.text)
    UART4_IRQHandler                         0x080002cb   Thumb Code     0  startup_stm32h743xx.o(.text)
    UART5_IRQHandler                         0x080002cb   Thumb Code     0  startup_stm32h743xx.o(.text)
    UART7_IRQHandler                         0x080002cb   Thumb Code     0  startup_stm32h743xx.o(.text)
    UART8_IRQHandler                         0x080002cb   Thumb Code     0  startup_stm32h743xx.o(.text)
    USART1_IRQHandler                        0x080002cb   Thumb Code     0  startup_stm32h743xx.o(.text)
    USART2_IRQHandler                        0x080002cb   Thumb Code     0  startup_stm32h743xx.o(.text)
    USART3_IRQHandler                        0x080002cb   Thumb Code     0  startup_stm32h743xx.o(.text)
    USART6_IRQHandler                        0x080002cb   Thumb Code     0  startup_stm32h743xx.o(.text)
    WAKEUP_PIN_IRQHandler                    0x080002cb   Thumb Code     0  startup_stm32h743xx.o(.text)
    WWDG_IRQHandler                          0x080002cb   Thumb Code     0  startup_stm32h743xx.o(.text)
    __aeabi_uldivmod                         0x080002d5   Thumb Code    98  uldiv.o(.text)
    rand                                     0x08000339   Thumb Code    20  rand.o(.text)
    srand                                    0x0800034d   Thumb Code     6  rand.o(.text)
    __aeabi_memcpy                           0x0800035d   Thumb Code    36  memcpya.o(.text)
    __aeabi_memcpy4                          0x0800035d   Thumb Code     0  memcpya.o(.text)
    __aeabi_memcpy8                          0x0800035d   Thumb Code     0  memcpya.o(.text)
    __aeabi_memset                           0x08000381   Thumb Code    14  memseta.o(.text)
    __aeabi_memset4                          0x08000381   Thumb Code     0  memseta.o(.text)
    __aeabi_memset8                          0x08000381   Thumb Code     0  memseta.o(.text)
    __aeabi_memclr                           0x0800038f   Thumb Code     4  memseta.o(.text)
    __aeabi_memclr4                          0x0800038f   Thumb Code     0  memseta.o(.text)
    __aeabi_memclr8                          0x0800038f   Thumb Code     0  memseta.o(.text)
    _memset$wrapper                          0x08000393   Thumb Code    18  memseta.o(.text)
    memcmp                                   0x080003a5   Thumb Code    26  memcmp.o(.text)
    __aeabi_uidiv                            0x080003bf   Thumb Code     0  uidiv.o(.text)
    __aeabi_uidivmod                         0x080003bf   Thumb Code    44  uidiv.o(.text)
    __aeabi_llsl                             0x080003eb   Thumb Code    30  llshl.o(.text)
    _ll_shift_l                              0x080003eb   Thumb Code     0  llshl.o(.text)
    __aeabi_llsr                             0x08000409   Thumb Code    32  llushr.o(.text)
    _ll_ushift_r                             0x08000409   Thumb Code     0  llushr.o(.text)
    __scatterload                            0x08000429   Thumb Code    28  init.o(.text)
    __scatterload_rt2                        0x08000429   Thumb Code     0  init.o(.text)
    BusFault_Handler                         0x0800044d   Thumb Code     2  stm32h7xx_it.o(i.BusFault_Handler)
    DEBUG_USART_Config                       0x08000451   Thumb Code   152  bsp_debug_usart.o(i.DEBUG_USART_Config)
    DebugMon_Handler                         0x080004f9   Thumb Code     2  stm32h7xx_it.o(i.DebugMon_Handler)
    ETH_IRQHandler                           0x0800065d   Thumb Code     6  lan8720a.o(i.ETH_IRQHandler)
    HAL_Delay                                0x08000c4d   Thumb Code    32  stm32h7xx_hal.o(i.HAL_Delay)
    HAL_ETH_BuildRxDescriptors               0x08000c71   Thumb Code   118  stm32h7xx_hal_eth.o(i.HAL_ETH_BuildRxDescriptors)
    HAL_ETH_DMAErrorCallback                 0x08000ce7   Thumb Code     2  stm32h7xx_hal_eth.o(i.HAL_ETH_DMAErrorCallback)
    HAL_ETH_DescAssignMemory                 0x08000ce9   Thumb Code    60  stm32h7xx_hal_eth.o(i.HAL_ETH_DescAssignMemory)
    HAL_ETH_EEECallback                      0x08000d25   Thumb Code     2  stm32h7xx_hal_eth.o(i.HAL_ETH_EEECallback)
    HAL_ETH_GetMACConfig                     0x08000d27   Thumb Code   460  stm32h7xx_hal_eth.o(i.HAL_ETH_GetMACConfig)
    HAL_ETH_GetRxDataBuffer                  0x08000ef3   Thumb Code   164  stm32h7xx_hal_eth.o(i.HAL_ETH_GetRxDataBuffer)
    HAL_ETH_GetRxDataLength                  0x08000f97   Thumb Code    52  stm32h7xx_hal_eth.o(i.HAL_ETH_GetRxDataLength)
    HAL_ETH_IRQHandler                       0x08000fcb   Thumb Code   330  stm32h7xx_hal_eth.o(i.HAL_ETH_IRQHandler)
    HAL_ETH_Init                             0x08001115   Thumb Code   490  stm32h7xx_hal_eth.o(i.HAL_ETH_Init)
    HAL_ETH_IsRxDataAvailable                0x08001329   Thumb Code   200  stm32h7xx_hal_eth.o(i.HAL_ETH_IsRxDataAvailable)
    HAL_ETH_MACErrorCallback                 0x080013f1   Thumb Code     2  stm32h7xx_hal_eth.o(i.HAL_ETH_MACErrorCallback)
    HAL_ETH_MspInit                          0x080013f5   Thumb Code   120  lan8720a.o(i.HAL_ETH_MspInit)
    HAL_ETH_PMTCallback                      0x08001475   Thumb Code     2  stm32h7xx_hal_eth.o(i.HAL_ETH_PMTCallback)
    HAL_ETH_ReadPHYRegister                  0x08001477   Thumb Code    98  stm32h7xx_hal_eth.o(i.HAL_ETH_ReadPHYRegister)
    HAL_ETH_RxCpltCallback                   0x080014d9   Thumb Code     8  lan8720a.o(i.HAL_ETH_RxCpltCallback)
    HAL_ETH_SetMACConfig                     0x080014e5   Thumb Code    24  stm32h7xx_hal_eth.o(i.HAL_ETH_SetMACConfig)
    HAL_ETH_Start_IT                         0x080014fd   Thumb Code   182  stm32h7xx_hal_eth.o(i.HAL_ETH_Start_IT)
    HAL_ETH_Stop_IT                          0x080015b3   Thumb Code   148  stm32h7xx_hal_eth.o(i.HAL_ETH_Stop_IT)
    HAL_ETH_Transmit                         0x08001647   Thumb Code   184  stm32h7xx_hal_eth.o(i.HAL_ETH_Transmit)
    HAL_ETH_TxCpltCallback                   0x080016ff   Thumb Code     2  lan8720a.o(i.HAL_ETH_TxCpltCallback)
    HAL_ETH_WakeUpCallback                   0x08001701   Thumb Code     2  stm32h7xx_hal_eth.o(i.HAL_ETH_WakeUpCallback)
    HAL_ETH_WritePHYRegister                 0x08001705   Thumb Code    94  stm32h7xx_hal_eth.o(i.HAL_ETH_WritePHYRegister)
    HAL_GPIO_Init                            0x08001769   Thumb Code   438  stm32h7xx_hal_gpio.o(i.HAL_GPIO_Init)
    HAL_GPIO_WritePin                        0x08001951   Thumb Code    10  stm32h7xx_hal_gpio.o(i.HAL_GPIO_WritePin)
    HAL_GetTick                              0x0800195d   Thumb Code    18  core_delay.o(i.HAL_GetTick)
    HAL_IncTick                              0x08001979   Thumb Code    12  stm32h7xx_hal.o(i.HAL_IncTick)
    HAL_InitTick                             0x08001989   Thumb Code    28  core_delay.o(i.HAL_InitTick)
    HAL_MPU_ConfigRegion                     0x080019ad   Thumb Code    80  stm32h7xx_hal_cortex.o(i.HAL_MPU_ConfigRegion)
    HAL_NVIC_EnableIRQ                       0x08001a01   Thumb Code    26  stm32h7xx_hal_cortex.o(i.HAL_NVIC_EnableIRQ)
    HAL_NVIC_SetPriority                     0x08001a1d   Thumb Code    60  stm32h7xx_hal_cortex.o(i.HAL_NVIC_SetPriority)
    HAL_RCCEx_GetD1SysClockFreq              0x08001a5d   Thumb Code    40  stm32h7xx_hal_rcc_ex.o(i.HAL_RCCEx_GetD1SysClockFreq)
    HAL_RCCEx_GetD3PCLK1Freq                 0x08001a91   Thumb Code    34  stm32h7xx_hal_rcc_ex.o(i.HAL_RCCEx_GetD3PCLK1Freq)
    HAL_RCCEx_GetPLL2ClockFreq               0x08001abd   Thumb Code   220  stm32h7xx_hal_rcc_ex.o(i.HAL_RCCEx_GetPLL2ClockFreq)
    HAL_RCCEx_GetPLL3ClockFreq               0x08001bb9   Thumb Code   220  stm32h7xx_hal_rcc_ex.o(i.HAL_RCCEx_GetPLL3ClockFreq)
    HAL_RCCEx_PeriphCLKConfig                0x08001cb5   Thumb Code  2440  stm32h7xx_hal_rcc_ex.o(i.HAL_RCCEx_PeriphCLKConfig)
    HAL_RCC_ClockConfig                      0x08002641   Thumb Code   450  stm32h7xx_hal_rcc.o(i.HAL_RCC_ClockConfig)
    HAL_RCC_GetHCLKFreq                      0x08002819   Thumb Code    38  stm32h7xx_hal_rcc.o(i.HAL_RCC_GetHCLKFreq)
    HAL_RCC_GetPCLK1Freq                     0x0800284d   Thumb Code    34  stm32h7xx_hal_rcc.o(i.HAL_RCC_GetPCLK1Freq)
    HAL_RCC_GetPCLK2Freq                     0x08002879   Thumb Code    36  stm32h7xx_hal_rcc.o(i.HAL_RCC_GetPCLK2Freq)
    HAL_RCC_GetSysClockFreq                  0x080028a5   Thumb Code   214  stm32h7xx_hal_rcc.o(i.HAL_RCC_GetSysClockFreq)
    HAL_RCC_MCOConfig                        0x0800299d   Thumb Code   126  stm32h7xx_hal_rcc.o(i.HAL_RCC_MCOConfig)
    HAL_RCC_OscConfig                        0x08002a29   Thumb Code  1176  stm32h7xx_hal_rcc.o(i.HAL_RCC_OscConfig)
    HAL_SYSCFG_ETHInterfaceSelect            0x08002ec1   Thumb Code    14  stm32h7xx_hal.o(i.HAL_SYSCFG_ETHInterfaceSelect)
    HAL_SYSTICK_Callback                     0x08002ed5   Thumb Code     2  stm32h7xx_hal_cortex.o(i.HAL_SYSTICK_Callback)
    HAL_SYSTICK_IRQHandler                   0x08002ed7   Thumb Code     8  stm32h7xx_hal_cortex.o(i.HAL_SYSTICK_IRQHandler)
    HAL_UART_Init                            0x08002edf   Thumb Code   106  stm32h7xx_hal_uart.o(i.HAL_UART_Init)
    HAL_UART_MspInit                         0x08002f49   Thumb Code     2  stm32h7xx_hal_uart.o(i.HAL_UART_MspInit)
    HAL_UART_Transmit                        0x08002f4b   Thumb Code   178  stm32h7xx_hal_uart.o(i.HAL_UART_Transmit)
    HardFault_Handler                        0x08002ffd   Thumb Code     2  stm32h7xx_it.o(i.HardFault_Handler)
    LAN8720_GetLinkState                     0x08002fff   Thumb Code    24  lan8720a.o(i.LAN8720_GetLinkState)
    LAN8720_Init                             0x08003017   Thumb Code    96  lan8720a.o(i.LAN8720_Init)
    LED_GPIO_Config                          0x08003079   Thumb Code    54  bsp_led.o(i.LED_GPIO_Config)
    MemManage_Handler                        0x08003161   Thumb Code     2  stm32h7xx_it.o(i.MemManage_Handler)
    NMI_Handler                              0x08003163   Thumb Code     2  stm32h7xx_it.o(i.NMI_Handler)
    Netif_Config                             0x08003165   Thumb Code    72  app_ethernet.o(i.Netif_Config)
    PendSV_Handler                           0x080031c1   Thumb Code     2  stm32h7xx_it.o(i.PendSV_Handler)
    SVC_Handler                              0x08003379   Thumb Code     2  stm32h7xx_it.o(i.SVC_Handler)
    SysTick_Handler                          0x0800337b   Thumb Code    14  stm32h7xx_it.o(i.SysTick_Handler)
    SystemInit                               0x08003415   Thumb Code   116  system_stm32h7xx.o(i.SystemInit)
    TCP_Client_Init                          0x08003499   Thumb Code    44  tcpclient.o(i.TCP_Client_Init)
    UART_AdvFeatureConfig                    0x080034ed   Thumb Code   200  stm32h7xx_hal_uart.o(i.UART_AdvFeatureConfig)
    UART_CheckIdleState                      0x080035b5   Thumb Code    92  stm32h7xx_hal_uart.o(i.UART_CheckIdleState)
    UART_SetConfig                           0x08003611   Thumb Code  1186  stm32h7xx_hal_uart.o(i.UART_SetConfig)
    UART_WaitOnFlagUntilTimeout              0x08003ab9   Thumb Code    98  stm32h7xx_hal_uart.o(i.UART_WaitOnFlagUntilTimeout)
    UsageFault_Handler                       0x08003b1b   Thumb Code     2  stm32h7xx_it.o(i.UsageFault_Handler)
    User_notification                        0x08003b1d   Thumb Code    80  app_ethernet.o(i.User_notification)
    __0printf$1                              0x08003be1   Thumb Code    22  printf1.o(i.__0printf$1)
    __1printf$1                              0x08003be1   Thumb Code     0  printf1.o(i.__0printf$1)
    __2printf                                0x08003be1   Thumb Code     0  printf1.o(i.__0printf$1)
    __scatterload_copy                       0x08003c21   Thumb Code    14  handlers.o(i.__scatterload_copy)
    __scatterload_null                       0x08003c2f   Thumb Code     2  handlers.o(i.__scatterload_null)
    __scatterload_zeroinit                   0x08003c31   Thumb Code    14  handlers.o(i.__scatterload_zeroinit)
    dhcp_arp_reply                           0x08003efd   Thumb Code    30  dhcp.o(i.dhcp_arp_reply)
    dhcp_coarse_tmr                          0x0800402d   Thumb Code   168  dhcp.o(i.dhcp_coarse_tmr)
    dhcp_fine_tmr                            0x08004379   Thumb Code    46  dhcp.o(i.dhcp_fine_tmr)
    dhcp_network_changed                     0x080043ad   Thumb Code    48  dhcp.o(i.dhcp_network_changed)
    dhcp_release                             0x08004629   Thumb Code   160  dhcp.o(i.dhcp_release)
    dhcp_renew                               0x080046d1   Thumb Code   178  dhcp.o(i.dhcp_renew)
    dhcp_supplied_address                    0x08004891   Thumb Code    28  dhcp.o(i.dhcp_supplied_address)
    etharp_cleanup_netif                     0x0800492d   Thumb Code    42  etharp.o(i.etharp_cleanup_netif)
    etharp_input                             0x08004a71   Thumb Code   152  etharp.o(i.etharp_input)
    etharp_output                            0x08004b09   Thumb Code   224  etharp.o(i.etharp_output)
    etharp_query                             0x08004c55   Thumb Code   236  etharp.o(i.etharp_query)
    etharp_request                           0x08004dd1   Thumb Code     6  etharp.o(i.etharp_request)
    etharp_tmr                               0x08004dfd   Thumb Code    90  etharp.o(i.etharp_tmr)
    ethernet_input                           0x08004edd   Thumb Code   154  ethernet.o(i.ethernet_input)
    ethernet_link_check_state                0x08004f7d   Thumb Code   130  ethernetif.o(i.ethernet_link_check_state)
    ethernet_output                          0x08005005   Thumb Code    74  ethernet.o(i.ethernet_output)
    ethernetif_init                          0x08005051   Thumb Code    50  ethernetif.o(i.ethernetif_init)
    ethernetif_input                         0x0800508d   Thumb Code   114  ethernetif.o(i.ethernetif_input)
    fputc                                    0x08005111   Thumb Code    20  bsp_debug_usart.o(i.fputc)
    icmp_dest_unreach                        0x08005129   Thumb Code     8  icmp.o(i.icmp_dest_unreach)
    icmp_input                               0x08005131   Thumb Code   248  icmp.o(i.icmp_input)
    icmp_time_exceeded                       0x08005299   Thumb Code     8  icmp.o(i.icmp_time_exceeded)
    inet_chksum_pbuf                         0x080052a1   Thumb Code    72  inet_chksum.o(i.inet_chksum_pbuf)
    ip4_addr_isbroadcast_u32                 0x080052e9   Thumb Code    46  ip4_addr.o(i.ip4_addr_isbroadcast_u32)
    ip4_frag                                 0x08005319   Thumb Code   350  ip4_frag.o(i.ip4_frag)
    ip4_input                                0x0800547d   Thumb Code   440  ip4.o(i.ip4_input)
    ip4_output_if                            0x0800563d   Thumb Code    30  ip4.o(i.ip4_output_if)
    ip4_output_if_src                        0x0800565d   Thumb Code   160  ip4.o(i.ip4_output_if_src)
    ip4_reass                                0x08005705   Thumb Code   450  ip4_frag.o(i.ip4_reass)
    ip4_route                                0x080058cd   Thumb Code    82  ip4.o(i.ip4_route)
    ip_reass_tmr                             0x08005b4d   Thumb Code    40  ip4_frag.o(i.ip_reass_tmr)
    lwip_htonl                               0x08005ced   Thumb Code     4  def.o(i.lwip_htonl)
    lwip_htons                               0x08005cf1   Thumb Code     4  def.o(i.lwip_htons)
    lwip_init                                0x08005cf5   Thumb Code    30  init.o(i.lwip_init)
    lwip_standard_chksum                     0x08005d13   Thumb Code    86  inet_chksum.o(i.lwip_standard_chksum)
    main                                     0x08005d69   Thumb Code   260  main.o(i.main)
    mcoinit                                  0x08005f75   Thumb Code    64  lan8720a.o(i.mcoinit)
    mem_free                                 0x08005fbd   Thumb Code    40  mem.o(i.mem_free)
    mem_init                                 0x08005fe9   Thumb Code    36  mem.o(i.mem_init)
    mem_malloc                               0x08006019   Thumb Code   162  mem.o(i.mem_malloc)
    mem_trim                                 0x080060c1   Thumb Code   204  mem.o(i.mem_trim)
    memp_free                                0x08006191   Thumb Code    20  memp.o(i.memp_free)
    memp_free_pool                           0x080061a9   Thumb Code    14  memp.o(i.memp_free_pool)
    memp_init                                0x080061b9   Thumb Code    24  memp.o(i.memp_init)
    memp_init_pool                           0x080061d5   Thumb Code    42  memp.o(i.memp_init_pool)
    memp_malloc                              0x08006201   Thumb Code    18  memp.o(i.memp_malloc)
    memp_malloc_pool                         0x08006219   Thumb Code    10  memp.o(i.memp_malloc_pool)
    netif_add                                0x08006225   Thumb Code    80  netif.o(i.netif_add)
    netif_init                               0x08006279   Thumb Code     2  netif.o(i.netif_init)
    netif_set_addr                           0x08006295   Thumb Code    72  netif.o(i.netif_set_addr)
    netif_set_default                        0x080062dd   Thumb Code     6  netif.o(i.netif_set_default)
    netif_set_down                           0x080062e9   Thumb Code    26  netif.o(i.netif_set_down)
    netif_set_gw                             0x08006303   Thumb Code     8  netif.o(i.netif_set_gw)
    netif_set_ipaddr                         0x0800630d   Thumb Code    60  netif.o(i.netif_set_ipaddr)
    netif_set_link_down                      0x0800634d   Thumb Code    26  netif.o(i.netif_set_link_down)
    netif_set_link_up                        0x08006367   Thumb Code    58  netif.o(i.netif_set_link_up)
    netif_set_netmask                        0x080063a1   Thumb Code     8  netif.o(i.netif_set_netmask)
    netif_set_up                             0x080063a9   Thumb Code    28  netif.o(i.netif_set_up)
    pbuf_alloc                               0x080063c5   Thumb Code   278  pbuf.o(i.pbuf_alloc)
    pbuf_alloced_custom                      0x080064db   Thumb Code    82  pbuf.o(i.pbuf_alloced_custom)
    pbuf_cat                                 0x0800652d   Thumb Code    40  pbuf.o(i.pbuf_cat)
    pbuf_chain                               0x08006555   Thumb Code    18  pbuf.o(i.pbuf_chain)
    pbuf_clen                                0x08006567   Thumb Code    18  pbuf.o(i.pbuf_clen)
    pbuf_copy                                0x08006579   Thumb Code   154  pbuf.o(i.pbuf_copy)
    pbuf_copy_partial                        0x08006613   Thumb Code   104  pbuf.o(i.pbuf_copy_partial)
    pbuf_free                                0x0800667b   Thumb Code    80  pbuf.o(i.pbuf_free)
    pbuf_free_custom                         0x080066cd   Thumb Code    24  ethernetif.o(i.pbuf_free_custom)
    pbuf_header                              0x080066e9   Thumb Code     6  pbuf.o(i.pbuf_header)
    pbuf_header_force                        0x080066ef   Thumb Code     6  pbuf.o(i.pbuf_header_force)
    pbuf_realloc                             0x08006759   Thumb Code    84  pbuf.o(i.pbuf_realloc)
    pbuf_ref                                 0x080067ad   Thumb Code    12  pbuf.o(i.pbuf_ref)
    sys_check_timeouts                       0x0800680d   Thumb Code    68  timeouts.o(i.sys_check_timeouts)
    sys_now                                  0x08006855   Thumb Code     4  ethernetif.o(i.sys_now)
    sys_timeout                              0x08006859   Thumb Code   138  timeouts.o(i.sys_timeout)
    sys_timeouts_init                        0x080068e9   Thumb Code    36  timeouts.o(i.sys_timeouts_init)
    tcp_abandon                              0x08006919   Thumb Code   200  tcp.o(i.tcp_abandon)
    tcp_abort                                0x080069e5   Thumb Code     6  tcp.o(i.tcp_abort)
    tcp_alloc                                0x080069ed   Thumb Code   240  tcp.o(i.tcp_alloc)
    tcp_close                                0x08006ae9   Thumb Code    20  tcp.o(i.tcp_close)
    tcp_connect                              0x08006c6d   Thumb Code   236  tcp.o(i.tcp_connect)
    tcp_eff_send_mss_impl                    0x08006df5   Thumb Code    34  tcp.o(i.tcp_eff_send_mss_impl)
    tcp_enqueue_flags                        0x08006e17   Thumb Code   146  tcp_out.o(i.tcp_enqueue_flags)
    tcp_err                                  0x08006ea9   Thumb Code    10  tcp.o(i.tcp_err)
    tcp_fasttmr                              0x08006eb5   Thumb Code   102  tcp.o(i.tcp_fasttmr)
    tcp_init                                 0x08006f51   Thumb Code     2  tcp.o(i.tcp_init)
    tcp_input                                0x08006f55   Thumb Code   822  tcp_in.o(i.tcp_input)
    tcp_keepalive                            0x080072e5   Thumb Code    82  tcp_out.o(i.tcp_keepalive)
    tcp_netif_ip_addr_changed                0x08007469   Thumb Code    72  tcp.o(i.tcp_netif_ip_addr_changed)
    tcp_new                                  0x080074d7   Thumb Code     6  tcp.o(i.tcp_new)
    tcp_next_iss                             0x08007539   Thumb Code    12  tcp.o(i.tcp_next_iss)
    tcp_output                               0x08007549   Thumb Code   506  tcp_out.o(i.tcp_output)
    tcp_pcb_purge                            0x0800791f   Thumb Code    58  tcp.o(i.tcp_pcb_purge)
    tcp_pcb_remove                           0x08007959   Thumb Code    80  tcp.o(i.tcp_pcb_remove)
    tcp_poll                                 0x080079a9   Thumb Code     8  tcp.o(i.tcp_poll)
    tcp_process_refused_data                 0x08007d25   Thumb Code   106  tcp.o(i.tcp_process_refused_data)
    tcp_recv                                 0x08008161   Thumb Code     8  tcp.o(i.tcp_recv)
    tcp_recv_null                            0x08008169   Thumb Code    36  tcp.o(i.tcp_recv_null)
    tcp_recved                               0x0800818d   Thumb Code    68  tcp.o(i.tcp_recved)
    tcp_rexmit                               0x080081d1   Thumb Code    86  tcp_out.o(i.tcp_rexmit)
    tcp_rexmit_fast                          0x08008227   Thumb Code    88  tcp_out.o(i.tcp_rexmit_fast)
    tcp_rexmit_rto                           0x0800827f   Thumb Code    50  tcp_out.o(i.tcp_rexmit_rto)
    tcp_rst                                  0x080082b1   Thumb Code   128  tcp_out.o(i.tcp_rst)
    tcp_seg_free                             0x08008331   Thumb Code    28  tcp.o(i.tcp_seg_free)
    tcp_segs_free                            0x0800834d   Thumb Code    18  tcp.o(i.tcp_segs_free)
    tcp_send_empty_ack                       0x0800835f   Thumb Code   106  tcp_out.o(i.tcp_send_empty_ack)
    tcp_send_fin                             0x080083c9   Thumb Code    70  tcp_out.o(i.tcp_send_fin)
    tcp_slowtmr                              0x08008411   Thumb Code   592  tcp.o(i.tcp_slowtmr)
    tcp_timer_needed                         0x08008671   Thumb Code    36  timeouts.o(i.tcp_timer_needed)
    tcp_tmr                                  0x0800870d   Thumb Code    28  tcp.o(i.tcp_tmr)
    tcp_trigger_input_pcb_close              0x0800872d   Thumb Code    12  tcp_in.o(i.tcp_trigger_input_pcb_close)
    tcp_update_rcv_ann_wnd                   0x0800873d   Thumb Code    52  tcp.o(i.tcp_update_rcv_ann_wnd)
    tcp_write                                0x08008771   Thumb Code   826  tcp_out.o(i.tcp_write)
    tcp_zero_window_probe                    0x08008aab   Thumb Code   188  tcp_out.o(i.tcp_zero_window_probe)
    udp_bind                                 0x08008ba1   Thumb Code   168  udp.o(i.udp_bind)
    udp_init                                 0x08008c51   Thumb Code     2  udp.o(i.udp_init)
    udp_input                                0x08008c55   Thumb Code   268  udp.o(i.udp_input)
    udp_netif_ip_addr_changed                0x08008d69   Thumb Code    48  udp.o(i.udp_netif_ip_addr_changed)
    udp_sendto_if                            0x08008d9d   Thumb Code    54  udp.o(i.udp_sendto_if)
    udp_sendto_if_src                        0x08008dd3   Thumb Code   166  udp.o(i.udp_sendto_if_src)
    D1CorePrescTable                         0x08008e78   Data          16  system_stm32h7xx.o(.constdata)
    memp_RX_POOL                             0x08008ea0   Data          12  ethernetif.o(.constdata)
    ethbroadcast                             0x08008eac   Data           6  ethernet.o(.constdata)
    ethzero                                  0x08008eb2   Data           6  ethernet.o(.constdata)
    memp_UDP_PCB                             0x08008eb8   Data          12  memp.o(.constdata)
    memp_TCP_PCB                             0x08008ec4   Data          12  memp.o(.constdata)
    memp_TCP_PCB_LISTEN                      0x08008ed0   Data          12  memp.o(.constdata)
    memp_TCP_SEG                             0x08008edc   Data          12  memp.o(.constdata)
    memp_REASSDATA                           0x08008ee8   Data          12  memp.o(.constdata)
    memp_FRAG_PBUF                           0x08008ef4   Data          12  memp.o(.constdata)
    memp_SYS_TIMEOUT                         0x08008f00   Data          12  memp.o(.constdata)
    memp_PBUF                                0x08008f0c   Data          12  memp.o(.constdata)
    memp_PBUF_POOL                           0x08008f18   Data          12  memp.o(.constdata)
    memp_pools                               0x08008f24   Data          36  memp.o(.constdata)
    tcp_pcb_lists                            0x08008f8c   Data          16  tcp.o(.constdata)
    lwip_cyclic_timers                       0x08008f9c   Data          40  timeouts.o(.constdata)
    ip_addr_any                              0x08008fc4   Data           4  ip4_addr.o(.constdata)
    ip_addr_broadcast                        0x08008fc8   Data           4  ip4_addr.o(.constdata)
    Region$$Table$$Base                      0x0800917c   Number         0  anon$$obj.o(Region$$Table)
    Region$$Table$$Limit                     0x0800919c   Number         0  anon$$obj.o(Region$$Table)
    SystemCoreClock                          0x24000000   Data           4  system_stm32h7xx.o(.data)
    SystemD2Clock                            0x24000004   Data           4  system_stm32h7xx.o(.data)
    flag                                     0x24000014   Data           4  main.o(.data)
    netif_list                               0x24000054   Data           4  netif.o(.data)
    netif_default                            0x24000058   Data           4  netif.o(.data)
    tcp_active_pcbs_changed                  0x2400005c   Data           1  tcp.o(.data)
    tcp_ticks                                0x24000068   Data           4  tcp.o(.data)
    tcp_bound_pcbs                           0x2400006c   Data           4  tcp.o(.data)
    tcp_listen_pcbs                          0x24000070   Data           4  tcp.o(.data)
    tcp_active_pcbs                          0x24000074   Data           4  tcp.o(.data)
    tcp_tw_pcbs                              0x24000078   Data           4  tcp.o(.data)
    tcp_input_pcb                            0x2400009c   Data           4  tcp_in.o(.data)
    udp_pcbs                                 0x240000b0   Data           4  udp.o(.data)
    dhcp_rx_options_given                    0x240000c0   Data           8  dhcp.o(.data)
    __stdout                                 0x240000d8   Data           4  stdout.o(.data)
    gnetif                                   0x240000dc   Data          56  app_ethernet.o(.bss)
    EthHandle                                0x24000114   Data         104  ethernetif.o(.bss)
    TxConfig                                 0x2400017c   Data          52  ethernetif.o(.bss)
    MACConfig                                0x240001b0   Data         100  ethernetif.o(.bss)
    memp_memory_RX_POOL_base                 0x24000214   Data         403  ethernetif.o(.bss)
    UartHandle                               0x240003a8   Data         128  bsp_debug_usart.o(.bss)
    ip_data                                  0x24000428   Data          24  ip.o(.bss)
    memp_memory_UDP_PCB_base                 0x24000440   Data         195  memp.o(.bss)
    memp_memory_TCP_PCB_base                 0x24000503   Data        1483  memp.o(.bss)
    memp_memory_TCP_PCB_LISTEN_base          0x24000ace   Data         171  memp.o(.bss)
    memp_memory_TCP_SEG_base                 0x24000b79   Data         131  memp.o(.bss)
    memp_memory_REASSDATA_base               0x24000bfc   Data         163  memp.o(.bss)
    memp_memory_FRAG_PBUF_base               0x24000c9f   Data         363  memp.o(.bss)
    memp_memory_SYS_TIMEOUT_base             0x24000e0a   Data         163  memp.o(.bss)
    memp_memory_PBUF_base                    0x24000ead   Data         163  memp.o(.bss)
    memp_memory_PBUF_POOL_base               0x24000f50   Data        6179  memp.o(.bss)
    __initial_sp                             0x24002c78   Data           0  startup_stm32h743xx.o(STACK)
    DMARxDscrTab                             0x30040000   Data          96  ethernetif.o(.ARM.__AT_0x30040000)
    DMATxDscrTab                             0x30040060   Data          96  ethernetif.o(.ARM.__AT_0x30040060)
    Rx_Buff                                  0x30040200   Data        6144  ethernetif.o(.ARM.__AT_0x30040200)



==============================================================================

Memory Map of the image

  Image Entry point : 0x08000299

  Load Region LR_IROM1 (Base: 0x08000000, Size: 0x00009278, Max: 0x00020000, ABSOLUTE)

    Execution Region ER_IROM1 (Exec base: 0x08000000, Load base: 0x08000000, Size: 0x0000919c, Max: 0x00020000, ABSOLUTE)

    Exec Addr    Load Addr    Size         Type   Attr      Idx    E Section Name        Object

    0x08000000   0x08000000   0x00000298   Data   RO            3    RESET               startup_stm32h743xx.o
    0x08000298   0x08000298   0x00000000   Code   RO         7070  * .ARM.Collect$$$$00000000  mc_w.l(entry.o)
    0x08000298   0x08000298   0x00000004   Code   RO         7351    .ARM.Collect$$$$00000001  mc_w.l(entry2.o)
    0x0800029c   0x0800029c   0x00000004   Code   RO         7354    .ARM.Collect$$$$00000004  mc_w.l(entry5.o)
    0x080002a0   0x080002a0   0x00000000   Code   RO         7356    .ARM.Collect$$$$00000008  mc_w.l(entry7b.o)
    0x080002a0   0x080002a0   0x00000000   Code   RO         7358    .ARM.Collect$$$$0000000A  mc_w.l(entry8b.o)
    0x080002a0   0x080002a0   0x00000008   Code   RO         7359    .ARM.Collect$$$$0000000B  mc_w.l(entry9a.o)
    0x080002a8   0x080002a8   0x00000004   Code   RO         7366    .ARM.Collect$$$$0000000E  mc_w.l(entry12b.o)
    0x080002ac   0x080002ac   0x00000000   Code   RO         7361    .ARM.Collect$$$$0000000F  mc_w.l(entry10a.o)
    0x080002ac   0x080002ac   0x00000000   Code   RO         7363    .ARM.Collect$$$$00000011  mc_w.l(entry11a.o)
    0x080002ac   0x080002ac   0x00000004   Code   RO         7352    .ARM.Collect$$$$00002712  mc_w.l(entry2.o)
    0x080002b0   0x080002b0   0x00000024   Code   RO            4    .text               startup_stm32h743xx.o
    0x080002d4   0x080002d4   0x00000062   Code   RO         7073    .text               mc_w.l(uldiv.o)
    0x08000336   0x08000336   0x00000002   PAD
    0x08000338   0x08000338   0x00000024   Code   RO         7075    .text               mc_w.l(rand.o)
    0x0800035c   0x0800035c   0x00000024   Code   RO         7078    .text               mc_w.l(memcpya.o)
    0x08000380   0x08000380   0x00000024   Code   RO         7080    .text               mc_w.l(memseta.o)
    0x080003a4   0x080003a4   0x0000001a   Code   RO         7084    .text               mc_w.l(memcmp.o)
    0x080003be   0x080003be   0x0000002c   Code   RO         7368    .text               mc_w.l(uidiv.o)
    0x080003ea   0x080003ea   0x0000001e   Code   RO         7370    .text               mc_w.l(llshl.o)
    0x08000408   0x08000408   0x00000020   Code   RO         7372    .text               mc_w.l(llushr.o)
    0x08000428   0x08000428   0x00000024   Code   RO         7385    .text               mc_w.l(init.o)
    0x0800044c   0x0800044c   0x00000002   Code   RO         4687    i.BusFault_Handler  stm32h7xx_it.o
    0x0800044e   0x0800044e   0x00000002   PAD
    0x08000450   0x08000450   0x000000a8   Code   RO         5091    i.DEBUG_USART_Config  bsp_debug_usart.o
    0x080004f8   0x080004f8   0x00000002   Code   RO         4688    i.DebugMon_Handler  stm32h7xx_it.o
    0x080004fa   0x080004fa   0x00000002   PAD
    0x080004fc   0x080004fc   0x00000160   Code   RO         5140    i.ETH_GPIO_Config   lan8720a.o
    0x0800065c   0x0800065c   0x0000000c   Code   RO         5141    i.ETH_IRQHandler    lan8720a.o
    0x08000668   0x08000668   0x000000d8   Code   RO         1021    i.ETH_MACDMAConfig  stm32h7xx_hal_eth.o
    0x08000740   0x08000740   0x000002c8   Code   RO         1022    i.ETH_Prepare_Tx_Descriptors  stm32h7xx_hal_eth.o
    0x08000a08   0x08000a08   0x000000a0   Code   RO         1023    i.ETH_SetDMAConfig  stm32h7xx_hal_eth.o
    0x08000aa8   0x08000aa8   0x000001a4   Code   RO         1024    i.ETH_SetMACConfig  stm32h7xx_hal_eth.o
    0x08000c4c   0x08000c4c   0x00000024   Code   RO          160    i.HAL_Delay         stm32h7xx_hal.o
    0x08000c70   0x08000c70   0x00000076   Code   RO         1025    i.HAL_ETH_BuildRxDescriptors  stm32h7xx_hal_eth.o
    0x08000ce6   0x08000ce6   0x00000002   Code   RO         1026    i.HAL_ETH_DMAErrorCallback  stm32h7xx_hal_eth.o
    0x08000ce8   0x08000ce8   0x0000003c   Code   RO         1028    i.HAL_ETH_DescAssignMemory  stm32h7xx_hal_eth.o
    0x08000d24   0x08000d24   0x00000002   Code   RO         1029    i.HAL_ETH_EEECallback  stm32h7xx_hal_eth.o
    0x08000d26   0x08000d26   0x000001cc   Code   RO         1035    i.HAL_ETH_GetMACConfig  stm32h7xx_hal_eth.o
    0x08000ef2   0x08000ef2   0x000000a4   Code   RO         1039    i.HAL_ETH_GetRxDataBuffer  stm32h7xx_hal_eth.o
    0x08000f96   0x08000f96   0x00000034   Code   RO         1041    i.HAL_ETH_GetRxDataLength  stm32h7xx_hal_eth.o
    0x08000fca   0x08000fca   0x0000014a   Code   RO         1043    i.HAL_ETH_IRQHandler  stm32h7xx_hal_eth.o
    0x08001114   0x08001114   0x00000214   Code   RO         1044    i.HAL_ETH_Init      stm32h7xx_hal_eth.o
    0x08001328   0x08001328   0x000000c8   Code   RO         1045    i.HAL_ETH_IsRxDataAvailable  stm32h7xx_hal_eth.o
    0x080013f0   0x080013f0   0x00000002   Code   RO         1046    i.HAL_ETH_MACErrorCallback  stm32h7xx_hal_eth.o
    0x080013f2   0x080013f2   0x00000002   PAD
    0x080013f4   0x080013f4   0x00000080   Code   RO         5143    i.HAL_ETH_MspInit   lan8720a.o
    0x08001474   0x08001474   0x00000002   Code   RO         1048    i.HAL_ETH_PMTCallback  stm32h7xx_hal_eth.o
    0x08001476   0x08001476   0x00000062   Code   RO         1049    i.HAL_ETH_ReadPHYRegister  stm32h7xx_hal_eth.o
    0x080014d8   0x080014d8   0x0000000c   Code   RO         5144    i.HAL_ETH_RxCpltCallback  lan8720a.o
    0x080014e4   0x080014e4   0x00000018   Code   RO         1053    i.HAL_ETH_SetMACConfig  stm32h7xx_hal_eth.o
    0x080014fc   0x080014fc   0x000000b6   Code   RO         1060    i.HAL_ETH_Start_IT  stm32h7xx_hal_eth.o
    0x080015b2   0x080015b2   0x00000094   Code   RO         1062    i.HAL_ETH_Stop_IT   stm32h7xx_hal_eth.o
    0x08001646   0x08001646   0x000000b8   Code   RO         1063    i.HAL_ETH_Transmit  stm32h7xx_hal_eth.o
    0x080016fe   0x080016fe   0x00000002   Code   RO         5145    i.HAL_ETH_TxCpltCallback  lan8720a.o
    0x08001700   0x08001700   0x00000002   Code   RO         1066    i.HAL_ETH_WakeUpCallback  stm32h7xx_hal_eth.o
    0x08001702   0x08001702   0x00000002   PAD
    0x08001704   0x08001704   0x00000064   Code   RO         1067    i.HAL_ETH_WritePHYRegister  stm32h7xx_hal_eth.o
    0x08001768   0x08001768   0x000001e8   Code   RO         1683    i.HAL_GPIO_Init     stm32h7xx_hal_gpio.o
    0x08001950   0x08001950   0x0000000a   Code   RO         1687    i.HAL_GPIO_WritePin  stm32h7xx_hal_gpio.o
    0x0800195a   0x0800195a   0x00000002   PAD
    0x0800195c   0x0800195c   0x0000001c   Code   RO         4949    i.HAL_GetTick       core_delay.o
    0x08001978   0x08001978   0x00000010   Code   RO          179    i.HAL_IncTick       stm32h7xx_hal.o
    0x08001988   0x08001988   0x00000024   Code   RO         4950    i.HAL_InitTick      core_delay.o
    0x080019ac   0x080019ac   0x00000054   Code   RO          544    i.HAL_MPU_ConfigRegion  stm32h7xx_hal_cortex.o
    0x08001a00   0x08001a00   0x0000001a   Code   RO          547    i.HAL_NVIC_EnableIRQ  stm32h7xx_hal_cortex.o
    0x08001a1a   0x08001a1a   0x00000002   PAD
    0x08001a1c   0x08001a1c   0x00000040   Code   RO          553    i.HAL_NVIC_SetPriority  stm32h7xx_hal_cortex.o
    0x08001a5c   0x08001a5c   0x00000034   Code   RO         3312    i.HAL_RCCEx_GetD1SysClockFreq  stm32h7xx_hal_rcc_ex.o
    0x08001a90   0x08001a90   0x0000002c   Code   RO         3313    i.HAL_RCCEx_GetD3PCLK1Freq  stm32h7xx_hal_rcc_ex.o
    0x08001abc   0x08001abc   0x000000fc   Code   RO         3315    i.HAL_RCCEx_GetPLL2ClockFreq  stm32h7xx_hal_rcc_ex.o
    0x08001bb8   0x08001bb8   0x000000fc   Code   RO         3316    i.HAL_RCCEx_GetPLL3ClockFreq  stm32h7xx_hal_rcc_ex.o
    0x08001cb4   0x08001cb4   0x0000098c   Code   RO         3320    i.HAL_RCCEx_PeriphCLKConfig  stm32h7xx_hal_rcc_ex.o
    0x08002640   0x08002640   0x000001d8   Code   RO         3205    i.HAL_RCC_ClockConfig  stm32h7xx_hal_rcc.o
    0x08002818   0x08002818   0x00000034   Code   RO         3209    i.HAL_RCC_GetHCLKFreq  stm32h7xx_hal_rcc.o
    0x0800284c   0x0800284c   0x0000002c   Code   RO         3211    i.HAL_RCC_GetPCLK1Freq  stm32h7xx_hal_rcc.o
    0x08002878   0x08002878   0x0000002c   Code   RO         3212    i.HAL_RCC_GetPCLK2Freq  stm32h7xx_hal_rcc.o
    0x080028a4   0x080028a4   0x000000f8   Code   RO         3213    i.HAL_RCC_GetSysClockFreq  stm32h7xx_hal_rcc.o
    0x0800299c   0x0800299c   0x0000008c   Code   RO         3214    i.HAL_RCC_MCOConfig  stm32h7xx_hal_rcc.o
    0x08002a28   0x08002a28   0x00000498   Code   RO         3216    i.HAL_RCC_OscConfig  stm32h7xx_hal_rcc.o
    0x08002ec0   0x08002ec0   0x00000014   Code   RO          192    i.HAL_SYSCFG_ETHInterfaceSelect  stm32h7xx_hal.o
    0x08002ed4   0x08002ed4   0x00000002   Code   RO          557    i.HAL_SYSTICK_Callback  stm32h7xx_hal_cortex.o
    0x08002ed6   0x08002ed6   0x00000008   Code   RO          559    i.HAL_SYSTICK_IRQHandler  stm32h7xx_hal_cortex.o
    0x08002ede   0x08002ede   0x0000006a   Code   RO         3816    i.HAL_UART_Init     stm32h7xx_hal_uart.o
    0x08002f48   0x08002f48   0x00000002   Code   RO         3818    i.HAL_UART_MspInit  stm32h7xx_hal_uart.o
    0x08002f4a   0x08002f4a   0x000000b2   Code   RO         3824    i.HAL_UART_Transmit  stm32h7xx_hal_uart.o
    0x08002ffc   0x08002ffc   0x00000002   Code   RO         4689    i.HardFault_Handler  stm32h7xx_it.o
    0x08002ffe   0x08002ffe   0x00000018   Code   RO         5146    i.LAN8720_GetLinkState  lan8720a.o
    0x08003016   0x08003016   0x00000060   Code   RO         5147    i.LAN8720_Init      lan8720a.o
    0x08003076   0x08003076   0x00000002   PAD
    0x08003078   0x08003078   0x00000040   Code   RO         5067    i.LED_GPIO_Config   bsp_led.o
    0x080030b8   0x080030b8   0x000000a8   Code   RO         4546    i.MPU_Config        main.o
    0x08003160   0x08003160   0x00000002   Code   RO         4690    i.MemManage_Handler  stm32h7xx_it.o
    0x08003162   0x08003162   0x00000002   Code   RO         4691    i.NMI_Handler       stm32h7xx_it.o
    0x08003164   0x08003164   0x0000005c   Code   RO         4762    i.Netif_Config      app_ethernet.o
    0x080031c0   0x080031c0   0x00000002   Code   RO         4692    i.PendSV_Handler    stm32h7xx_it.o
    0x080031c2   0x080031c2   0x00000002   PAD
    0x080031c4   0x080031c4   0x000000c8   Code   RO         3323    i.RCCEx_PLL2_Config  stm32h7xx_hal_rcc_ex.o
    0x0800328c   0x0800328c   0x000000c8   Code   RO         3324    i.RCCEx_PLL3_Config  stm32h7xx_hal_rcc_ex.o
    0x08003354   0x08003354   0x00000024   Code   RO         4841    i.SCB_InvalidateDCache_by_Addr  ethernetif.o
    0x08003378   0x08003378   0x00000002   Code   RO         4693    i.SVC_Handler       stm32h7xx_it.o
    0x0800337a   0x0800337a   0x0000000e   Code   RO         4694    i.SysTick_Handler   stm32h7xx_it.o
    0x08003388   0x08003388   0x0000008c   Code   RO         4547    i.SystemClock_Config  main.o
    0x08003414   0x08003414   0x00000084   Code   RO           14    i.SystemInit        system_stm32h7xx.o
    0x08003498   0x08003498   0x00000054   Code   RO         4989    i.TCP_Client_Init   tcpclient.o
    0x080034ec   0x080034ec   0x000000c8   Code   RO         3829    i.UART_AdvFeatureConfig  stm32h7xx_hal_uart.o
    0x080035b4   0x080035b4   0x0000005c   Code   RO         3830    i.UART_CheckIdleState  stm32h7xx_hal_uart.o
    0x08003610   0x08003610   0x000004a8   Code   RO         3844    i.UART_SetConfig    stm32h7xx_hal_uart.o
    0x08003ab8   0x08003ab8   0x00000062   Code   RO         3846    i.UART_WaitOnFlagUntilTimeout  stm32h7xx_hal_uart.o
    0x08003b1a   0x08003b1a   0x00000002   Code   RO         4695    i.UsageFault_Handler  stm32h7xx_it.o
    0x08003b1c   0x08003b1c   0x000000c4   Code   RO         4763    i.User_notification  app_ethernet.o
    0x08003be0   0x08003be0   0x00000020   Code   RO         7135    i.__0printf$1       mc_w.l(printf1.o)
    0x08003c00   0x08003c00   0x00000020   Code   RO          560    i.__NVIC_SetPriority  stm32h7xx_hal_cortex.o
    0x08003c20   0x08003c20   0x0000000e   Code   RO         7393    i.__scatterload_copy  mc_w.l(handlers.o)
    0x08003c2e   0x08003c2e   0x00000002   Code   RO         7394    i.__scatterload_null  mc_w.l(handlers.o)
    0x08003c30   0x08003c30   0x0000000e   Code   RO         7395    i.__scatterload_zeroinit  mc_w.l(handlers.o)
    0x08003c3e   0x08003c3e   0x00000002   PAD
    0x08003c40   0x08003c40   0x00000154   Code   RO         7142    i._printf_core      mc_w.l(printf1.o)
    0x08003d94   0x08003d94   0x00000038   Code   RO         4990    i.client_connected  tcpclient.o
    0x08003dcc   0x08003dcc   0x0000006c   Code   RO         4991    i.client_err        tcpclient.o
    0x08003e38   0x08003e38   0x00000064   Code   RO         4992    i.client_recv       tcpclient.o
    0x08003e9c   0x08003e9c   0x00000044   Code   RO         4993    i.client_send       tcpclient.o
    0x08003ee0   0x08003ee0   0x0000001c   Code   RO         6417    i.cyclic_timer      timeouts.o
    0x08003efc   0x08003efc   0x0000001e   Code   RO         6595    i.dhcp_arp_reply    dhcp.o
    0x08003f1a   0x08003f1a   0x000000de   Code   RO         6596    i.dhcp_bind         dhcp.o
    0x08003ff8   0x08003ff8   0x00000034   Code   RO         6597    i.dhcp_check        dhcp.o
    0x0800402c   0x0800402c   0x000000ac   Code   RO         6599    i.dhcp_coarse_tmr   dhcp.o
    0x080040d8   0x080040d8   0x00000134   Code   RO         6600    i.dhcp_create_msg   dhcp.o
    0x0800420c   0x0800420c   0x00000088   Code   RO         6602    i.dhcp_decline      dhcp.o
    0x08004294   0x08004294   0x00000016   Code   RO         6603    i.dhcp_delete_msg   dhcp.o
    0x080042aa   0x080042aa   0x00000002   PAD
    0x080042ac   0x080042ac   0x000000cc   Code   RO         6604    i.dhcp_discover     dhcp.o
    0x08004378   0x08004378   0x00000034   Code   RO         6605    i.dhcp_fine_tmr     dhcp.o
    0x080043ac   0x080043ac   0x00000030   Code   RO         6609    i.dhcp_network_changed  dhcp.o
    0x080043dc   0x080043dc   0x00000020   Code   RO         6610    i.dhcp_option       dhcp.o
    0x080043fc   0x080043fc   0x00000010   Code   RO         6611    i.dhcp_option_byte  dhcp.o
    0x0800440c   0x0800440c   0x00000042   Code   RO         6612    i.dhcp_option_long  dhcp.o
    0x0800444e   0x0800444e   0x00000022   Code   RO         6613    i.dhcp_option_short  dhcp.o
    0x08004470   0x08004470   0x0000002c   Code   RO         6614    i.dhcp_option_trailer  dhcp.o
    0x0800449c   0x0800449c   0x000000b8   Code   RO         6616    i.dhcp_rebind       dhcp.o
    0x08004554   0x08004554   0x000000d4   Code   RO         6617    i.dhcp_reboot       dhcp.o
    0x08004628   0x08004628   0x000000a8   Code   RO         6619    i.dhcp_release      dhcp.o
    0x080046d0   0x080046d0   0x000000b8   Code   RO         6620    i.dhcp_renew        dhcp.o
    0x08004788   0x08004788   0x000000f8   Code   RO         6621    i.dhcp_select       dhcp.o
    0x08004880   0x08004880   0x00000010   Code   RO         6622    i.dhcp_set_state    dhcp.o
    0x08004890   0x08004890   0x0000001c   Code   RO         6626    i.dhcp_supplied_address  dhcp.o
    0x080048ac   0x080048ac   0x00000066   Code   RO         6627    i.dhcp_timeout      dhcp.o
    0x08004912   0x08004912   0x0000000c   Code   RO         5576    i.do_memp_free_pool  memp.o
    0x0800491e   0x0800491e   0x0000000e   Code   RO         5577    i.do_memp_malloc_pool  memp.o
    0x0800492c   0x0800492c   0x00000030   Code   RO         6787    i.etharp_cleanup_netif  etharp.o
    0x0800495c   0x0800495c   0x000000f0   Code   RO         6789    i.etharp_find_entry  etharp.o
    0x08004a4c   0x08004a4c   0x00000024   Code   RO         6790    i.etharp_free_entry  etharp.o
    0x08004a70   0x08004a70   0x00000098   Code   RO         6792    i.etharp_input      etharp.o
    0x08004b08   0x08004b08   0x000000ec   Code   RO         6793    i.etharp_output     etharp.o
    0x08004bf4   0x08004bf4   0x00000060   Code   RO         6794    i.etharp_output_to_arp_index  etharp.o
    0x08004c54   0x08004c54   0x000000f4   Code   RO         6795    i.etharp_query      etharp.o
    0x08004d48   0x08004d48   0x00000088   Code   RO         6796    i.etharp_raw        etharp.o
    0x08004dd0   0x08004dd0   0x0000000c   Code   RO         6797    i.etharp_request    etharp.o
    0x08004ddc   0x08004ddc   0x00000020   Code   RO         6798    i.etharp_request_dst  etharp.o
    0x08004dfc   0x08004dfc   0x00000060   Code   RO         6799    i.etharp_tmr        etharp.o
    0x08004e5c   0x08004e5c   0x00000080   Code   RO         6800    i.etharp_update_arp_entry  etharp.o
    0x08004edc   0x08004edc   0x000000a0   Code   RO         5276    i.ethernet_input    ethernet.o
    0x08004f7c   0x08004f7c   0x00000088   Code   RO         4842    i.ethernet_link_check_state  ethernetif.o
    0x08005004   0x08005004   0x0000004a   Code   RO         5277    i.ethernet_output   ethernet.o
    0x0800504e   0x0800504e   0x00000002   PAD
    0x08005050   0x08005050   0x0000003c   Code   RO         4843    i.ethernetif_init   ethernetif.o
    0x0800508c   0x0800508c   0x00000084   Code   RO         4844    i.ethernetif_input  ethernetif.o
    0x08005110   0x08005110   0x00000018   Code   RO         5094    i.fputc             bsp_debug_usart.o
    0x08005128   0x08005128   0x00000008   Code   RO         6877    i.icmp_dest_unreach  icmp.o
    0x08005130   0x08005130   0x000000fc   Code   RO         6878    i.icmp_input        icmp.o
    0x0800522c   0x0800522c   0x0000006c   Code   RO         6879    i.icmp_send_response  icmp.o
    0x08005298   0x08005298   0x00000008   Code   RO         6880    i.icmp_time_exceeded  icmp.o
    0x080052a0   0x080052a0   0x00000048   Code   RO         5368    i.inet_chksum_pbuf  inet_chksum.o
    0x080052e8   0x080052e8   0x0000002e   Code   RO         6957    i.ip4_addr_isbroadcast_u32  ip4_addr.o
    0x08005316   0x08005316   0x00000002   PAD
    0x08005318   0x08005318   0x00000164   Code   RO         7011    i.ip4_frag          ip4_frag.o
    0x0800547c   0x0800547c   0x000001c0   Code   RO         6919    i.ip4_input         ip4.o
    0x0800563c   0x0800563c   0x0000001e   Code   RO         6921    i.ip4_output_if     ip4.o
    0x0800565a   0x0800565a   0x00000002   PAD
    0x0800565c   0x0800565c   0x000000a8   Code   RO         6922    i.ip4_output_if_src  ip4.o
    0x08005704   0x08005704   0x000001c8   Code   RO         7012    i.ip4_reass         ip4_frag.o
    0x080058cc   0x080058cc   0x0000005c   Code   RO         6923    i.ip4_route         ip4.o
    0x08005928   0x08005928   0x00000008   Code   RO         7013    i.ip_frag_free_pbuf_custom_ref  ip4_frag.o
    0x08005930   0x08005930   0x00000104   Code   RO         7014    i.ip_reass_chain_frag_into_datagram_and_validate  ip4_frag.o
    0x08005a34   0x08005a34   0x00000024   Code   RO         7015    i.ip_reass_dequeue_datagram  ip4_frag.o
    0x08005a58   0x08005a58   0x00000070   Code   RO         7016    i.ip_reass_free_complete_datagram  ip4_frag.o
    0x08005ac8   0x08005ac8   0x00000084   Code   RO         7017    i.ip_reass_remove_oldest_datagram  ip4_frag.o
    0x08005b4c   0x08005b4c   0x0000002c   Code   RO         7018    i.ip_reass_tmr      ip4_frag.o
    0x08005b78   0x08005b78   0x00000016   Code   RO         7019    i.ipfrag_free_pbuf_custom  ip4_frag.o
    0x08005b8e   0x08005b8e   0x00000002   PAD
    0x08005b90   0x08005b90   0x000000f4   Code   RO         4845    i.low_level_init    ethernetif.o
    0x08005c84   0x08005c84   0x00000068   Code   RO         4846    i.low_level_output  ethernetif.o
    0x08005cec   0x08005cec   0x00000004   Code   RO         5318    i.lwip_htonl        def.o
    0x08005cf0   0x08005cf0   0x00000004   Code   RO         5319    i.lwip_htons        def.o
    0x08005cf4   0x08005cf4   0x0000001e   Code   RO         5435    i.lwip_init         init.o
    0x08005d12   0x08005d12   0x00000056   Code   RO         5375    i.lwip_standard_chksum  inet_chksum.o
    0x08005d68   0x08005d68   0x0000020c   Code   RO         4548    i.main              main.o
    0x08005f74   0x08005f74   0x00000048   Code   RO         5148    i.mcoinit           lan8720a.o
    0x08005fbc   0x08005fbc   0x0000002c   Code   RO         5524    i.mem_free          mem.o
    0x08005fe8   0x08005fe8   0x00000030   Code   RO         5525    i.mem_init          mem.o
    0x08006018   0x08006018   0x000000a8   Code   RO         5526    i.mem_malloc        mem.o
    0x080060c0   0x080060c0   0x000000d0   Code   RO         5527    i.mem_trim          mem.o
    0x08006190   0x08006190   0x00000018   Code   RO         5578    i.memp_free         memp.o
    0x080061a8   0x080061a8   0x0000000e   Code   RO         5579    i.memp_free_pool    memp.o
    0x080061b6   0x080061b6   0x00000002   PAD
    0x080061b8   0x080061b8   0x0000001c   Code   RO         5580    i.memp_init         memp.o
    0x080061d4   0x080061d4   0x0000002a   Code   RO         5581    i.memp_init_pool    memp.o
    0x080061fe   0x080061fe   0x00000002   PAD
    0x08006200   0x08006200   0x00000018   Code   RO         5582    i.memp_malloc       memp.o
    0x08006218   0x08006218   0x0000000a   Code   RO         5583    i.memp_malloc_pool  memp.o
    0x08006222   0x08006222   0x00000002   PAD
    0x08006224   0x08006224   0x00000054   Code   RO         5695    i.netif_add         netif.o
    0x08006278   0x08006278   0x00000002   Code   RO         5697    i.netif_init        netif.o
    0x0800627a   0x0800627a   0x0000001a   Code   RO         5699    i.netif_issue_reports  netif.o
    0x08006294   0x08006294   0x00000048   Code   RO         5701    i.netif_set_addr    netif.o
    0x080062dc   0x080062dc   0x0000000c   Code   RO         5702    i.netif_set_default  netif.o
    0x080062e8   0x080062e8   0x0000001a   Code   RO         5703    i.netif_set_down    netif.o
    0x08006302   0x08006302   0x00000008   Code   RO         5704    i.netif_set_gw      netif.o
    0x0800630a   0x0800630a   0x00000002   PAD
    0x0800630c   0x0800630c   0x00000040   Code   RO         5705    i.netif_set_ipaddr  netif.o
    0x0800634c   0x0800634c   0x0000001a   Code   RO         5707    i.netif_set_link_down  netif.o
    0x08006366   0x08006366   0x0000003a   Code   RO         5708    i.netif_set_link_up  netif.o
    0x080063a0   0x080063a0   0x00000008   Code   RO         5709    i.netif_set_netmask  netif.o
    0x080063a8   0x080063a8   0x0000001c   Code   RO         5710    i.netif_set_up      netif.o
    0x080063c4   0x080063c4   0x00000116   Code   RO         5819    i.pbuf_alloc        pbuf.o
    0x080064da   0x080064da   0x00000052   Code   RO         5820    i.pbuf_alloced_custom  pbuf.o
    0x0800652c   0x0800652c   0x00000028   Code   RO         5821    i.pbuf_cat          pbuf.o
    0x08006554   0x08006554   0x00000012   Code   RO         5822    i.pbuf_chain        pbuf.o
    0x08006566   0x08006566   0x00000012   Code   RO         5823    i.pbuf_clen         pbuf.o
    0x08006578   0x08006578   0x0000009a   Code   RO         5825    i.pbuf_copy         pbuf.o
    0x08006612   0x08006612   0x00000068   Code   RO         5826    i.pbuf_copy_partial  pbuf.o
    0x0800667a   0x0800667a   0x00000050   Code   RO         5828    i.pbuf_free         pbuf.o
    0x080066ca   0x080066ca   0x00000002   PAD
    0x080066cc   0x080066cc   0x0000001c   Code   RO         4847    i.pbuf_free_custom  ethernetif.o
    0x080066e8   0x080066e8   0x00000006   Code   RO         5830    i.pbuf_header       pbuf.o
    0x080066ee   0x080066ee   0x00000006   Code   RO         5831    i.pbuf_header_force  pbuf.o
    0x080066f4   0x080066f4   0x00000064   Code   RO         5832    i.pbuf_header_impl  pbuf.o
    0x08006758   0x08006758   0x00000054   Code   RO         5836    i.pbuf_realloc      pbuf.o
    0x080067ac   0x080067ac   0x0000000c   Code   RO         5837    i.pbuf_ref          pbuf.o
    0x080067b8   0x080067b8   0x00000054   Code   RO         5528    i.plug_holes        mem.o
    0x0800680c   0x0800680c   0x00000048   Code   RO         6418    i.sys_check_timeouts  timeouts.o
    0x08006854   0x08006854   0x00000004   Code   RO         4848    i.sys_now           ethernetif.o
    0x08006858   0x08006858   0x00000090   Code   RO         6420    i.sys_timeout       timeouts.o
    0x080068e8   0x080068e8   0x00000030   Code   RO         6421    i.sys_timeouts_init  timeouts.o
    0x08006918   0x08006918   0x000000cc   Code   RO         5991    i.tcp_abandon       tcp.o
    0x080069e4   0x080069e4   0x00000006   Code   RO         5992    i.tcp_abort         tcp.o
    0x080069ea   0x080069ea   0x00000002   PAD
    0x080069ec   0x080069ec   0x000000fc   Code   RO         5995    i.tcp_alloc         tcp.o
    0x08006ae8   0x08006ae8   0x00000014   Code   RO         5998    i.tcp_close         tcp.o
    0x08006afc   0x08006afc   0x00000120   Code   RO         5999    i.tcp_close_shutdown  tcp.o
    0x08006c1c   0x08006c1c   0x00000050   Code   RO         6000    i.tcp_close_shutdown_fin  tcp.o
    0x08006c6c   0x08006c6c   0x000000f0   Code   RO         6001    i.tcp_connect       tcp.o
    0x08006d5c   0x08006d5c   0x00000098   Code   RO         6318    i.tcp_create_segment  tcp_out.o
    0x08006df4   0x08006df4   0x00000022   Code   RO         6003    i.tcp_eff_send_mss_impl  tcp.o
    0x08006e16   0x08006e16   0x00000092   Code   RO         6319    i.tcp_enqueue_flags  tcp_out.o
    0x08006ea8   0x08006ea8   0x0000000a   Code   RO         6004    i.tcp_err           tcp.o
    0x08006eb2   0x08006eb2   0x00000002   PAD
    0x08006eb4   0x08006eb4   0x0000006c   Code   RO         6005    i.tcp_fasttmr       tcp.o
    0x08006f20   0x08006f20   0x00000030   Code   RO         6251    i.tcp_getoptbyte    tcp_in.o
    0x08006f50   0x08006f50   0x00000002   Code   RO         6006    i.tcp_init          tcp.o
    0x08006f52   0x08006f52   0x00000002   PAD
    0x08006f54   0x08006f54   0x00000350   Code   RO         6252    i.tcp_input         tcp_in.o
    0x080072a4   0x080072a4   0x00000040   Code   RO         6253    i.tcp_input_delayed_close  tcp_in.o
    0x080072e4   0x080072e4   0x00000052   Code   RO         6320    i.tcp_keepalive     tcp_out.o
    0x08007336   0x08007336   0x00000002   PAD
    0x08007338   0x08007338   0x0000003c   Code   RO         6007    i.tcp_kill_state    tcp.o
    0x08007374   0x08007374   0x000000f4   Code   RO         6254    i.tcp_listen_input  tcp_in.o
    0x08007468   0x08007468   0x0000004c   Code   RO         6010    i.tcp_netif_ip_addr_changed  tcp.o
    0x080074b4   0x080074b4   0x00000022   Code   RO         6011    i.tcp_netif_ip_addr_changed_pcblist  tcp.o
    0x080074d6   0x080074d6   0x00000006   Code   RO         6012    i.tcp_new           tcp.o
    0x080074dc   0x080074dc   0x0000005c   Code   RO         6014    i.tcp_new_port      tcp.o
    0x08007538   0x08007538   0x00000010   Code   RO         6015    i.tcp_next_iss      tcp.o
    0x08007548   0x08007548   0x00000200   Code   RO         6321    i.tcp_output        tcp_out.o
    0x08007748   0x08007748   0x0000006a   Code   RO         6322    i.tcp_output_alloc_header  tcp_out.o
    0x080077b2   0x080077b2   0x00000002   PAD
    0x080077b4   0x080077b4   0x000000a8   Code   RO         6323    i.tcp_output_segment  tcp_out.o
    0x0800785c   0x0800785c   0x00000074   Code   RO         6255    i.tcp_parseopt      tcp_in.o
    0x080078d0   0x080078d0   0x0000004e   Code   RO         6324    i.tcp_pbuf_prealloc  tcp_out.o
    0x0800791e   0x0800791e   0x0000003a   Code   RO         6016    i.tcp_pcb_purge     tcp.o
    0x08007958   0x08007958   0x00000050   Code   RO         6017    i.tcp_pcb_remove    tcp.o
    0x080079a8   0x080079a8   0x00000008   Code   RO         6018    i.tcp_poll          tcp.o
    0x080079b0   0x080079b0   0x00000374   Code   RO         6256    i.tcp_process       tcp_in.o
    0x08007d24   0x08007d24   0x0000006a   Code   RO         6019    i.tcp_process_refused_data  tcp.o
    0x08007d8e   0x08007d8e   0x00000002   PAD
    0x08007d90   0x08007d90   0x000003d0   Code   RO         6257    i.tcp_receive       tcp_in.o
    0x08008160   0x08008160   0x00000008   Code   RO         6020    i.tcp_recv          tcp.o
    0x08008168   0x08008168   0x00000024   Code   RO         6021    i.tcp_recv_null     tcp.o
    0x0800818c   0x0800818c   0x00000044   Code   RO         6022    i.tcp_recved        tcp.o
    0x080081d0   0x080081d0   0x00000056   Code   RO         6325    i.tcp_rexmit        tcp_out.o
    0x08008226   0x08008226   0x00000058   Code   RO         6326    i.tcp_rexmit_fast   tcp_out.o
    0x0800827e   0x0800827e   0x00000032   Code   RO         6327    i.tcp_rexmit_rto    tcp_out.o
    0x080082b0   0x080082b0   0x00000080   Code   RO         6328    i.tcp_rst           tcp_out.o
    0x08008330   0x08008330   0x0000001c   Code   RO         6023    i.tcp_seg_free      tcp.o
    0x0800834c   0x0800834c   0x00000012   Code   RO         6024    i.tcp_segs_free     tcp.o
    0x0800835e   0x0800835e   0x0000006a   Code   RO         6329    i.tcp_send_empty_ack  tcp_out.o
    0x080083c8   0x080083c8   0x00000046   Code   RO         6330    i.tcp_send_fin      tcp_out.o
    0x0800840e   0x0800840e   0x00000002   PAD
    0x08008410   0x08008410   0x00000260   Code   RO         6028    i.tcp_slowtmr       tcp.o
    0x08008670   0x08008670   0x00000034   Code   RO         6424    i.tcp_timer_needed  timeouts.o
    0x080086a4   0x080086a4   0x00000068   Code   RO         6258    i.tcp_timewait_input  tcp_in.o
    0x0800870c   0x0800870c   0x00000020   Code   RO         6029    i.tcp_tmr           tcp.o
    0x0800872c   0x0800872c   0x00000010   Code   RO         6259    i.tcp_trigger_input_pcb_close  tcp_in.o
    0x0800873c   0x0800873c   0x00000034   Code   RO         6031    i.tcp_update_rcv_ann_wnd  tcp.o
    0x08008770   0x08008770   0x0000033a   Code   RO         6331    i.tcp_write         tcp_out.o
    0x08008aaa   0x08008aaa   0x000000bc   Code   RO         6332    i.tcp_zero_window_probe  tcp_out.o
    0x08008b66   0x08008b66   0x00000002   PAD
    0x08008b68   0x08008b68   0x00000038   Code   RO         6425    i.tcpip_tcp_timer   timeouts.o
    0x08008ba0   0x08008ba0   0x000000b0   Code   RO         6488    i.udp_bind          udp.o
    0x08008c50   0x08008c50   0x00000002   Code   RO         6491    i.udp_init          udp.o
    0x08008c52   0x08008c52   0x00000002   PAD
    0x08008c54   0x08008c54   0x00000114   Code   RO         6492    i.udp_input         udp.o
    0x08008d68   0x08008d68   0x00000034   Code   RO         6493    i.udp_netif_ip_addr_changed  udp.o
    0x08008d9c   0x08008d9c   0x00000036   Code   RO         6500    i.udp_sendto_if     udp.o
    0x08008dd2   0x08008dd2   0x000000a6   Code   RO         6501    i.udp_sendto_if_src  udp.o
    0x08008e78   0x08008e78   0x00000010   Data   RO           15    .constdata          system_stm32h7xx.o
    0x08008e88   0x08008e88   0x00000018   Data   RO         3847    .constdata          stm32h7xx_hal_uart.o
    0x08008ea0   0x08008ea0   0x0000000c   Data   RO         4854    .constdata          ethernetif.o
    0x08008eac   0x08008eac   0x00000006   Data   RO         5278    .constdata          ethernet.o
    0x08008eb2   0x08008eb2   0x00000006   Data   RO         5279    .constdata          ethernet.o
    0x08008eb8   0x08008eb8   0x0000000c   Data   RO         5593    .constdata          memp.o
    0x08008ec4   0x08008ec4   0x0000000c   Data   RO         5594    .constdata          memp.o
    0x08008ed0   0x08008ed0   0x0000000c   Data   RO         5595    .constdata          memp.o
    0x08008edc   0x08008edc   0x0000000c   Data   RO         5596    .constdata          memp.o
    0x08008ee8   0x08008ee8   0x0000000c   Data   RO         5597    .constdata          memp.o
    0x08008ef4   0x08008ef4   0x0000000c   Data   RO         5598    .constdata          memp.o
    0x08008f00   0x08008f00   0x0000000c   Data   RO         5599    .constdata          memp.o
    0x08008f0c   0x08008f0c   0x0000000c   Data   RO         5600    .constdata          memp.o
    0x08008f18   0x08008f18   0x0000000c   Data   RO         5601    .constdata          memp.o
    0x08008f24   0x08008f24   0x00000024   Data   RO         5602    .constdata          memp.o
    0x08008f48   0x08008f48   0x00000054   Data   RO         6032    .constdata          tcp.o
    0x08008f9c   0x08008f9c   0x00000028   Data   RO         6426    .constdata          timeouts.o
    0x08008fc4   0x08008fc4   0x00000004   Data   RO         6964    .constdata          ip4_addr.o
    0x08008fc8   0x08008fc8   0x00000004   Data   RO         6965    .constdata          ip4_addr.o
    0x08008fcc   0x08008fcc   0x00000135   Data   RO         4549    .conststring        main.o
    0x08009101   0x08009101   0x00000003   PAD
    0x08009104   0x08009104   0x00000075   Data   RO         6033    .conststring        tcp.o
    0x08009179   0x08009179   0x00000003   PAD
    0x0800917c   0x0800917c   0x00000020   Data   RO         7391    Region$$Table       anon$$obj.o


    Execution Region RW_IRAM1 (Exec base: 0x20000000, Load base: 0x0800919c, Size: 0x00000000, Max: 0x00020000, ABSOLUTE)

    **** No section assigned to this execution region ****


    Execution Region RW_IRAM2 (Exec base: 0x24000000, Load base: 0x0800919c, Size: 0x00002c78, Max: 0x00080000, ABSOLUTE)

    Exec Addr    Load Addr    Size         Type   Attr      Idx    E Section Name        Object

    0x24000000   0x0800919c   0x00000004   Data   RW           16    .data               system_stm32h7xx.o
    0x24000004   0x080091a0   0x00000004   Data   RW           17    .data               system_stm32h7xx.o
    0x24000008   0x080091a4   0x0000000c   Data   RW          202    .data               stm32h7xx_hal.o
    0x24000014   0x080091b0   0x00000004   Data   RW         4550    .data               main.o
    0x24000018   0x080091b4   0x00000004   Data   RW         4856    .data               ethernetif.o
    0x2400001c   0x080091b8   0x00000004   Data   RW         4994    .data               tcpclient.o
    0x24000020   0x080091bc   0x0000000c   Data   RW         5529    .data               mem.o
    0x2400002c   0x080091c8   0x00000004   Data   RW         5603    .data               memp.o
    0x24000030   0x080091cc   0x00000004   Data   RW         5604    .data               memp.o
    0x24000034   0x080091d0   0x00000004   Data   RW         5605    .data               memp.o
    0x24000038   0x080091d4   0x00000004   Data   RW         5606    .data               memp.o
    0x2400003c   0x080091d8   0x00000004   Data   RW         5607    .data               memp.o
    0x24000040   0x080091dc   0x00000004   Data   RW         5608    .data               memp.o
    0x24000044   0x080091e0   0x00000004   Data   RW         5609    .data               memp.o
    0x24000048   0x080091e4   0x00000004   Data   RW         5610    .data               memp.o
    0x2400004c   0x080091e8   0x00000004   Data   RW         5611    .data               memp.o
    0x24000050   0x080091ec   0x0000000c   Data   RW         5711    .data               netif.o
    0x2400005c   0x080091f8   0x00000020   Data   RW         6034    .data               tcp.o
    0x2400007c   0x08009218   0x00000024   Data   RW         6261    .data               tcp_in.o
    0x240000a0   0x0800923c   0x0000000c   Data   RW         6427    .data               timeouts.o
    0x240000ac   0x08009248   0x00000008   Data   RW         6502    .data               udp.o
    0x240000b4   0x08009250   0x00000014   Data   RW         6629    .data               dhcp.o
    0x240000c8   0x08009264   0x00000001   Data   RW         6802    .data               etharp.o
    0x240000c9   0x08009265   0x00000001   PAD
    0x240000ca   0x08009266   0x00000002   Data   RW         6924    .data               ip4.o
    0x240000cc   0x08009268   0x00000008   Data   RW         7020    .data               ip4_frag.o
    0x240000d4   0x08009270   0x00000004   Data   RW         7076    .data               mc_w.l(rand.o)
    0x240000d8   0x08009274   0x00000004   Data   RW         7367    .data               mc_w.l(stdout.o)
    0x240000dc        -       0x00000038   Zero   RW         4764    .bss                app_ethernet.o
    0x24000114        -       0x00000100   Zero   RW         4852    .bss                ethernetif.o
    0x24000214        -       0x00000193   Zero   RW         4853    .bss                ethernetif.o
    0x240003a7   0x08009278   0x00000001   PAD
    0x240003a8        -       0x00000080   Zero   RW         5095    .bss                bsp_debug_usart.o
    0x24000428        -       0x00000018   Zero   RW         5504    .bss                ip.o
    0x24000440        -       0x000000c3   Zero   RW         5584    .bss                memp.o
    0x24000503        -       0x000005cb   Zero   RW         5585    .bss                memp.o
    0x24000ace        -       0x000000ab   Zero   RW         5586    .bss                memp.o
    0x24000b79        -       0x00000083   Zero   RW         5587    .bss                memp.o
    0x24000bfc        -       0x000000a3   Zero   RW         5588    .bss                memp.o
    0x24000c9f        -       0x0000016b   Zero   RW         5589    .bss                memp.o
    0x24000e0a        -       0x000000a3   Zero   RW         5590    .bss                memp.o
    0x24000ead        -       0x000000a3   Zero   RW         5591    .bss                memp.o
    0x24000f50        -       0x00001823   Zero   RW         5592    .bss                memp.o
    0x24002773   0x08009278   0x00000001   PAD
    0x24002774        -       0x00000010   Zero   RW         6260    .bss                tcp_in.o
    0x24002784        -       0x000000f0   Zero   RW         6801    .bss                etharp.o
    0x24002874   0x08009278   0x00000004   PAD
    0x24002878        -       0x00000400   Zero   RW            1    STACK               startup_stm32h743xx.o



  Load Region LR$$.ARM.__AT_0x30040000 (Base: 0x30040000, Size: 0x00000000, Max: 0x00000060, ABSOLUTE)

    Execution Region ER$$.ARM.__AT_0x30040000 (Exec base: 0x30040000, Load base: 0x30040000, Size: 0x00000060, Max: 0x00000060, ABSOLUTE, UNINIT)

    Exec Addr    Load Addr    Size         Type   Attr      Idx    E Section Name        Object

    0x30040000        -       0x00000060   Zero   RW         4849    .ARM.__AT_0x30040000  ethernetif.o



  Load Region LR$$.ARM.__AT_0x30040060 (Base: 0x30040060, Size: 0x00000000, Max: 0x00000060, ABSOLUTE)

    Execution Region ER$$.ARM.__AT_0x30040060 (Exec base: 0x30040060, Load base: 0x30040060, Size: 0x00000060, Max: 0x00000060, ABSOLUTE, UNINIT)

    Exec Addr    Load Addr    Size         Type   Attr      Idx    E Section Name        Object

    0x30040060        -       0x00000060   Zero   RW         4850    .ARM.__AT_0x30040060  ethernetif.o



  Load Region LR$$.ARM.__AT_0x30040200 (Base: 0x30040200, Size: 0x00000000, Max: 0x00001800, ABSOLUTE)

    Execution Region ER$$.ARM.__AT_0x30040200 (Exec base: 0x30040200, Load base: 0x30040200, Size: 0x00001800, Max: 0x00001800, ABSOLUTE, UNINIT)

    Exec Addr    Load Addr    Size         Type   Attr      Idx    E Section Name        Object

    0x30040200        -       0x00001800   Zero   RW         4851    .ARM.__AT_0x30040200  ethernetif.o


==============================================================================

Image component sizes


      Code (inc. data)   RO Data    RW Data    ZI Data      Debug   Object Name

         0          0          0          0          0       1644   api_lib.o
       288        136          0          0         56      15075   app_ethernet.o
       192         20          0          0        128       2235   bsp_debug_usart.o
        64         10          0          0          0       1038   bsp_led.o
        64         18          0          0          0       1165   core_delay.o
         8          0          0          0          0       1186   def.o
      2580         86          0         20          0      24076   dhcp.o
         0          0          0          0          0        684   err.o
      1456         60          0          1        240      12923   etharp.o
       234          6         12          0          0       6501   ethernet.o
       744        102         12          4       6995      44565   ethernetif.o
       376          4          0          0          0       4626   icmp.o
       158          0          0          0          0      10119   inet_chksum.o
        30          0          0          0          0       2776   init.o
         0          0          0          0         24       6337   ip.o
       738         26          0          2          0       5572   ip4.o
        46          0          8          0          0       7394   ip4_addr.o
      1426         34          0          8          0      12030   ip4_frag.o
       698         42          0          0          0       6258   lan8720a.o
       832        284        309          4          0      58464   main.o
       552         32          0         12          0       5898   mem.o
       168         14        144         36       9011      12797   memp.o
       414         14          0         12          0      11679   netif.o
       982         12          0          0          0      13365   pbuf.o
        36          8        664          0       1024       1024   startup_stm32h743xx.o
        72         14          0         12          0       3122   stm32h7xx_hal.o
       216          8          0          0          0      39530   stm32h7xx_hal_cortex.o
      4170         74          0          0          0      24482   stm32h7xx_hal_eth.o
       498         50          0          0          0       2952   stm32h7xx_hal_gpio.o
      2176        122          0          0          0       7964   stm32h7xx_hal_rcc.o
      3444        146          0          0          0       8715   stm32h7xx_hal_rcc_ex.o
      1868        112         24          0          0      29156   stm32h7xx_hal_uart.o
        30          0          0          0          0       4770   stm32h7xx_it.o
       132         16         16          8          0    1189650   system_stm32h7xx.o
      2630         82        201         32          0      36987   tcp.o
      3300        128          0         36         16      19579   tcp_in.o
      2786         10          0          0          0      26570   tcp_out.o
       416        210          0          4          0       8158   tcpclient.o
       400         60         40         12          0       6219   timeouts.o
       726         20          0          8          0       8458   udp.o

    ----------------------------------------------------------------------
     35004       1960       1468        212      17500    1685743   Object Totals
         0          0         32          0          0          0   (incl. Generated)
        54          0          6          1          6          0   (incl. Padding)

    ----------------------------------------------------------------------

      Code (inc. data)   RO Data    RW Data    ZI Data      Debug   Library Member Name

         0          0          0          0          0          0   entry.o
         0          0          0          0          0          0   entry10a.o
         0          0          0          0          0          0   entry11a.o
         4          0          0          0          0          0   entry12b.o
         8          4          0          0          0          0   entry2.o
         4          0          0          0          0          0   entry5.o
         0          0          0          0          0          0   entry7b.o
         0          0          0          0          0          0   entry8b.o
         8          4          0          0          0          0   entry9a.o
        30          0          0          0          0          0   handlers.o
        36          8          0          0          0         68   init.o
        30          0          0          0          0         68   llshl.o
        32          0          0          0          0         68   llushr.o
        26          0          0          0          0         80   memcmp.o
        36          0          0          0          0         68   memcpya.o
        36          0          0          0          0        108   memseta.o
       372         14          0          0          0        184   printf1.o
        36         10          0          4          0        136   rand.o
         0          0          0          4          0          0   stdout.o
        44          0          0          0          0         80   uidiv.o
        98          0          0          0          0         92   uldiv.o

    ----------------------------------------------------------------------
       804         40          0          8          0        952   Library Totals
         4          0          0          0          0          0   (incl. Padding)

    ----------------------------------------------------------------------

      Code (inc. data)   RO Data    RW Data    ZI Data      Debug   Library Name

       800         40          0          8          0        952   mc_w.l

    ----------------------------------------------------------------------
       804         40          0          8          0        952   Library Totals

    ----------------------------------------------------------------------

==============================================================================


      Code (inc. data)   RO Data    RW Data    ZI Data      Debug   

     35808       2000       1468        220      17500    1661435   Grand Totals
     35808       2000       1468        220      17500    1661435   ELF Image Totals
     35808       2000       1468        220          0          0   ROM Totals

==============================================================================

    Total RO  Size (Code + RO Data)                37276 (  36.40kB)
    Total RW  Size (RW Data + ZI Data)             17720 (  17.30kB)
    Total ROM Size (Code + RO Data + RW Data)      37496 (  36.62kB)

==============================================================================

