Component: ARM Compiler 5.06 update 7 (build 960) Tool: armlink [4d3601]

==============================================================================

Section Cross References

    startup_stm32h743xx.o(RESET) refers to startup_stm32h743xx.o(STACK) for __initial_sp
    startup_stm32h743xx.o(RESET) refers to startup_stm32h743xx.o(.text) for Reset_Handler
    startup_stm32h743xx.o(RESET) refers to stm32h7xx_it.o(i.NMI_Handler) for NMI_Handler
    startup_stm32h743xx.o(RESET) refers to stm32h7xx_it.o(i.HardFault_Handler) for HardFault_Handler
    startup_stm32h743xx.o(RESET) refers to stm32h7xx_it.o(i.MemManage_Handler) for MemManage_Handler
    startup_stm32h743xx.o(RESET) refers to stm32h7xx_it.o(i.BusFault_Handler) for BusFault_Handler
    startup_stm32h743xx.o(RESET) refers to stm32h7xx_it.o(i.UsageFault_Handler) for UsageFault_Handler
    startup_stm32h743xx.o(RESET) refers to port.o(.emb_text) for SVC_Handler
    startup_stm32h743xx.o(RESET) refers to stm32h7xx_it.o(i.DebugMon_Handler) for DebugMon_Handler
    startup_stm32h743xx.o(RESET) refers to stm32h7xx_it.o(i.SysTick_Handler) for SysTick_Handler
    startup_stm32h743xx.o(RESET) refers to lan8720a.o(i.ETH_IRQHandler) for ETH_IRQHandler
    startup_stm32h743xx.o(.text) refers to system_stm32h7xx.o(i.SystemInit) for SystemInit
    startup_stm32h743xx.o(.text) refers to entry.o(.ARM.Collect$$$$00000000) for __main
    system_stm32h7xx.o(i.SystemCoreClockUpdate) refers to system_stm32h7xx.o(.data) for .data
    system_stm32h7xx.o(i.SystemCoreClockUpdate) refers to system_stm32h7xx.o(.constdata) for .constdata
    stm32h7xx_hal.o(i.HAL_DeInit) refers to stm32h7xx_hal.o(i.HAL_MspDeInit) for HAL_MspDeInit
    stm32h7xx_hal.o(i.HAL_Delay) refers to core_delay.o(i.HAL_GetTick) for HAL_GetTick
    stm32h7xx_hal.o(i.HAL_Delay) refers to stm32h7xx_hal.o(.data) for .data
    stm32h7xx_hal.o(i.HAL_GetTick) refers to stm32h7xx_hal.o(.data) for .data
    stm32h7xx_hal.o(i.HAL_GetTickFreq) refers to stm32h7xx_hal.o(.data) for .data
    stm32h7xx_hal.o(i.HAL_GetTickPrio) refers to stm32h7xx_hal.o(.data) for .data
    stm32h7xx_hal.o(i.HAL_IncTick) refers to stm32h7xx_hal.o(.data) for .data
    stm32h7xx_hal.o(i.HAL_Init) refers to stm32h7xx_hal_cortex.o(i.HAL_NVIC_SetPriorityGrouping) for HAL_NVIC_SetPriorityGrouping
    stm32h7xx_hal.o(i.HAL_Init) refers to stm32h7xx_hal_rcc.o(i.HAL_RCC_GetSysClockFreq) for HAL_RCC_GetSysClockFreq
    stm32h7xx_hal.o(i.HAL_Init) refers to core_delay.o(i.HAL_InitTick) for HAL_InitTick
    stm32h7xx_hal.o(i.HAL_Init) refers to stm32h7xx_hal.o(i.HAL_MspInit) for HAL_MspInit
    stm32h7xx_hal.o(i.HAL_Init) refers to system_stm32h7xx.o(.constdata) for D1CorePrescTable
    stm32h7xx_hal.o(i.HAL_Init) refers to system_stm32h7xx.o(.data) for SystemCoreClock
    stm32h7xx_hal.o(i.HAL_InitTick) refers to stm32h7xx_hal_cortex.o(i.HAL_SYSTICK_Config) for HAL_SYSTICK_Config
    stm32h7xx_hal.o(i.HAL_InitTick) refers to stm32h7xx_hal_cortex.o(i.HAL_NVIC_SetPriority) for HAL_NVIC_SetPriority
    stm32h7xx_hal.o(i.HAL_InitTick) refers to stm32h7xx_hal.o(.data) for .data
    stm32h7xx_hal.o(i.HAL_InitTick) refers to system_stm32h7xx.o(.data) for SystemCoreClock
    stm32h7xx_hal.o(i.HAL_SYSCFG_EnableVREFBUF) refers to core_delay.o(i.HAL_GetTick) for HAL_GetTick
    stm32h7xx_hal.o(i.HAL_SetTickFreq) refers to core_delay.o(i.HAL_InitTick) for HAL_InitTick
    stm32h7xx_hal.o(i.HAL_SetTickFreq) refers to stm32h7xx_hal.o(.data) for .data
    stm32h7xx_hal_cortex.o(i.HAL_NVIC_SetPriority) refers to stm32h7xx_hal_cortex.o(i.__NVIC_SetPriority) for __NVIC_SetPriority
    stm32h7xx_hal_cortex.o(i.HAL_SYSTICK_Config) refers to stm32h7xx_hal_cortex.o(i.__NVIC_SetPriority) for __NVIC_SetPriority
    stm32h7xx_hal_cortex.o(i.HAL_SYSTICK_IRQHandler) refers to stm32h7xx_hal_cortex.o(i.HAL_SYSTICK_Callback) for HAL_SYSTICK_Callback
    stm32h7xx_hal_dma.o(i.DMA_CalcBaseAndBitshift) refers to stm32h7xx_hal_dma.o(.constdata) for .constdata
    stm32h7xx_hal_dma.o(i.HAL_DMA_Abort) refers to core_delay.o(i.HAL_GetTick) for HAL_GetTick
    stm32h7xx_hal_dma.o(i.HAL_DMA_DeInit) refers to stm32h7xx_hal_dma.o(i.DMA_CalcBaseAndBitshift) for DMA_CalcBaseAndBitshift
    stm32h7xx_hal_dma.o(i.HAL_DMA_DeInit) refers to stm32h7xx_hal_dma.o(i.DMA_CalcDMAMUXChannelBaseAndMask) for DMA_CalcDMAMUXChannelBaseAndMask
    stm32h7xx_hal_dma.o(i.HAL_DMA_DeInit) refers to stm32h7xx_hal_dma.o(i.DMA_CalcDMAMUXRequestGenBaseAndMask) for DMA_CalcDMAMUXRequestGenBaseAndMask
    stm32h7xx_hal_dma.o(i.HAL_DMA_IRQHandler) refers to system_stm32h7xx.o(.data) for SystemCoreClock
    stm32h7xx_hal_dma.o(i.HAL_DMA_Init) refers to core_delay.o(i.HAL_GetTick) for HAL_GetTick
    stm32h7xx_hal_dma.o(i.HAL_DMA_Init) refers to stm32h7xx_hal_dma.o(i.DMA_CheckFifoParam) for DMA_CheckFifoParam
    stm32h7xx_hal_dma.o(i.HAL_DMA_Init) refers to stm32h7xx_hal_dma.o(i.DMA_CalcBaseAndBitshift) for DMA_CalcBaseAndBitshift
[...]
    mem_trim                                 0x08009ded   Thumb Code   316  mem.o(i.mem_trim)
    memp_free                                0x08009f79   Thumb Code    26  memp.o(i.memp_free)
    memp_free_pool                           0x08009fb5   Thumb Code    38  memp.o(i.memp_free_pool)
    memp_init                                0x08009ff1   Thumb Code    24  memp.o(i.memp_init)
    memp_init_pool                           0x0800a00d   Thumb Code    42  memp.o(i.memp_init_pool)
    memp_malloc                              0x0800a039   Thumb Code    30  memp.o(i.memp_malloc)
    memp_malloc_pool                         0x0800a07d   Thumb Code    30  memp.o(i.memp_malloc_pool)
    netbuf_delete                            0x0800a0b1   Thumb Code    36  netbuf.o(i.netbuf_delete)
    netconn_alloc                            0x0800a0d5   Thumb Code   126  api_msg.o(i.netconn_alloc)
    netconn_close                            0x0800a195   Thumb Code     6  api_lib.o(i.netconn_close)
    netconn_connect                          0x0800a1e9   Thumb Code    46  api_lib.o(i.netconn_connect)
    netconn_err                              0x0800a2db   Thumb Code    32  api_lib.o(i.netconn_err)
    netconn_free                             0x0800a2fd   Thumb Code    76  api_msg.o(i.netconn_free)
    netconn_new_with_proto_and_callback      0x0800a3f1   Thumb Code   128  api_lib.o(i.netconn_new_with_proto_and_callback)
    netconn_write_partly                     0x0800a4f1   Thumb Code    20  api_lib.o(i.netconn_write_partly)
    netconn_write_vectors_partly             0x0800a505   Thumb Code   196  api_lib.o(i.netconn_write_vectors_partly)
    netif_add                                0x0800a631   Thumb Code   216  netif.o(i.netif_add)
    netif_get_by_index                       0x0800a83d   Thumb Code    34  netif.o(i.netif_get_by_index)
    netif_init                               0x0800a865   Thumb Code     2  netif.o(i.netif_init)
    netif_set_addr                           0x0800a8cd   Thumb Code    94  netif.o(i.netif_set_addr)
    netif_set_default                        0x0800a931   Thumb Code     6  netif.o(i.netif_set_default)
    netif_set_down                           0x0800a93d   Thumb Code    36  netif.o(i.netif_set_down)
    netif_set_link_down                      0x0800a981   Thumb Code    28  netif.o(i.netif_set_link_down)
    netif_set_link_up                        0x0800a9c1   Thumb Code    54  netif.o(i.netif_set_link_up)
    netif_set_up                             0x0800aa1d   Thumb Code    34  netif.o(i.netif_set_up)
    pbuf_add_header                          0x0800aa5d   Thumb Code     6  pbuf.o(i.pbuf_add_header)
    pbuf_alloc                               0x0800aad5   Thumb Code   280  pbuf.o(i.pbuf_alloc)
    pbuf_alloc_reference                     0x0800ac99   Thumb Code    62  pbuf.o(i.pbuf_alloc_reference)
    pbuf_alloced_custom                      0x0800aced   Thumb Code    54  pbuf.o(i.pbuf_alloced_custom)
    pbuf_cat                                 0x0800ad25   Thumb Code    76  pbuf.o(i.pbuf_cat)
    pbuf_chain                               0x0800ade9   Thumb Code    20  pbuf.o(i.pbuf_chain)
    pbuf_clen                                0x0800adfd   Thumb Code    18  pbuf.o(i.pbuf_clen)
    pbuf_clone                               0x0800ae11   Thumb Code    42  pbuf.o(i.pbuf_clone)
    pbuf_copy                                0x0800ae51   Thumb Code   194  pbuf.o(i.pbuf_copy)
    pbuf_copy_partial                        0x0800afb5   Thumb Code   118  pbuf.o(i.pbuf_copy_partial)
    pbuf_free                                0x0800b071   Thumb Code   152  pbuf.o(i.pbuf_free)
    pbuf_free_custom                         0x0800b165   Thumb Code    24  ethernetif.o(i.pbuf_free_custom)
    pbuf_header_force                        0x0800b181   Thumb Code     6  pbuf.o(i.pbuf_header_force)
    pbuf_realloc                             0x0800b1b1   Thumb Code   114  pbuf.o(i.pbuf_realloc)
    pbuf_ref                                 0x0800b271   Thumb Code    40  pbuf.o(i.pbuf_ref)
    pbuf_remove_header                       0x0800b2ad   Thumb Code    72  pbuf.o(i.pbuf_remove_header)
    pvPortMalloc                             0x0800ba99   Thumb Code   206  heap_4.o(i.pvPortMalloc)
    pvTaskIncrementMutexHeldCount            0x0800bba5   Thumb Code    20  tasks.o(i.pvTaskIncrementMutexHeldCount)
    pxPortInitialiseStack                    0x0800bbbd   Thumb Code    30  port.o(i.pxPortInitialiseStack)
    sys_arch_mbox_fetch                      0x0800bea5   Thumb Code    66  sys_arch.o(i.sys_arch_mbox_fetch)
    sys_arch_mbox_tryfetch                   0x0800bee7   Thumb Code    32  sys_arch.o(i.sys_arch_mbox_tryfetch)
    sys_arch_protect                         0x0800bf07   Thumb Code    10  sys_arch.o(i.sys_arch_protect)
    sys_arch_sem_wait                        0x0800bf11   Thumb Code    64  sys_arch.o(i.sys_arch_sem_wait)
    sys_arch_unprotect                       0x0800bf51   Thumb Code     4  sys_arch.o(i.sys_arch_unprotect)
    sys_check_timeouts                       0x0800bf55   Thumb Code    62  timeouts.o(i.sys_check_timeouts)
    sys_init                                 0x0800bf99   Thumb Code    28  sys_arch.o(i.sys_init)
    sys_mbox_free                            0x0800bfbd   Thumb Code    20  sys_arch.o(i.sys_mbox_free)
    sys_mbox_new                             0x0800bfd1   Thumb Code    28  sys_arch.o(i.sys_mbox_new)
    sys_mbox_set_invalid                     0x0800bfed   Thumb Code     6  sys_arch.o(i.sys_mbox_set_invalid)
    sys_mbox_trypost                         0x0800bff3   Thumb Code    28  sys_arch.o(i.sys_mbox_trypost)
    sys_mbox_valid                           0x0800c00f   Thumb Code    14  sys_arch.o(i.sys_mbox_valid)
    sys_mutex_lock                           0x0800c01d   Thumb Code    12  sys_arch.o(i.sys_mutex_lock)
    sys_mutex_new                            0x0800c029   Thumb Code    30  sys_arch.o(i.sys_mutex_new)
    sys_mutex_unlock                         0x0800c065   Thumb Code    12  sys_arch.o(i.sys_mutex_unlock)
    sys_now                                  0x0800c071   Thumb Code    12  sys_arch.o(i.sys_now)
    sys_sem_free                             0x0800c081   Thumb Code    16  sys_arch.o(i.sys_sem_free)
    sys_sem_new                              0x0800c091   Thumb Code    62  sys_arch.o(i.sys_sem_new)
    sys_sem_set_invalid                      0x0800c0ed   Thumb Code     6  sys_arch.o(i.sys_sem_set_invalid)
    sys_sem_signal                           0x0800c0f5   Thumb Code    30  sys_arch.o(i.sys_sem_signal)
    sys_sem_valid                            0x0800c135   Thumb Code    14  sys_arch.o(i.sys_sem_valid)
    sys_thread_new                           0x0800c145   Thumb Code    52  sys_arch.o(i.sys_thread_new)
    sys_timeout                              0x0800c1a1   Thumb Code    38  timeouts.o(i.sys_timeout)
    sys_timeouts_init                        0x0800c2a1   Thumb Code    28  timeouts.o(i.sys_timeouts_init)
    sys_timeouts_sleeptime                   0x0800c2c5   Thumb Code    36  timeouts.o(i.sys_timeouts_sleeptime)
    tcp_abandon                              0x0800c2ed   Thumb Code   232  tcp.o(i.tcp_abandon)
    tcp_abort                                0x0800c429   Thumb Code     6  tcp.o(i.tcp_abort)
    tcp_accept                               0x0800c42f   Thumb Code    14  tcp.o(i.tcp_accept)
    tcp_alloc                                0x0800c43d   Thumb Code   160  tcp.o(i.tcp_alloc)
    tcp_arg                                  0x0800c4e9   Thumb Code     8  tcp.o(i.tcp_arg)
    tcp_close                                0x0800c4f1   Thumb Code    42  tcp.o(i.tcp_close)
    tcp_connect                              0x0800c6fd   Thumb Code   280  tcp.o(i.tcp_connect)
    tcp_eff_send_mss_netif                   0x0800c99d   Thumb Code    50  tcp.o(i.tcp_eff_send_mss_netif)
    tcp_enqueue_flags                        0x0800c9f9   Thumb Code   240  tcp_out.o(i.tcp_enqueue_flags)
    tcp_err                                  0x0800cbb5   Thumb Code    28  tcp.o(i.tcp_err)
    tcp_fasttmr                              0x0800cbf9   Thumb Code   102  tcp.o(i.tcp_fasttmr)
    tcp_free                                 0x0800cc65   Thumb Code    28  tcp.o(i.tcp_free)
    tcp_init                                 0x0800cdf5   Thumb Code     2  tcp.o(i.tcp_init)
    tcp_input                                0x0800cdf9   Thumb Code  1528  tcp_in.o(i.tcp_input)
    tcp_keepalive                            0x0800d465   Thumb Code    74  tcp_out.o(i.tcp_keepalive)
    tcp_netif_ip_addr_changed                0x0800d73d   Thumb Code    72  tcp.o(i.tcp_netif_ip_addr_changed)
    tcp_new_ip_type                          0x0800d7ed   Thumb Code     6  tcp.o(i.tcp_new_ip_type)
    tcp_next_iss                             0x0800d84d   Thumb Code    24  tcp.o(i.tcp_next_iss)
    tcp_output                               0x0800d885   Thumb Code   552  tcp_out.o(i.tcp_output)
    tcp_pcb_purge                            0x0800e035   Thumb Code    72  tcp.o(i.tcp_pcb_purge)
    tcp_pcb_remove                           0x0800e099   Thumb Code   124  tcp.o(i.tcp_pcb_remove)
    tcp_poll                                 0x0800e185   Thumb Code    44  tcp.o(i.tcp_poll)
    tcp_process_refused_data                 0x0800e6f5   Thumb Code   130  tcp.o(i.tcp_process_refused_data)
    tcp_recv                                 0x0800ed11   Thumb Code    28  tcp.o(i.tcp_recv)
    tcp_recv_null                            0x0800ed55   Thumb Code    52  tcp.o(i.tcp_recv_null)
    tcp_recved                               0x0800eda5   Thumb Code    92  tcp.o(i.tcp_recved)
    tcp_rexmit                               0x0800ee8d   Thumb Code   116  tcp_out.o(i.tcp_rexmit)
    tcp_rexmit_fast                          0x0800ef19   Thumb Code   102  tcp_out.o(i.tcp_rexmit_fast)
    tcp_rexmit_rto                           0x0800efa1   Thumb Code    36  tcp_out.o(i.tcp_rexmit_rto)
    tcp_rexmit_rto_commit                    0x0800efe1   Thumb Code    38  tcp_out.o(i.tcp_rexmit_rto_commit)
    tcp_rexmit_rto_prepare                   0x0800f02d   Thumb Code   124  tcp_out.o(i.tcp_rexmit_rto_prepare)
    tcp_rst                                  0x0800f0e1   Thumb Code   112  tcp_out.o(i.tcp_rst)
    tcp_seg_free                             0x0800f189   Thumb Code    30  tcp.o(i.tcp_seg_free)
    tcp_segs_free                            0x0800f1a7   Thumb Code    18  tcp.o(i.tcp_segs_free)
    tcp_send_empty_ack                       0x0800f1b9   Thumb Code   106  tcp_out.o(i.tcp_send_empty_ack)
    tcp_send_fin                             0x0800f245   Thumb Code    80  tcp_out.o(i.tcp_send_fin)
    tcp_sent                                 0x0800f2b1   Thumb Code    26  tcp.o(i.tcp_sent)
    tcp_shutdown                             0x0800f2f5   Thumb Code   114  tcp.o(i.tcp_shutdown)
    tcp_slowtmr                              0x0800f385   Thumb Code   834  tcp.o(i.tcp_slowtmr)
    tcp_split_unsent_seg                     0x0800f8a5   Thumb Code   338  tcp_out.o(i.tcp_split_unsent_seg)
    tcp_timer_needed                         0x0800fa61   Thumb Code    36  timeouts.o(i.tcp_timer_needed)
    tcp_tmr                                  0x0800fb2d   Thumb Code    28  tcp.o(i.tcp_tmr)
    tcp_trigger_input_pcb_close              0x0800fb4d   Thumb Code    12  tcp_in.o(i.tcp_trigger_input_pcb_close)
    tcp_update_rcv_ann_wnd                   0x0800fb5d   Thumb Code    78  tcp.o(i.tcp_update_rcv_ann_wnd)
    tcp_write                                0x0800fbed   Thumb Code  1032  tcp_out.o(i.tcp_write)
    tcp_zero_window_probe                    0x080102f9   Thumb Code   198  tcp_out.o(i.tcp_zero_window_probe)
    tcpip_init                               0x080103e5   Thumb Code    68  tcpip.o(i.tcpip_init)
    tcpip_inpkt                              0x08010481   Thumb Code    80  tcpip.o(i.tcpip_inpkt)
    tcpip_input                              0x080104e5   Thumb Code    22  tcpip.o(i.tcpip_input)
    tcpip_send_msg_wait_sem                  0x08010505   Thumb Code    26  tcpip.o(i.tcpip_send_msg_wait_sem)
    udp_bind                                 0x08010685   Thumb Code   136  udp.o(i.udp_bind)
    udp_connect                              0x0801072d   Thumb Code   102  udp.o(i.udp_connect)
    udp_init                                 0x080107d1   Thumb Code     2  udp.o(i.udp_init)
    udp_input                                0x080107d5   Thumb Code   342  udp.o(i.udp_input)
    udp_netif_ip_addr_changed                0x08010a39   Thumb Code    48  udp.o(i.udp_netif_ip_addr_changed)
    udp_new                                  0x08010a6d   Thumb Code    28  udp.o(i.udp_new)
    udp_new_ip_type                          0x08010a89   Thumb Code     4  udp.o(i.udp_new_ip_type)
    udp_recv                                 0x08010ad5   Thumb Code    16  udp.o(i.udp_recv)
    udp_remove                               0x08010afd   Thumb Code    52  udp.o(i.udp_remove)
    udp_sendto_if                            0x08010b4d   Thumb Code   100  udp.o(i.udp_sendto_if)
    udp_sendto_if_src                        0x08010c29   Thumb Code   264  udp.o(i.udp_sendto_if_src)
    uxListRemove                             0x08010e0d   Thumb Code    36  list.o(i.uxListRemove)
    uxQueueMessagesWaiting                   0x08010e31   Thumb Code    34  queue.o(i.uxQueueMessagesWaiting)
    vListInitialise                          0x08010e81   Thumb Code    22  list.o(i.vListInitialise)
    vListInitialiseItem                      0x08010e97   Thumb Code     6  list.o(i.vListInitialiseItem)
    vListInsert                              0x08010e9d   Thumb Code    48  list.o(i.vListInsert)
    vListInsertEnd                           0x08010ecd   Thumb Code    24  list.o(i.vListInsertEnd)
    vPortEnterCritical                       0x08010ee5   Thumb Code    54  port.o(i.vPortEnterCritical)
    vPortExitCritical                        0x08010f65   Thumb Code    38  port.o(i.vPortExitCritical)
    vPortFree                                0x08010fd1   Thumb Code    94  heap_4.o(i.vPortFree)
    vPortSetupTimerInterrupt                 0x0801106d   Thumb Code    26  port.o(i.vPortSetupTimerInterrupt)
    vPortValidateInterruptPriority           0x0801108d   Thumb Code    70  port.o(i.vPortValidateInterruptPriority)
    vQueueDelete                             0x0801111d   Thumb Code    36  queue.o(i.vQueueDelete)
    vQueueUnregisterQueue                    0x0801116d   Thumb Code    36  queue.o(i.vQueueUnregisterQueue)
    vTaskDelay                               0x08011195   Thumb Code    66  tasks.o(i.vTaskDelay)
    vTaskDelete                              0x0801120d   Thumb Code   152  tasks.o(i.vTaskDelete)
    vTaskMissedYield                         0x080112e1   Thumb Code     8  tasks.o(i.vTaskMissedYield)
    vTaskPlaceOnEventList                    0x080112ed   Thumb Code    46  tasks.o(i.vTaskPlaceOnEventList)
    vTaskPriorityInherit                     0x0801134d   Thumb Code   126  tasks.o(i.vTaskPriorityInherit)
    vTaskSetTimeOutState                     0x080113d5   Thumb Code    32  tasks.o(i.vTaskSetTimeOutState)
    vTaskStartScheduler                      0x08011425   Thumb Code    92  tasks.o(i.vTaskStartScheduler)
    vTaskSuspendAll                          0x080114bd   Thumb Code    10  tasks.o(i.vTaskSuspendAll)
    vTaskSwitchContext                       0x080114cd   Thumb Code    84  tasks.o(i.vTaskSwitchContext)
    xPortStartScheduler                      0x08011555   Thumb Code   146  port.o(i.xPortStartScheduler)
    xPortSysTickHandler                      0x08011639   Thumb Code    42  port.o(i.xPortSysTickHandler)
    xQueueCreateCountingSemaphore            0x08011669   Thumb Code    56  queue.o(i.xQueueCreateCountingSemaphore)
    xQueueCreateMutex                        0x080116cd   Thumb Code    24  queue.o(i.xQueueCreateMutex)
    xQueueGenericCreate                      0x080116e5   Thumb Code    64  queue.o(i.xQueueGenericCreate)
    xQueueGenericReceive                     0x08011751   Thumb Code   374  queue.o(i.xQueueGenericReceive)
    xQueueGenericReset                       0x080118f9   Thumb Code   130  queue.o(i.xQueueGenericReset)
    xQueueGenericSend                        0x080119ad   Thumb Code   334  queue.o(i.xQueueGenericSend)
    xQueueGiveFromISR                        0x08011b2d   Thumb Code   150  queue.o(i.xQueueGiveFromISR)
    xTaskCheckForTimeOut                     0x08011bf1   Thumb Code   104  tasks.o(i.xTaskCheckForTimeOut)
    xTaskCreate                              0x08011c89   Thumb Code    96  tasks.o(i.xTaskCreate)
    xTaskGetSchedulerState                   0x08011ce9   Thumb Code    24  tasks.o(i.xTaskGetSchedulerState)
    xTaskGetTickCount                        0x08011d05   Thumb Code     6  tasks.o(i.xTaskGetTickCount)
    xTaskIncrementTick                       0x08011d11   Thumb Code   192  tasks.o(i.xTaskIncrementTick)
    xTaskPriorityDisinherit                  0x08011e05   Thumb Code   136  tasks.o(i.xTaskPriorityDisinherit)
    xTaskRemoveFromEventList                 0x08011ec1   Thumb Code   108  tasks.o(i.xTaskRemoveFromEventList)
    xTaskResumeAll                           0x08011f65   Thumb Code   184  tasks.o(i.xTaskResumeAll)
    D1CorePrescTable                         0x08012058   Data          16  system_stm32h7xx.o(.constdata)
    netconn_aborted                          0x08012068   Data           1  api_msg.o(.constdata)
    netconn_reset                            0x08012069   Data           1  api_msg.o(.constdata)
    netconn_closed                           0x0801206a   Data           1  api_msg.o(.constdata)
    memp_UDP_PCB                             0x0801206c   Data          12  memp.o(.constdata)
    memp_TCP_PCB                             0x08012078   Data          12  memp.o(.constdata)
    memp_TCP_PCB_LISTEN                      0x08012084   Data          12  memp.o(.constdata)
    memp_TCP_SEG                             0x08012090   Data          12  memp.o(.constdata)
    memp_REASSDATA                           0x0801209c   Data          12  memp.o(.constdata)
    memp_FRAG_PBUF                           0x080120a8   Data          12  memp.o(.constdata)
    memp_NETBUF                              0x080120b4   Data          12  memp.o(.constdata)
    memp_NETCONN                             0x080120c0   Data          12  memp.o(.constdata)
    memp_TCPIP_MSG_API                       0x080120cc   Data          12  memp.o(.constdata)
    memp_TCPIP_MSG_INPKT                     0x080120d8   Data          12  memp.o(.constdata)
    memp_SYS_TIMEOUT                         0x080120e4   Data          12  memp.o(.constdata)
    memp_PBUF                                0x080120f0   Data          12  memp.o(.constdata)
    memp_PBUF_POOL                           0x080120fc   Data          12  memp.o(.constdata)
    memp_pools                               0x08012108   Data          52  memp.o(.constdata)
    tcp_pcb_lists                            0x08012180   Data          16  tcp.o(.constdata)
    lwip_cyclic_timers                       0x08012190   Data          40  timeouts.o(.constdata)
    ip_addr_any                              0x080121b8   Data           4  ip4_addr.o(.constdata)
    ip_addr_broadcast                        0x080121bc   Data           4  ip4_addr.o(.constdata)
    ethbroadcast                             0x080121c0   Data           6  ethernet.o(.constdata)
    ethzero                                  0x080121c6   Data           6  ethernet.o(.constdata)
    memp_RX_POOL                             0x080121cc   Data          12  ethernetif.o(.constdata)
    Region$$Table$$Base                      0x08012430   Number         0  anon$$obj.o(Region$$Table)
    Region$$Table$$Limit                     0x08012450   Number         0  anon$$obj.o(Region$$Table)
    SystemCoreClock                          0x24000000   Data           4  system_stm32h7xx.o(.data)
    SystemD2Clock                            0x24000004   Data           4  system_stm32h7xx.o(.data)
    uwTickFreq                               0x24000008   Data           1  stm32h7xx_hal.o(.data)
    uwTickPrio                               0x2400000c   Data           4  stm32h7xx_hal.o(.data)
    uwTick                                   0x24000010   Data           4  stm32h7xx_hal.o(.data)
    pxCurrentTCB                             0x24000020   Data           4  tasks.o(.data)
    lock_tcpip_core                          0x2400008c   Data           4  tcpip.o(.data)
    netif_list                               0x240000d8   Data           4  netif.o(.data)
    netif_default                            0x240000dc   Data           4  netif.o(.data)
    tcp_active_pcbs_changed                  0x240000e0   Data           1  tcp.o(.data)
    tcp_ticks                                0x240000ec   Data           4  tcp.o(.data)
    tcp_bound_pcbs                           0x240000f0   Data           4  tcp.o(.data)
    tcp_listen_pcbs                          0x240000f4   Data           4  tcp.o(.data)
    tcp_active_pcbs                          0x240000f8   Data           4  tcp.o(.data)
    tcp_tw_pcbs                              0x240000fc   Data           4  tcp.o(.data)
    tcp_input_pcb                            0x24000120   Data           4  tcp_in.o(.data)
    udp_pcbs                                 0x24000134   Data           4  udp.o(.data)
    dhcp_rx_options_given                    0x24000144   Data           8  dhcp_1.o(.data)
    s_xSemaphore                             0x24000158   Data           4  ethernetif.o(.data)
    tx_sem                                   0x2400015c   Data           4  ethernetif.o(.data)
    eth_tx_mb                                0x24000160   Data           4  ethernetif.o(.data)
    lwip_sys_now                             0x24000170   Data           4  sys_arch.o(.data)
    ipaddr                                   0x24000174   Data           4  sys_arch.o(.data)
    netmask                                  0x24000178   Data           4  sys_arch.o(.data)
    gw                                       0x2400017c   Data           4  sys_arch.o(.data)
    __stdout                                 0x24000180   Data           4  stdout.o(.data)
    UartHandle                               0x24000184   Data         140  bsp_debug_usart.o(.bss)
    sendbuf                                  0x24000210   Data         256  dhcp.o(.bss)
    xQueueRegistry                           0x24000310   Data          80  queue.o(.bss)
    ip_data                                  0x24006a44   Data          24  ip.o(.bss)
    ram_heap                                 0x24006a5c   Data       25619  mem.o(.bss)
    memp_memory_UDP_PCB_base                 0x2400ce6f   Data         131  memp.o(.bss)
    memp_memory_TCP_PCB_base                 0x2400cef2   Data         915  memp.o(.bss)
    memp_memory_TCP_PCB_LISTEN_base          0x2400d285   Data         171  memp.o(.bss)
    memp_memory_TCP_SEG_base                 0x2400d330   Data        1923  memp.o(.bss)
    memp_memory_REASSDATA_base               0x2400dab3   Data         163  memp.o(.bss)
    memp_memory_FRAG_PBUF_base               0x2400db56   Data         363  memp.o(.bss)
    memp_memory_NETBUF_base                  0x2400dcc1   Data          35  memp.o(.bss)
    memp_memory_NETCONN_base                 0x2400dce4   Data         163  memp.o(.bss)
    memp_memory_TCPIP_MSG_API_base           0x2400dd87   Data         131  memp.o(.bss)
    memp_memory_TCPIP_MSG_INPKT_base         0x2400de0a   Data         131  memp.o(.bss)
    memp_memory_SYS_TIMEOUT_base             0x2400de8d   Data          99  memp.o(.bss)
    memp_memory_PBUF_base                    0x2400def0   Data         403  memp.o(.bss)
    memp_memory_PBUF_POOL_base               0x2400e083   Data       45963  memp.o(.bss)
    dhcp_rx_options_val                      0x24019420   Data          32  dhcp_1.o(.bss)
    EthHandle                                0x24019540   Data         112  ethernetif.o(.bss)
    TxConfig                                 0x240195b0   Data          52  ethernetif.o(.bss)
    MACConfig                                0x240195e4   Data         100  ethernetif.o(.bss)
    memp_memory_RX_POOL_base                 0x24019648   Data         403  ethernetif.o(.bss)
    gnetif                                   0x240197fc   Data          52  sys_arch.o(.bss)
    __initial_sp                             0x24019c30   Data           0  startup_stm32h743xx.o(STACK)
    DMARxDscrTab                             0x30040000   Data          96  ethernetif.o(.ARM.__AT_0x30040000)
    DMATxDscrTab                             0x30040060   Data          96  ethernetif.o(.ARM.__AT_0x30040060)
    Rx_Buff                                  0x30040200   Data        6144  ethernetif.o(.ARM.__AT_0x30040200)



==============================================================================

Memory Map of the image

  Image Entry point : 0x08000299

  Load Region LR_IROM1 (Base: 0x08000000, Size: 0x000125d4, Max: 0x00200000, ABSOLUTE, COMPRESSED[0x00012470])

    Execution Region ER_IROM1 (Exec base: 0x08000000, Load base: 0x08000000, Size: 0x00012450, Max: 0x00200000, ABSOLUTE)

    Exec Addr    Load Addr    Size         Type   Attr      Idx    E Section Name        Object

    0x08000000   0x08000000   0x00000298   Data   RO            3    RESET               startup_stm32h743xx.o
    0x08000298   0x08000298   0x00000000   Code   RO        11470  * .ARM.Collect$$$$00000000  mc_w.l(entry.o)
    0x08000298   0x08000298   0x00000004   Code   RO        11782    .ARM.Collect$$$$00000001  mc_w.l(entry2.o)
    0x0800029c   0x0800029c   0x00000004   Code   RO        11785    .ARM.Collect$$$$00000004  mc_w.l(entry5.o)
    0x080002a0   0x080002a0   0x00000000   Code   RO        11787    .ARM.Collect$$$$00000008  mc_w.l(entry7b.o)
    0x080002a0   0x080002a0   0x00000000   Code   RO        11789    .ARM.Collect$$$$0000000A  mc_w.l(entry8b.o)
    0x080002a0   0x080002a0   0x00000008   Code   RO        11790    .ARM.Collect$$$$0000000B  mc_w.l(entry9a.o)
    0x080002a8   0x080002a8   0x00000004   Code   RO        11797    .ARM.Collect$$$$0000000E  mc_w.l(entry12b.o)
    0x080002ac   0x080002ac   0x00000000   Code   RO        11792    .ARM.Collect$$$$0000000F  mc_w.l(entry10a.o)
    0x080002ac   0x080002ac   0x00000000   Code   RO        11794    .ARM.Collect$$$$00000011  mc_w.l(entry11a.o)
    0x080002ac   0x080002ac   0x00000004   Code   RO        11783    .ARM.Collect$$$$00002712  mc_w.l(entry2.o)
    0x080002b0   0x080002b0   0x000000ba   Code   RO         7386    .emb_text           port.o
    0x0800036a   0x0800036a   0x00000002   PAD
    0x0800036c   0x0800036c   0x00000024   Code   RO            4    .text               startup_stm32h743xx.o
    0x08000390   0x08000390   0x00000062   Code   RO        11473    .text               mc_w.l(uldiv.o)
    0x080003f2   0x080003f2   0x00000040   Code   RO        11505    .text               mc_w.l(memmovea.o)
    0x08000432   0x08000432   0x00000024   Code   RO        11507    .text               mc_w.l(memseta.o)
    0x08000456   0x08000456   0x0000001a   Code   RO        11511    .text               mc_w.l(memcmp.o)
    0x08000470   0x08000470   0x0000001e   Code   RO        11801    .text               mc_w.l(llshl.o)
    0x0800048e   0x0800048e   0x00000020   Code   RO        11803    .text               mc_w.l(llushr.o)
    0x080004ae   0x080004ae   0x00000002   PAD
    0x080004b0   0x080004b0   0x00000024   Code   RO        11825    .text               mc_w.l(init.o)
    0x080004d4   0x080004d4   0x00000056   Code   RO        11843    .text               mc_w.l(__dczerorl2.o)
    0x0800052a   0x0800052a   0x00000002   PAD
    0x0800052c   0x0800052c   0x000001bc   Code   RO         6021    i.AppTaskCreate     main.o
    0x080006e8   0x080006e8   0x0000005c   Code   RO         6343    i.BSP_Init          board.o
    0x08000744   0x08000744   0x00000002   Code   RO         6113    i.BusFault_Handler  stm32h7xx_it.o
    0x08000746   0x08000746   0x00000002   PAD
    0x08000748   0x08000748   0x00000080   Code   RO         6344    i.CPU_CACHE_Enable  board.o
    0x080007c8   0x080007c8   0x000000c4   Code   RO         6216    i.DEBUG_USART_Config  bsp_debug_usart.o
    0x0800088c   0x0800088c   0x00000002   Code   RO         6114    i.DebugMon_Handler  stm32h7xx_it.o
    0x0800088e   0x0800088e   0x0000005c   Code   RO         1065    i.ETH_DMARxDescListInit  stm32h7xx_hal_eth.o
    0x080008ea   0x080008ea   0x0000004c   Code   RO         1066    i.ETH_DMATxDescListInit  stm32h7xx_hal_eth.o
    0x08000936   0x08000936   0x00000002   PAD
    0x08000938   0x08000938   0x00000160   Code   RO         6391    i.ETH_GPIO_Config   lan8720a.o
    0x08000a98   0x08000a98   0x00000028   Code   RO         6392    i.ETH_IRQHandler    lan8720a.o
    0x08000ac0   0x08000ac0   0x000000d8   Code   RO         1067    i.ETH_MACDMAConfig  stm32h7xx_hal_eth.o
    0x08000b98   0x08000b98   0x00000078   Code   RO         1068    i.ETH_MAC_MDIO_ClkConfig  stm32h7xx_hal_eth.o
    0x08000c10   0x08000c10   0x0000031c   Code   RO         1069    i.ETH_Prepare_Tx_Descriptors  stm32h7xx_hal_eth.o
    0x08000f2c   0x08000f2c   0x000000a0   Code   RO         1070    i.ETH_SetDMAConfig  stm32h7xx_hal_eth.o
    0x08000fcc   0x08000fcc   0x00000194   Code   RO         1071    i.ETH_SetMACConfig  stm32h7xx_hal_eth.o
    0x08001160   0x08001160   0x0000006c   Code   RO         6345    i.GPIO_CLK_Init     board.o
    0x080011cc   0x080011cc   0x00000024   Code   RO          170    i.HAL_Delay         stm32h7xx_hal.o
    0x080011f0   0x080011f0   0x00000078   Code   RO         1072    i.HAL_ETH_BuildRxDescriptors  stm32h7xx_hal_eth.o
    0x08001268   0x08001268   0x00000002   Code   RO         1073    i.HAL_ETH_DMAErrorCallback  stm32h7xx_hal_eth.o
    0x0800126a   0x0800126a   0x0000003e   Code   RO         1075    i.HAL_ETH_DescAssignMemory  stm32h7xx_hal_eth.o
    0x080012a8   0x080012a8   0x00000002   Code   RO         1076    i.HAL_ETH_EEECallback  stm32h7xx_hal_eth.o
    0x080012aa   0x080012aa   0x000001cc   Code   RO         1082    i.HAL_ETH_GetMACConfig  stm32h7xx_hal_eth.o
    0x08001476   0x08001476   0x0000009c   Code   RO         1086    i.HAL_ETH_GetRxDataBuffer  stm32h7xx_hal_eth.o
    0x08001512   0x08001512   0x00000036   Code   RO         1088    i.HAL_ETH_GetRxDataLength  stm32h7xx_hal_eth.o
    0x08001548   0x08001548   0x00000128   Code   RO         1090    i.HAL_ETH_IRQHandler  stm32h7xx_hal_eth.o
    0x08001670   0x08001670   0x00000128   Code   RO         1091    i.HAL_ETH_Init      stm32h7xx_hal_eth.o
    0x08001798   0x08001798   0x000000da   Code   RO         1092    i.HAL_ETH_IsRxDataAvailable  stm32h7xx_hal_eth.o
    0x08001872   0x08001872   0x00000002   Code   RO         1093    i.HAL_ETH_MACErrorCallback  stm32h7xx_hal_eth.o
    0x08001874   0x08001874   0x00000080   Code   RO         6394    i.HAL_ETH_MspInit   lan8720a.o
    0x080018f4   0x080018f4   0x00000002   Code   RO         1096    i.HAL_ETH_PMTCallback  stm32h7xx_hal_eth.o
    0x080018f6   0x080018f6   0x0000006a   Code   RO         1097    i.HAL_ETH_ReadPHYRegister  stm32h7xx_hal_eth.o
    0x08001960   0x08001960   0x00000040   Code   RO         6395    i.HAL_ETH_RxCpltCallback  lan8720a.o
    0x080019a0   0x080019a0   0x0000001c   Code   RO         1101    i.HAL_ETH_SetMACConfig  stm32h7xx_hal_eth.o
    0x080019bc   0x080019bc   0x000000ae   Code   RO         1108    i.HAL_ETH_Start_IT  stm32h7xx_hal_eth.o
    0x08001a6a   0x08001a6a   0x0000008a   Code   RO         1110    i.HAL_ETH_Stop_IT   stm32h7xx_hal_eth.o
    0x08001af4   0x08001af4   0x000000c4   Code   RO         1111    i.HAL_ETH_Transmit  stm32h7xx_hal_eth.o
    0x08001bb8   0x08001bb8   0x00000002   Code   RO         6396    i.HAL_ETH_TxCpltCallback  lan8720a.o
    0x08001bba   0x08001bba   0x00000002   Code   RO         1114    i.HAL_ETH_WakeUpCallback  stm32h7xx_hal_eth.o
    0x08001bbc   0x08001bbc   0x00000064   Code   RO         1115    i.HAL_ETH_WritePHYRegister  stm32h7xx_hal_eth.o
    0x08001c20   0x08001c20   0x000001f0   Code   RO         1817    i.HAL_GPIO_Init     stm32h7xx_hal_gpio.o
    0x08001e10   0x08001e10   0x0000000e   Code   RO         1821    i.HAL_GPIO_WritePin  stm32h7xx_hal_gpio.o
    0x08001e1e   0x08001e1e   0x00000002   PAD
    0x08001e20   0x08001e20   0x0000000c   Code   RO          185    i.HAL_GetREVID      stm32h7xx_hal.o
    0x08001e2c   0x08001e2c   0x0000001c   Code   RO         6267    i.HAL_GetTick       core_delay.o
    0x08001e48   0x08001e48   0x00000010   Code   RO          192    i.HAL_IncTick       stm32h7xx_hal.o
    0x08001e58   0x08001e58   0x00000058   Code   RO          193    i.HAL_Init          stm32h7xx_hal.o
    0x08001eb0   0x08001eb0   0x00000024   Code   RO         6268    i.HAL_InitTick      core_delay.o
    0x08001ed4   0x08001ed4   0x00000058   Code   RO          576    i.HAL_MPU_ConfigRegion  stm32h7xx_hal_cortex.o
    0x08001f2c   0x08001f2c   0x0000001c   Code   RO          577    i.HAL_MPU_Disable   stm32h7xx_hal_cortex.o
    0x08001f48   0x08001f48   0x00000024   Code   RO          578    i.HAL_MPU_Enable    stm32h7xx_hal_cortex.o
    0x08001f6c   0x08001f6c   0x00000002   Code   RO          196    i.HAL_MspInit       stm32h7xx_hal.o
    0x08001f6e   0x08001f6e   0x0000001a   Code   RO          581    i.HAL_NVIC_EnableIRQ  stm32h7xx_hal_cortex.o
    0x08001f88   0x08001f88   0x00000040   Code   RO          587    i.HAL_NVIC_SetPriority  stm32h7xx_hal_cortex.o
    0x08001fc8   0x08001fc8   0x00000024   Code   RO          588    i.HAL_NVIC_SetPriorityGrouping  stm32h7xx_hal_cortex.o
    0x08001fec   0x08001fec   0x0000002c   Code   RO         3709    i.HAL_RCCEx_GetD1SysClockFreq  stm32h7xx_hal_rcc_ex.o
    0x08002018   0x08002018   0x00000024   Code   RO         3710    i.HAL_RCCEx_GetD3PCLK1Freq  stm32h7xx_hal_rcc_ex.o
    0x0800203c   0x0800203c   0x000001c0   Code   RO         3712    i.HAL_RCCEx_GetPLL2ClockFreq  stm32h7xx_hal_rcc_ex.o
    0x080021fc   0x080021fc   0x000001c0   Code   RO         3713    i.HAL_RCCEx_GetPLL3ClockFreq  stm32h7xx_hal_rcc_ex.o
    0x080023bc   0x080023bc   0x0000091c   Code   RO         3717    i.HAL_RCCEx_PeriphCLKConfig  stm32h7xx_hal_rcc_ex.o
    0x08002cd8   0x08002cd8   0x00000264   Code   RO         3596    i.HAL_RCC_ClockConfig  stm32h7xx_hal_rcc.o
    0x08002f3c   0x08002f3c   0x0000002c   Code   RO         3601    i.HAL_RCC_GetHCLKFreq  stm32h7xx_hal_rcc.o
    0x08002f68   0x08002f68   0x00000024   Code   RO         3603    i.HAL_RCC_GetPCLK1Freq  stm32h7xx_hal_rcc.o
    0x08002f8c   0x08002f8c   0x00000024   Code   RO         3604    i.HAL_RCC_GetPCLK2Freq  stm32h7xx_hal_rcc.o
    0x08002fb0   0x08002fb0   0x000001b4   Code   RO         3605    i.HAL_RCC_GetSysClockFreq  stm32h7xx_hal_rcc.o
    0x08003164   0x08003164   0x00000090   Code   RO         3606    i.HAL_RCC_MCOConfig  stm32h7xx_hal_rcc.o
    0x080031f4   0x080031f4   0x00000594   Code   RO         3608    i.HAL_RCC_OscConfig  stm32h7xx_hal_rcc.o
    0x08003788   0x08003788   0x00000014   Code   RO          205    i.HAL_SYSCFG_ETHInterfaceSelect  stm32h7xx_hal.o
    0x0800379c   0x0800379c   0x00000070   Code   RO         5164    i.HAL_UART_Init     stm32h7xx_hal_uart.o
    0x0800380c   0x0800380c   0x00000002   Code   RO         5166    i.HAL_UART_MspInit  stm32h7xx_hal_uart.o
    0x0800380e   0x0800380e   0x000000c8   Code   RO         5173    i.HAL_UART_Transmit  stm32h7xx_hal_uart.o
    0x080038d6   0x080038d6   0x00000002   Code   RO         6115    i.HardFault_Handler  stm32h7xx_it.o
    0x080038d8   0x080038d8   0x00000018   Code   RO         6397    i.LAN8720_GetLinkState  lan8720a.o
    0x080038f0   0x080038f0   0x00000062   Code   RO         6398    i.LAN8720_Init      lan8720a.o
    0x08003952   0x08003952   0x00000002   PAD
    0x08003954   0x08003954   0x00000040   Code   RO         6192    i.LED_GPIO_Config   bsp_led.o
    0x08003994   0x08003994   0x00000084   Code   RO         6346    i.MPU_Config        board.o
    0x08003a18   0x08003a18   0x00000002   Code   RO         6116    i.MemManage_Handler  stm32h7xx_it.o
    0x08003a1a   0x08003a1a   0x00000002   Code   RO         6117    i.NMI_Handler       stm32h7xx_it.o
    0x08003a1c   0x08003a1c   0x00000124   Code   RO         3720    i.RCCEx_PLL2_Config  stm32h7xx_hal_rcc_ex.o
    0x08003b40   0x08003b40   0x00000124   Code   RO         3721    i.RCCEx_PLL3_Config  stm32h7xx_hal_rcc_ex.o
    0x08003c64   0x08003c64   0x00000024   Code   RO        11170    i.SCB_InvalidateDCache_by_Addr  ethernetif.o
    0x08003c88   0x08003c88   0x0000002e   Code   RO         6118    i.SysTick_Handler   stm32h7xx_it.o
    0x08003cb6   0x08003cb6   0x00000002   PAD
    0x08003cb8   0x08003cb8   0x000000ac   Code   RO         6347    i.SystemClock_Config  board.o
    0x08003d64   0x08003d64   0x00000098   Code   RO           14    i.SystemInit        system_stm32h7xx.o
    0x08003dfc   0x08003dfc   0x000000f0   Code   RO        11269    i.TCPIP_Init        sys_arch.o
    0x08003eec   0x08003eec   0x0000001c   Code   RO         6022    i.Test1_Task        main.o
    0x08003f08   0x08003f08   0x0000001c   Code   RO         6023    i.Test2_Task        main.o
    0x08003f24   0x08003f24   0x000000c8   Code   RO         5178    i.UART_AdvFeatureConfig  stm32h7xx_hal_uart.o
    0x08003fec   0x08003fec   0x0000005e   Code   RO         5179    i.UART_CheckIdleState  stm32h7xx_hal_uart.o
    0x0800404a   0x0800404a   0x00000002   PAD
    0x0800404c   0x0800404c   0x00001540   Code   RO         5197    i.UART_SetConfig    stm32h7xx_hal_uart.o
    0x0800558c   0x0800558c   0x000000a8   Code   RO         5202    i.UART_WaitOnFlagUntilTimeout  stm32h7xx_hal_uart.o
    0x08005634   0x08005634   0x00000002   Code   RO         6119    i.UsageFault_Handler  stm32h7xx_it.o
    0x08005636   0x08005636   0x00000002   PAD
    0x08005638   0x08005638   0x00000020   Code   RO        11726    i.__0printf$8       mc_w.l(printf8.o)
    0x08005658   0x08005658   0x00000028   Code   RO        11728    i.__0sprintf$8      mc_w.l(printf8.o)
    0x08005680   0x08005680   0x00000020   Code   RO          594    i.__NVIC_SetPriority  stm32h7xx_hal_cortex.o
    0x080056a0   0x080056a0   0x0000000e   Code   RO        11837    i.__scatterload_copy  mc_w.l(handlers.o)
    0x080056ae   0x080056ae   0x00000002   Code   RO        11838    i.__scatterload_null  mc_w.l(handlers.o)
    0x080056b0   0x080056b0   0x0000000e   Code   RO        11839    i.__scatterload_zeroinit  mc_w.l(handlers.o)
    0x080056be   0x080056be   0x00000002   PAD
    0x080056c0   0x080056c0   0x00000404   Code   RO        11733    i._printf_core      mc_w.l(printf8.o)
    0x08005ac4   0x08005ac4   0x00000024   Code   RO        11734    i._printf_post_padding  mc_w.l(printf8.o)
    0x08005ae8   0x08005ae8   0x0000002e   Code   RO        11735    i._printf_pre_padding  mc_w.l(printf8.o)
    0x08005b16   0x08005b16   0x0000000a   Code   RO        11737    i._sputc            mc_w.l(printf8.o)
    0x08005b20   0x08005b20   0x00000034   Code   RO        10388    i.dhcp_arp_reply    dhcp_1.o
    0x08005b54   0x08005b54   0x00000120   Code   RO        10389    i.dhcp_bind         dhcp_1.o
    0x08005c74   0x08005c74   0x00000034   Code   RO        10390    i.dhcp_check        dhcp_1.o
    0x08005ca8   0x08005ca8   0x00000064   Code   RO        10392    i.dhcp_coarse_tmr   dhcp_1.o
    0x08005d0c   0x08005d0c   0x00000178   Code   RO        10393    i.dhcp_create_msg   dhcp_1.o
    0x08005e84   0x08005e84   0x00000050   Code   RO        10394    i.dhcp_dec_pcb_refcount  dhcp_1.o
    0x08005ed4   0x08005ed4   0x0000009c   Code   RO        10395    i.dhcp_decline      dhcp_1.o
    0x08005f70   0x08005f70   0x000000e4   Code   RO        10396    i.dhcp_discover     dhcp_1.o
    0x08006054   0x08006054   0x00000034   Code   RO        10397    i.dhcp_fine_tmr     dhcp_1.o
    0x08006088   0x08006088   0x0000006c   Code   RO        10398    i.dhcp_handle_ack   dhcp_1.o
    0x080060f4   0x080060f4   0x00000028   Code   RO        10399    i.dhcp_handle_nak   dhcp_1.o
    0x0800611c   0x0800611c   0x00000038   Code   RO        10400    i.dhcp_handle_offer  dhcp_1.o
    0x08006154   0x08006154   0x00000084   Code   RO        10401    i.dhcp_inc_pcb_refcount  dhcp_1.o
    0x080061d8   0x080061d8   0x00000024   Code   RO         6469    i.dhcp_netconn_init  dhcp.o
    0x080061fc   0x080061fc   0x00000060   Code   RO        10403    i.dhcp_network_changed  dhcp_1.o
    0x0800625c   0x0800625c   0x00000030   Code   RO        10404    i.dhcp_option       dhcp_1.o
    0x0800628c   0x0800628c   0x00000054   Code   RO        10405    i.dhcp_option_byte  dhcp_1.o
    0x080062e0   0x080062e0   0x00000070   Code   RO        10406    i.dhcp_option_long  dhcp_1.o
    0x08006350   0x08006350   0x00000060   Code   RO        10407    i.dhcp_option_short  dhcp_1.o
    0x080063b0   0x080063b0   0x00000030   Code   RO        10408    i.dhcp_option_trailer  dhcp_1.o
    0x080063e0   0x080063e0   0x00000378   Code   RO        10409    i.dhcp_parse_reply  dhcp_1.o
    0x08006758   0x08006758   0x000000d4   Code   RO        10410    i.dhcp_rebind       dhcp_1.o
    0x0800682c   0x0800682c   0x000000f4   Code   RO        10411    i.dhcp_reboot       dhcp_1.o
    0x08006920   0x08006920   0x000000fc   Code   RO        10412    i.dhcp_recv         dhcp_1.o
    0x08006a1c   0x08006a1c   0x000000bc   Code   RO        10414    i.dhcp_release_and_stop  dhcp_1.o
    0x08006ad8   0x08006ad8   0x000000d0   Code   RO        10415    i.dhcp_renew        dhcp_1.o
    0x08006ba8   0x08006ba8   0x0000017c   Code   RO        10416    i.dhcp_select       dhcp_1.o
    0x08006d24   0x08006d24   0x00000010   Code   RO        10417    i.dhcp_set_state    dhcp_1.o
    0x08006d34   0x08006d34   0x000000c8   Code   RO        10419    i.dhcp_start        dhcp_1.o
    0x08006dfc   0x08006dfc   0x00000022   Code   RO        10421    i.dhcp_supplied_address  dhcp_1.o
    0x08006e1e   0x08006e1e   0x0000002a   Code   RO        10422    i.dhcp_t1_timeout   dhcp_1.o
    0x08006e48   0x08006e48   0x0000002e   Code   RO        10423    i.dhcp_t2_timeout   dhcp_1.o
    0x08006e76   0x08006e76   0x00000002   PAD
    0x08006e78   0x08006e78   0x000000ec   Code   RO         6470    i.dhcp_thread       dhcp.o
    0x08006f64   0x08006f64   0x0000007c   Code   RO        10424    i.dhcp_timeout      dhcp_1.o
    0x08006fe0   0x08006fe0   0x00000048   Code   RO         8978    i.do_memp_free_pool  memp.o
    0x08007028   0x08007028   0x00000058   Code   RO         8979    i.do_memp_malloc_pool  memp.o
    0x08007080   0x08007080   0x00000150   Code   RO         7698    i.err_tcp           api_msg.o
    0x080071d0   0x080071d0   0x0000002c   Code   RO        10619    i.etharp_cleanup_netif  etharp.o
    0x080071fc   0x080071fc   0x000001e0   Code   RO        10621    i.etharp_find_entry  etharp.o
    0x080073dc   0x080073dc   0x00000028   Code   RO        10622    i.etharp_free_entry  etharp.o
    0x08007404   0x08007404   0x000000c4   Code   RO        10624    i.etharp_input      etharp.o
    0x080074c8   0x080074c8   0x00000144   Code   RO        10625    i.etharp_output     etharp.o
    0x0800760c   0x0800760c   0x000000b0   Code   RO        10626    i.etharp_output_to_arp_index  etharp.o
    0x080076bc   0x080076bc   0x00000180   Code   RO        10627    i.etharp_query      etharp.o
    0x0800783c   0x0800783c   0x000000fc   Code   RO        10628    i.etharp_raw        etharp.o
    0x08007938   0x08007938   0x0000000c   Code   RO        10629    i.etharp_request    etharp.o
    0x08007944   0x08007944   0x00000020   Code   RO        10630    i.etharp_request_dst  etharp.o
    0x08007964   0x08007964   0x00000060   Code   RO        10631    i.etharp_tmr        etharp.o
    0x080079c4   0x080079c4   0x000000b4   Code   RO        10632    i.etharp_update_arp_entry  etharp.o
    0x08007a78   0x08007a78   0x000000a8   Code   RO        11003    i.ethernet_input    ethernet.o
    0x08007b20   0x08007b20   0x000000a8   Code   RO        11171    i.ethernet_link_check_state  ethernetif.o
    0x08007bc8   0x08007bc8   0x0000008c   Code   RO        11004    i.ethernet_output   ethernet.o
    0x08007c54   0x08007c54   0x00000058   Code   RO        11172    i.ethernetif_init   ethernetif.o
    0x08007cac   0x08007cac   0x00000064   Code   RO        11173    i.ethernetif_input  ethernetif.o
    0x08007d10   0x08007d10   0x00000018   Code   RO         6219    i.fputc             bsp_debug_usart.o
    0x08007d28   0x08007d28   0x00000008   Code   RO        10726    i.icmp_dest_unreach  icmp.o
    0x08007d30   0x08007d30   0x000001b4   Code   RO        10727    i.icmp_input        icmp.o
    0x08007ee4   0x08007ee4   0x000000a8   Code   RO        10728    i.icmp_send_response  icmp.o
    0x08007f8c   0x08007f8c   0x00000008   Code   RO        10729    i.icmp_time_exceeded  icmp.o
    0x08007f94   0x08007f94   0x0000004a   Code   RO         8741    i.inet_chksum_pbuf  inet_chksum.o
    0x08007fde   0x08007fde   0x00000040   Code   RO        10853    i.ip4_addr_isbroadcast_u32  ip4_addr.o
    0x0800801e   0x0800801e   0x00000002   PAD
    0x08008020   0x08008020   0x000001f8   Code   RO        10922    i.ip4_frag          ip4_frag.o
    0x08008218   0x08008218   0x000001c0   Code   RO        10788    i.ip4_input         ip4.o
    0x080083d8   0x080083d8   0x0000002c   Code   RO        10789    i.ip4_input_accept  ip4.o
    0x08008404   0x08008404   0x00000022   Code   RO        10791    i.ip4_output_if     ip4.o
    0x08008426   0x08008426   0x00000002   PAD
    0x08008428   0x08008428   0x00000110   Code   RO        10792    i.ip4_output_if_src  ip4.o
    0x08008538   0x08008538   0x000001e0   Code   RO        10923    i.ip4_reass         ip4_frag.o
    0x08008718   0x08008718   0x00000060   Code   RO        10793    i.ip4_route         ip4.o
    0x08008778   0x08008778   0x0000000c   Code   RO        10856    i.ip4addr_ntoa      ip4_addr.o
    0x08008784   0x08008784   0x00000086   Code   RO        10857    i.ip4addr_ntoa_r    ip4_addr.o
    0x0800880a   0x0800880a   0x00000006   Code   RO        10924    i.ip_frag_alloc_pbuf_custom_ref  ip4_frag.o
    0x08008810   0x08008810   0x00000028   Code   RO        10925    i.ip_frag_free_pbuf_custom_ref  ip4_frag.o
    0x08008838   0x08008838   0x000001dc   Code   RO        10926    i.ip_reass_chain_frag_into_datagram_and_validate  ip4_frag.o
    0x08008a14   0x08008a14   0x0000004c   Code   RO        10927    i.ip_reass_dequeue_datagram  ip4_frag.o
    0x08008a60   0x08008a60   0x00000054   Code   RO        10928    i.ip_reass_enqueue_new_datagram  ip4_frag.o
    0x08008ab4   0x08008ab4   0x00000118   Code   RO        10929    i.ip_reass_free_complete_datagram  ip4_frag.o
    0x08008bcc   0x08008bcc   0x00000088   Code   RO        10930    i.ip_reass_remove_oldest_datagram  ip4_frag.o
    0x08008c54   0x08008c54   0x0000002c   Code   RO        10931    i.ip_reass_tmr      ip4_frag.o
    0x08008c80   0x08008c80   0x0000002c   Code   RO        10932    i.ipfrag_free_pbuf_custom  ip4_frag.o
    0x08008cac   0x08008cac   0x00000120   Code   RO        11174    i.low_level_init    ethernetif.o
    0x08008dcc   0x08008dcc   0x00000060   Code   RO        11175    i.low_level_input   ethernetif.o
    0x08008e2c   0x08008e2c   0x000000a0   Code   RO        11176    i.low_level_output  ethernetif.o
    0x08008ecc   0x08008ecc   0x00000040   Code   RO        10147    i.lwip_cyclic_timer  timeouts.o
    0x08008f0c   0x08008f0c   0x00000018   Code   RO         8668    i.lwip_htonl        def.o
    0x08008f24   0x08008f24   0x0000000a   Code   RO         8669    i.lwip_htons        def.o
    0x08008f2e   0x08008f2e   0x00000022   Code   RO         8813    i.lwip_init         init.o
    0x08008f50   0x08008f50   0x000000c8   Code   RO         7701    i.lwip_netconn_do_close  api_msg.o
    0x08009018   0x08009018   0x0000027c   Code   RO         7702    i.lwip_netconn_do_close_internal  api_msg.o
    0x08009294   0x08009294   0x000000f4   Code   RO         7703    i.lwip_netconn_do_connect  api_msg.o
    0x08009388   0x08009388   0x0000010c   Code   RO         7704    i.lwip_netconn_do_connected  api_msg.o
    0x08009494   0x08009494   0x00000012   Code   RO         7709    i.lwip_netconn_do_newconn  api_msg.o
    0x080094a6   0x080094a6   0x00000002   PAD
    0x080094a8   0x080094a8   0x000000d0   Code   RO         7712    i.lwip_netconn_do_write  api_msg.o
    0x08009578   0x08009578   0x00000304   Code   RO         7713    i.lwip_netconn_do_writemore  api_msg.o
    0x0800987c   0x0800987c   0x00000044   Code   RO         7714    i.lwip_netconn_err_to_msg  api_msg.o
    0x080098c0   0x080098c0   0x00000054   Code   RO         7715    i.lwip_netconn_is_err_msg  api_msg.o
    0x08009914   0x08009914   0x00000056   Code   RO         8748    i.lwip_standard_chksum  inet_chksum.o
    0x0800996a   0x0800996a   0x00000002   PAD
    0x0800996c   0x0800996c   0x00000044   Code   RO         6024    i.main              main.o
    0x080099b0   0x080099b0   0x00000048   Code   RO         6399    i.mcoinit           lan8720a.o
    0x080099f8   0x080099f8   0x0000014c   Code   RO         8907    i.mem_free          mem.o
    0x08009b44   0x08009b44   0x00000068   Code   RO         8908    i.mem_init          mem.o
    0x08009bac   0x08009bac   0x00000050   Code   RO         8909    i.mem_link_valid    mem.o
    0x08009bfc   0x08009bfc   0x000001e0   Code   RO         8910    i.mem_malloc        mem.o
    0x08009ddc   0x08009ddc   0x00000010   Code   RO         8911    i.mem_to_ptr        mem.o
    0x08009dec   0x08009dec   0x0000018c   Code   RO         8912    i.mem_trim          mem.o
    0x08009f78   0x08009f78   0x0000003c   Code   RO         8980    i.memp_free         memp.o
    0x08009fb4   0x08009fb4   0x0000003c   Code   RO         8981    i.memp_free_pool    memp.o
    0x08009ff0   0x08009ff0   0x0000001c   Code   RO         8982    i.memp_init         memp.o
    0x0800a00c   0x0800a00c   0x0000002a   Code   RO         8983    i.memp_init_pool    memp.o
    0x0800a036   0x0800a036   0x00000002   PAD
    0x0800a038   0x0800a038   0x00000044   Code   RO         8984    i.memp_malloc       memp.o
    0x0800a07c   0x0800a07c   0x00000034   Code   RO         8985    i.memp_malloc_pool  memp.o
    0x0800a0b0   0x0800a0b0   0x00000024   Code   RO         8002    i.netbuf_delete     netbuf.o
    0x0800a0d4   0x0800a0d4   0x000000a8   Code   RO         7716    i.netconn_alloc     api_msg.o
    0x0800a17c   0x0800a17c   0x00000018   Code   RO         7476    i.netconn_apimsg    api_lib.o
    0x0800a194   0x0800a194   0x00000006   Code   RO         7479    i.netconn_close     api_lib.o
    0x0800a19a   0x0800a19a   0x00000002   PAD
    0x0800a19c   0x0800a19c   0x0000004c   Code   RO         7480    i.netconn_close_shutdown  api_lib.o
    0x0800a1e8   0x0800a1e8   0x00000058   Code   RO         7481    i.netconn_connect   api_lib.o
    0x0800a240   0x0800a240   0x0000009a   Code   RO         7717    i.netconn_drain     api_msg.o
    0x0800a2da   0x0800a2da   0x00000020   Code   RO         7484    i.netconn_err       api_lib.o
    0x0800a2fa   0x0800a2fa   0x00000002   PAD
    0x0800a2fc   0x0800a2fc   0x000000f4   Code   RO         7718    i.netconn_free      api_msg.o
    0x0800a3f0   0x0800a3f0   0x00000100   Code   RO         7487    i.netconn_new_with_proto_and_callback  api_lib.o
    0x0800a4f0   0x0800a4f0   0x00000014   Code   RO         7501    i.netconn_write_partly  api_lib.o
    0x0800a504   0x0800a504   0x0000012c   Code   RO         7502    i.netconn_write_vectors_partly  api_lib.o
    0x0800a630   0x0800a630   0x00000168   Code   RO         9117    i.netif_add         netif.o
    0x0800a798   0x0800a798   0x0000001a   Code   RO         9119    i.netif_do_ip_addr_changed  netif.o
    0x0800a7b2   0x0800a7b2   0x00000016   Code   RO         9120    i.netif_do_set_gw   netif.o
    0x0800a7c8   0x0800a7c8   0x0000005c   Code   RO         9121    i.netif_do_set_ipaddr  netif.o
    0x0800a824   0x0800a824   0x00000016   Code   RO         9122    i.netif_do_set_netmask  netif.o
    0x0800a83a   0x0800a83a   0x00000002   PAD
    0x0800a83c   0x0800a83c   0x00000028   Code   RO         9124    i.netif_get_by_index  netif.o
    0x0800a864   0x0800a864   0x00000002   Code   RO         9126    i.netif_init        netif.o
    0x0800a866   0x0800a866   0x00000002   PAD
    0x0800a868   0x0800a868   0x0000005c   Code   RO         9128    i.netif_issue_reports  netif.o
    0x0800a8c4   0x0800a8c4   0x00000006   Code   RO         9130    i.netif_null_output_ip4  netif.o
    0x0800a8ca   0x0800a8ca   0x00000002   PAD
    0x0800a8cc   0x0800a8cc   0x00000064   Code   RO         9132    i.netif_set_addr    netif.o
    0x0800a930   0x0800a930   0x0000000c   Code   RO         9133    i.netif_set_default  netif.o
    0x0800a93c   0x0800a93c   0x00000044   Code   RO         9134    i.netif_set_down    netif.o
    0x0800a980   0x0800a980   0x00000040   Code   RO         9137    i.netif_set_link_down  netif.o
    0x0800a9c0   0x0800a9c0   0x0000005c   Code   RO         9138    i.netif_set_link_up  netif.o
    0x0800aa1c   0x0800aa1c   0x00000040   Code   RO         9140    i.netif_set_up      netif.o
    0x0800aa5c   0x0800aa5c   0x00000006   Code   RO         9296    i.pbuf_add_header   pbuf.o
    0x0800aa62   0x0800aa62   0x00000002   PAD
    0x0800aa64   0x0800aa64   0x00000070   Code   RO         9298    i.pbuf_add_header_impl  pbuf.o
    0x0800aad4   0x0800aad4   0x000001c4   Code   RO         9299    i.pbuf_alloc        pbuf.o
    0x0800ac98   0x0800ac98   0x00000054   Code   RO         9300    i.pbuf_alloc_reference  pbuf.o
    0x0800acec   0x0800acec   0x00000036   Code   RO         9301    i.pbuf_alloced_custom  pbuf.o
    0x0800ad22   0x0800ad22   0x00000002   PAD
    0x0800ad24   0x0800ad24   0x000000c4   Code   RO         9302    i.pbuf_cat          pbuf.o
    0x0800ade8   0x0800ade8   0x00000014   Code   RO         9303    i.pbuf_chain        pbuf.o
    0x0800adfc   0x0800adfc   0x00000012   Code   RO         9304    i.pbuf_clen         pbuf.o
    0x0800ae0e   0x0800ae0e   0x00000002   PAD
    0x0800ae10   0x0800ae10   0x00000040   Code   RO         9305    i.pbuf_clone        pbuf.o
    0x0800ae50   0x0800ae50   0x00000164   Code   RO         9307    i.pbuf_copy         pbuf.o
    0x0800afb4   0x0800afb4   0x000000bc   Code   RO         9308    i.pbuf_copy_partial  pbuf.o
    0x0800b070   0x0800b070   0x000000f4   Code   RO         9310    i.pbuf_free         pbuf.o
    0x0800b164   0x0800b164   0x0000001c   Code   RO        11177    i.pbuf_free_custom  ethernetif.o
    0x0800b180   0x0800b180   0x00000006   Code   RO         9315    i.pbuf_header_force  pbuf.o
    0x0800b186   0x0800b186   0x0000000e   Code   RO         9316    i.pbuf_header_impl  pbuf.o
    0x0800b194   0x0800b194   0x0000001c   Code   RO         9317    i.pbuf_init_alloced_pbuf  pbuf.o
    0x0800b1b0   0x0800b1b0   0x000000c0   Code   RO         9321    i.pbuf_realloc      pbuf.o
    0x0800b270   0x0800b270   0x0000003c   Code   RO         9322    i.pbuf_ref          pbuf.o
    0x0800b2ac   0x0800b2ac   0x00000074   Code   RO         9323    i.pbuf_remove_header  pbuf.o
    0x0800b320   0x0800b320   0x00000094   Code   RO         7719    i.pcb_new           api_msg.o
    0x0800b3b4   0x0800b3b4   0x00000128   Code   RO         8913    i.plug_holes        mem.o
    0x0800b4dc   0x0800b4dc   0x0000007c   Code   RO         7720    i.poll_tcp          api_msg.o
    0x0800b558   0x0800b558   0x00000070   Code   RO         6987    i.prvAddCurrentTaskToDelayedList  tasks.o
    0x0800b5c8   0x0800b5c8   0x00000088   Code   RO         6988    i.prvAddNewTaskToReadyList  tasks.o
    0x0800b650   0x0800b650   0x00000054   Code   RO         6989    i.prvCheckTasksWaitingTermination  tasks.o
    0x0800b6a4   0x0800b6a4   0x00000028   Code   RO         6801    i.prvCopyDataFromQueue  queue.o
    0x0800b6cc   0x0800b6cc   0x0000006e   Code   RO         6802    i.prvCopyDataToQueue  queue.o
    0x0800b73a   0x0800b73a   0x00000014   Code   RO         6990    i.prvDeleteTCB      tasks.o
    0x0800b74e   0x0800b74e   0x00000002   PAD
    0x0800b750   0x0800b750   0x0000004c   Code   RO         7325    i.prvHeapInit       heap_4.o
    0x0800b79c   0x0800b79c   0x00000028   Code   RO         6991    i.prvIdleTask       tasks.o
    0x0800b7c4   0x0800b7c4   0x00000018   Code   RO         6803    i.prvInitialiseMutex  queue.o
    0x0800b7dc   0x0800b7dc   0x00000018   Code   RO         6804    i.prvInitialiseNewQueue  queue.o
    0x0800b7f4   0x0800b7f4   0x000000b8   Code   RO         6992    i.prvInitialiseNewTask  tasks.o
    0x0800b8ac   0x0800b8ac   0x00000058   Code   RO         6993    i.prvInitialiseTaskLists  tasks.o
    0x0800b904   0x0800b904   0x00000054   Code   RO         7326    i.prvInsertBlockIntoFreeList  heap_4.o
    0x0800b958   0x0800b958   0x0000001a   Code   RO         6805    i.prvIsQueueEmpty   queue.o
    0x0800b972   0x0800b972   0x0000001e   Code   RO         6806    i.prvIsQueueFull    queue.o
    0x0800b990   0x0800b990   0x00000024   Code   RO         6994    i.prvResetNextTaskUnblockTime  tasks.o
    0x0800b9b4   0x0800b9b4   0x0000006c   Code   RO         7387    i.prvTaskExitError  port.o
    0x0800ba20   0x0800ba20   0x0000006a   Code   RO         6807    i.prvUnlockQueue    queue.o
    0x0800ba8a   0x0800ba8a   0x00000002   PAD
    0x0800ba8c   0x0800ba8c   0x0000000c   Code   RO         8914    i.ptr_to_mem        mem.o
    0x0800ba98   0x0800ba98   0x0000010c   Code   RO         7327    i.pvPortMalloc      heap_4.o
    0x0800bba4   0x0800bba4   0x00000018   Code   RO         6996    i.pvTaskIncrementMutexHeldCount  tasks.o
    0x0800bbbc   0x0800bbbc   0x00000024   Code   RO         7388    i.pxPortInitialiseStack  port.o
    0x0800bbe0   0x0800bbe0   0x00000108   Code   RO         7721    i.recv_tcp          api_msg.o
    0x0800bce8   0x0800bce8   0x00000108   Code   RO         7722    i.recv_udp          api_msg.o
    0x0800bdf0   0x0800bdf0   0x00000070   Code   RO         7723    i.sent_tcp          api_msg.o
    0x0800be60   0x0800be60   0x00000044   Code   RO         7724    i.setup_tcp         api_msg.o
    0x0800bea4   0x0800bea4   0x00000042   Code   RO        11270    i.sys_arch_mbox_fetch  sys_arch.o
    0x0800bee6   0x0800bee6   0x00000020   Code   RO        11271    i.sys_arch_mbox_tryfetch  sys_arch.o
    0x0800bf06   0x0800bf06   0x0000000a   Code   RO        11272    i.sys_arch_protect  sys_arch.o
    0x0800bf10   0x0800bf10   0x00000040   Code   RO        11273    i.sys_arch_sem_wait  sys_arch.o
    0x0800bf50   0x0800bf50   0x00000004   Code   RO        11275    i.sys_arch_unprotect  sys_arch.o
    0x0800bf54   0x0800bf54   0x00000044   Code   RO        10148    i.sys_check_timeouts  timeouts.o
    0x0800bf98   0x0800bf98   0x00000024   Code   RO        11276    i.sys_init          sys_arch.o
    0x0800bfbc   0x0800bfbc   0x00000014   Code   RO        11278    i.sys_mbox_free     sys_arch.o
    0x0800bfd0   0x0800bfd0   0x0000001c   Code   RO        11279    i.sys_mbox_new      sys_arch.o
    0x0800bfec   0x0800bfec   0x00000006   Code   RO        11281    i.sys_mbox_set_invalid  sys_arch.o
    0x0800bff2   0x0800bff2   0x0000001c   Code   RO        11282    i.sys_mbox_trypost  sys_arch.o
    0x0800c00e   0x0800c00e   0x0000000e   Code   RO        11284    i.sys_mbox_valid    sys_arch.o
    0x0800c01c   0x0800c01c   0x0000000c   Code   RO        11286    i.sys_mutex_lock    sys_arch.o
    0x0800c028   0x0800c028   0x0000003c   Code   RO        11287    i.sys_mutex_new     sys_arch.o
    0x0800c064   0x0800c064   0x0000000c   Code   RO        11289    i.sys_mutex_unlock  sys_arch.o
    0x0800c070   0x0800c070   0x00000010   Code   RO        11290    i.sys_now           sys_arch.o
    0x0800c080   0x0800c080   0x00000010   Code   RO        11291    i.sys_sem_free      sys_arch.o
    0x0800c090   0x0800c090   0x0000005c   Code   RO        11292    i.sys_sem_new       sys_arch.o
    0x0800c0ec   0x0800c0ec   0x00000006   Code   RO        11293    i.sys_sem_set_invalid  sys_arch.o
    0x0800c0f2   0x0800c0f2   0x00000002   PAD
    0x0800c0f4   0x0800c0f4   0x00000040   Code   RO        11294    i.sys_sem_signal    sys_arch.o
    0x0800c134   0x0800c134   0x0000000e   Code   RO        11295    i.sys_sem_valid     sys_arch.o
    0x0800c142   0x0800c142   0x00000002   PAD
    0x0800c144   0x0800c144   0x0000005c   Code   RO        11296    i.sys_thread_new    sys_arch.o
    0x0800c1a0   0x0800c1a0   0x00000060   Code   RO        10150    i.sys_timeout       timeouts.o
    0x0800c200   0x0800c200   0x000000a0   Code   RO        10151    i.sys_timeout_abs   timeouts.o
    0x0800c2a0   0x0800c2a0   0x00000024   Code   RO        10152    i.sys_timeouts_init  timeouts.o
    0x0800c2c4   0x0800c2c4   0x00000028   Code   RO        10153    i.sys_timeouts_sleeptime  timeouts.o
    0x0800c2ec   0x0800c2ec   0x0000013c   Code   RO         9578    i.tcp_abandon       tcp.o
    0x0800c428   0x0800c428   0x00000006   Code   RO         9579    i.tcp_abort         tcp.o
    0x0800c42e   0x0800c42e   0x0000000e   Code   RO         9580    i.tcp_accept        tcp.o
    0x0800c43c   0x0800c43c   0x000000ac   Code   RO         9582    i.tcp_alloc         tcp.o
    0x0800c4e8   0x0800c4e8   0x00000008   Code   RO         9583    i.tcp_arg           tcp.o
    0x0800c4f0   0x0800c4f0   0x00000044   Code   RO         9586    i.tcp_close         tcp.o
    0x0800c534   0x0800c534   0x00000150   Code   RO         9587    i.tcp_close_shutdown  tcp.o
    0x0800c684   0x0800c684   0x00000078   Code   RO         9588    i.tcp_close_shutdown_fin  tcp.o
    0x0800c6fc   0x0800c6fc   0x00000184   Code   RO         9589    i.tcp_connect       tcp.o
    0x0800c880   0x0800c880   0x0000011c   Code   RO         9987    i.tcp_create_segment  tcp_out.o
    0x0800c99c   0x0800c99c   0x0000005c   Code   RO         9591    i.tcp_eff_send_mss_netif  tcp.o
    0x0800c9f8   0x0800c9f8   0x000001bc   Code   RO         9988    i.tcp_enqueue_flags  tcp_out.o
    0x0800cbb4   0x0800cbb4   0x00000044   Code   RO         9592    i.tcp_err           tcp.o
    0x0800cbf8   0x0800cbf8   0x0000006c   Code   RO         9593    i.tcp_fasttmr       tcp.o
    0x0800cc64   0x0800cc64   0x00000030   Code   RO         9594    i.tcp_free          tcp.o
    0x0800cc94   0x0800cc94   0x000000d8   Code   RO         9903    i.tcp_free_acked_segments  tcp_in.o
    0x0800cd6c   0x0800cd6c   0x00000038   Code   RO         9595    i.tcp_free_listen   tcp.o
    0x0800cda4   0x0800cda4   0x00000028   Code   RO         9904    i.tcp_get_next_optbyte  tcp_in.o
    0x0800cdcc   0x0800cdcc   0x00000028   Code   RO         9596    i.tcp_handle_closepend  tcp.o
    0x0800cdf4   0x0800cdf4   0x00000002   Code   RO         9597    i.tcp_init          tcp.o
    0x0800cdf6   0x0800cdf6   0x00000002   PAD
    0x0800cdf8   0x0800cdf8   0x000005fc   Code   RO         9905    i.tcp_input         tcp_in.o
    0x0800d3f4   0x0800d3f4   0x00000070   Code   RO         9906    i.tcp_input_delayed_close  tcp_in.o
    0x0800d464   0x0800d464   0x00000068   Code   RO         9989    i.tcp_keepalive     tcp_out.o
    0x0800d4cc   0x0800d4cc   0x00000050   Code   RO         9598    i.tcp_kill_prio     tcp.o
    0x0800d51c   0x0800d51c   0x0000005c   Code   RO         9599    i.tcp_kill_state    tcp.o
    0x0800d578   0x0800d578   0x00000034   Code   RO         9600    i.tcp_kill_timewait  tcp.o
    0x0800d5ac   0x0800d5ac   0x0000005c   Code   RO         9601    i.tcp_listen_closed  tcp.o
    0x0800d608   0x0800d608   0x00000134   Code   RO         9907    i.tcp_listen_input  tcp_in.o
    0x0800d73c   0x0800d73c   0x0000004c   Code   RO         9604    i.tcp_netif_ip_addr_changed  tcp.o
    0x0800d788   0x0800d788   0x00000064   Code   RO         9605    i.tcp_netif_ip_addr_changed_pcblist  tcp.o
    0x0800d7ec   0x0800d7ec   0x00000006   Code   RO         9607    i.tcp_new_ip_type   tcp.o
    0x0800d7f2   0x0800d7f2   0x00000002   PAD
    0x0800d7f4   0x0800d7f4   0x00000058   Code   RO         9608    i.tcp_new_port      tcp.o
    0x0800d84c   0x0800d84c   0x00000038   Code   RO         9609    i.tcp_next_iss      tcp.o
    0x0800d884   0x0800d884   0x00000284   Code   RO         9990    i.tcp_output        tcp_out.o
    0x0800db08   0x0800db08   0x0000006c   Code   RO         9991    i.tcp_output_alloc_header  tcp_out.o
    0x0800db74   0x0800db74   0x000000b0   Code   RO         9992    i.tcp_output_alloc_header_common  tcp_out.o
    0x0800dc24   0x0800dc24   0x0000007c   Code   RO         9993    i.tcp_output_control_segment  tcp_out.o
    0x0800dca0   0x0800dca0   0x00000070   Code   RO         9994    i.tcp_output_fill_options  tcp_out.o
    0x0800dd10   0x0800dd10   0x00000164   Code   RO         9995    i.tcp_output_segment  tcp_out.o
    0x0800de74   0x0800de74   0x00000048   Code   RO         9996    i.tcp_output_segment_busy  tcp_out.o
    0x0800debc   0x0800debc   0x00000098   Code   RO         9908    i.tcp_parseopt      tcp_in.o
    0x0800df54   0x0800df54   0x000000e0   Code   RO         9997    i.tcp_pbuf_prealloc  tcp_out.o
    0x0800e034   0x0800e034   0x00000064   Code   RO         9610    i.tcp_pcb_purge     tcp.o
    0x0800e098   0x0800e098   0x000000ec   Code   RO         9611    i.tcp_pcb_remove    tcp.o
    0x0800e184   0x0800e184   0x00000064   Code   RO         9612    i.tcp_poll          tcp.o
    0x0800e1e8   0x0800e1e8   0x0000050a   Code   RO         9909    i.tcp_process       tcp_in.o
    0x0800e6f2   0x0800e6f2   0x00000002   PAD
    0x0800e6f4   0x0800e6f4   0x000000ac   Code   RO         9613    i.tcp_process_refused_data  tcp.o
    0x0800e7a0   0x0800e7a0   0x00000570   Code   RO         9910    i.tcp_receive       tcp_in.o
    0x0800ed10   0x0800ed10   0x00000044   Code   RO         9614    i.tcp_recv          tcp.o
    0x0800ed54   0x0800ed54   0x00000050   Code   RO         9615    i.tcp_recv_null     tcp.o
    0x0800eda4   0x0800eda4   0x0000009c   Code   RO         9616    i.tcp_recved        tcp.o
    0x0800ee40   0x0800ee40   0x0000004c   Code   RO         9617    i.tcp_remove_listener  tcp.o
    0x0800ee8c   0x0800ee8c   0x0000008c   Code   RO         9998    i.tcp_rexmit        tcp_out.o
    0x0800ef18   0x0800ef18   0x00000088   Code   RO         9999    i.tcp_rexmit_fast   tcp_out.o
    0x0800efa0   0x0800efa0   0x00000040   Code   RO        10000    i.tcp_rexmit_rto    tcp_out.o
    0x0800efe0   0x0800efe0   0x0000004c   Code   RO        10001    i.tcp_rexmit_rto_commit  tcp_out.o
    0x0800f02c   0x0800f02c   0x000000a0   Code   RO        10002    i.tcp_rexmit_rto_prepare  tcp_out.o
    0x0800f0cc   0x0800f0cc   0x00000012   Code   RO        10003    i.tcp_route         tcp_out.o
    0x0800f0de   0x0800f0de   0x00000002   PAD
    0x0800f0e0   0x0800f0e0   0x000000a8   Code   RO        10004    i.tcp_rst           tcp_out.o
    0x0800f188   0x0800f188   0x0000001e   Code   RO         9618    i.tcp_seg_free      tcp.o
    0x0800f1a6   0x0800f1a6   0x00000012   Code   RO         9619    i.tcp_segs_free     tcp.o
    0x0800f1b8   0x0800f1b8   0x0000008c   Code   RO        10005    i.tcp_send_empty_ack  tcp_out.o
    0x0800f244   0x0800f244   0x0000006c   Code   RO        10006    i.tcp_send_fin      tcp_out.o
    0x0800f2b0   0x0800f2b0   0x00000044   Code   RO         9620    i.tcp_sent          tcp.o
    0x0800f2f4   0x0800f2f4   0x00000090   Code   RO         9622    i.tcp_shutdown      tcp.o
    0x0800f384   0x0800f384   0x00000520   Code   RO         9623    i.tcp_slowtmr       tcp.o
    0x0800f8a4   0x0800f8a4   0x000001bc   Code   RO        10007    i.tcp_split_unsent_seg  tcp_out.o
    0x0800fa60   0x0800fa60   0x00000034   Code   RO        10155    i.tcp_timer_needed  timeouts.o
    0x0800fa94   0x0800fa94   0x00000098   Code   RO         9911    i.tcp_timewait_input  tcp_in.o
    0x0800fb2c   0x0800fb2c   0x00000020   Code   RO         9625    i.tcp_tmr           tcp.o
    0x0800fb4c   0x0800fb4c   0x00000010   Code   RO         9912    i.tcp_trigger_input_pcb_close  tcp_in.o
    0x0800fb5c   0x0800fb5c   0x00000090   Code   RO         9627    i.tcp_update_rcv_ann_wnd  tcp.o
    0x0800fbec   0x0800fbec   0x000005fc   Code   RO        10008    i.tcp_write         tcp_out.o
    0x080101e8   0x080101e8   0x00000110   Code   RO        10009    i.tcp_write_checks  tcp_out.o
    0x080102f8   0x080102f8   0x000000ec   Code   RO        10010    i.tcp_zero_window_probe  tcp_out.o
    0x080103e4   0x080103e4   0x0000009c   Code   RO         8469    i.tcpip_init        tcpip.o
    0x08010480   0x08010480   0x00000064   Code   RO         8470    i.tcpip_inpkt       tcpip.o
    0x080104e4   0x080104e4   0x00000020   Code   RO         8471    i.tcpip_input       tcpip.o
    0x08010504   0x08010504   0x00000020   Code   RO         8472    i.tcpip_send_msg_wait_sem  tcpip.o
    0x08010524   0x08010524   0x00000038   Code   RO        10156    i.tcpip_tcp_timer   timeouts.o
    0x0801055c   0x0801055c   0x00000058   Code   RO         8473    i.tcpip_thread      tcpip.o
    0x080105b4   0x080105b4   0x00000074   Code   RO         8474    i.tcpip_thread_handle_msg  tcpip.o
    0x08010628   0x08010628   0x0000005c   Code   RO         8475    i.tcpip_timeouts_mbox_fetch  tcpip.o
    0x08010684   0x08010684   0x000000a8   Code   RO        10236    i.udp_bind          udp.o
    0x0801072c   0x0801072c   0x000000a4   Code   RO        10238    i.udp_connect       udp.o
    0x080107d0   0x080107d0   0x00000002   Code   RO        10240    i.udp_init          udp.o
    0x080107d2   0x080107d2   0x00000002   PAD
    0x080107d4   0x080107d4   0x000001b0   Code   RO        10241    i.udp_input         udp.o
    0x08010984   0x08010984   0x000000b4   Code   RO        10242    i.udp_input_local_match  udp.o
    0x08010a38   0x08010a38   0x00000034   Code   RO        10243    i.udp_netif_ip_addr_changed  udp.o
    0x08010a6c   0x08010a6c   0x0000001c   Code   RO        10244    i.udp_new           udp.o
    0x08010a88   0x08010a88   0x00000004   Code   RO        10245    i.udp_new_ip_type   udp.o
    0x08010a8c   0x08010a8c   0x00000048   Code   RO        10246    i.udp_new_port      udp.o
    0x08010ad4   0x08010ad4   0x00000028   Code   RO        10247    i.udp_recv          udp.o
    0x08010afc   0x08010afc   0x00000050   Code   RO        10248    i.udp_remove        udp.o
    0x08010b4c   0x08010b4c   0x000000dc   Code   RO        10251    i.udp_sendto_if     udp.o
    0x08010c28   0x08010c28   0x000001e4   Code   RO        10252    i.udp_sendto_if_src  udp.o
    0x08010e0c   0x08010e0c   0x00000024   Code   RO         6752    i.uxListRemove      list.o
    0x08010e30   0x08010e30   0x00000050   Code   RO         6808    i.uxQueueMessagesWaiting  queue.o
    0x08010e80   0x08010e80   0x00000016   Code   RO         6753    i.vListInitialise   list.o
    0x08010e96   0x08010e96   0x00000006   Code   RO         6754    i.vListInitialiseItem  list.o
    0x08010e9c   0x08010e9c   0x00000030   Code   RO         6755    i.vListInsert       list.o
    0x08010ecc   0x08010ecc   0x00000018   Code   RO         6756    i.vListInsertEnd    list.o
    0x08010ee4   0x08010ee4   0x00000080   Code   RO         7390    i.vPortEnterCritical  port.o
    0x08010f64   0x08010f64   0x0000006c   Code   RO         7391    i.vPortExitCritical  port.o
    0x08010fd0   0x08010fd0   0x0000009c   Code   RO         7328    i.vPortFree         heap_4.o
    0x0801106c   0x0801106c   0x00000020   Code   RO         7392    i.vPortSetupTimerInterrupt  port.o
    0x0801108c   0x0801108c   0x00000090   Code   RO         7393    i.vPortValidateInterruptPriority  port.o
    0x0801111c   0x0801111c   0x00000050   Code   RO         6812    i.vQueueDelete      queue.o
    0x0801116c   0x0801116c   0x00000028   Code   RO         6813    i.vQueueUnregisterQueue  queue.o
    0x08011194   0x08011194   0x00000078   Code   RO         7002    i.vTaskDelay        tasks.o
    0x0801120c   0x0801120c   0x000000d4   Code   RO         7004    i.vTaskDelete       tasks.o
    0x080112e0   0x080112e0   0x0000000c   Code   RO         7006    i.vTaskMissedYield  tasks.o
    0x080112ec   0x080112ec   0x00000060   Code   RO         7008    i.vTaskPlaceOnEventList  tasks.o
    0x0801134c   0x0801134c   0x00000088   Code   RO         7010    i.vTaskPriorityInherit  tasks.o
    0x080113d4   0x080113d4   0x00000050   Code   RO         7013    i.vTaskSetTimeOutState  tasks.o
    0x08011424   0x08011424   0x00000098   Code   RO         7014    i.vTaskStartScheduler  tasks.o
    0x080114bc   0x080114bc   0x00000010   Code   RO         7016    i.vTaskSuspendAll   tasks.o
    0x080114cc   0x080114cc   0x00000088   Code   RO         7017    i.vTaskSwitchContext  tasks.o
    0x08011554   0x08011554   0x000000e4   Code   RO         7394    i.xPortStartScheduler  port.o
    0x08011638   0x08011638   0x00000030   Code   RO         7395    i.xPortSysTickHandler  port.o
    0x08011668   0x08011668   0x00000064   Code   RO         6814    i.xQueueCreateCountingSemaphore  queue.o
    0x080116cc   0x080116cc   0x00000018   Code   RO         6815    i.xQueueCreateMutex  queue.o
    0x080116e4   0x080116e4   0x0000006c   Code   RO         6816    i.xQueueGenericCreate  queue.o
    0x08011750   0x08011750   0x000001a8   Code   RO         6817    i.xQueueGenericReceive  queue.o
    0x080118f8   0x080118f8   0x000000b4   Code   RO         6818    i.xQueueGenericReset  queue.o
    0x080119ac   0x080119ac   0x00000180   Code   RO         6819    i.xQueueGenericSend  queue.o
    0x08011b2c   0x08011b2c   0x000000c4   Code   RO         6821    i.xQueueGiveFromISR  queue.o
    0x08011bf0   0x08011bf0   0x00000098   Code   RO         7018    i.xTaskCheckForTimeOut  tasks.o
    0x08011c88   0x08011c88   0x00000060   Code   RO         7019    i.xTaskCreate       tasks.o
    0x08011ce8   0x08011ce8   0x0000001c   Code   RO         7023    i.xTaskGetSchedulerState  tasks.o
    0x08011d04   0x08011d04   0x0000000c   Code   RO         7024    i.xTaskGetTickCount  tasks.o
    0x08011d10   0x08011d10   0x000000f4   Code   RO         7026    i.xTaskIncrementTick  tasks.o
    0x08011e04   0x08011e04   0x000000bc   Code   RO         7029    i.xTaskPriorityDisinherit  tasks.o
    0x08011ec0   0x08011ec0   0x000000a4   Code   RO         7030    i.xTaskRemoveFromEventList  tasks.o
    0x08011f64   0x08011f64   0x000000f4   Code   RO         7032    i.xTaskResumeAll    tasks.o
    0x08012058   0x08012058   0x00000010   Data   RO           15    .constdata          system_stm32h7xx.o
    0x08012068   0x08012068   0x00000003   Data   RO         7725    .constdata          api_msg.o
    0x0801206b   0x0801206b   0x00000001   PAD
    0x0801206c   0x0801206c   0x0000000c   Data   RO         8999    .constdata          memp.o
    0x08012078   0x08012078   0x0000000c   Data   RO         9000    .constdata          memp.o
    0x08012084   0x08012084   0x0000000c   Data   RO         9001    .constdata          memp.o
    0x08012090   0x08012090   0x0000000c   Data   RO         9002    .constdata          memp.o
    0x0801209c   0x0801209c   0x0000000c   Data   RO         9003    .constdata          memp.o
    0x080120a8   0x080120a8   0x0000000c   Data   RO         9004    .constdata          memp.o
    0x080120b4   0x080120b4   0x0000000c   Data   RO         9005    .constdata          memp.o
    0x080120c0   0x080120c0   0x0000000c   Data   RO         9006    .constdata          memp.o
    0x080120cc   0x080120cc   0x0000000c   Data   RO         9007    .constdata          memp.o
    0x080120d8   0x080120d8   0x0000000c   Data   RO         9008    .constdata          memp.o
    0x080120e4   0x080120e4   0x0000000c   Data   RO         9009    .constdata          memp.o
    0x080120f0   0x080120f0   0x0000000c   Data   RO         9010    .constdata          memp.o
    0x080120fc   0x080120fc   0x0000000c   Data   RO         9011    .constdata          memp.o
    0x08012108   0x08012108   0x00000034   Data   RO         9012    .constdata          memp.o
    0x0801213c   0x0801213c   0x00000054   Data   RO         9628    .constdata          tcp.o
    0x08012190   0x08012190   0x00000028   Data   RO        10157    .constdata          timeouts.o
    0x080121b8   0x080121b8   0x00000004   Data   RO        10860    .constdata          ip4_addr.o
    0x080121bc   0x080121bc   0x00000004   Data   RO        10861    .constdata          ip4_addr.o
    0x080121c0   0x080121c0   0x00000006   Data   RO        11005    .constdata          ethernet.o
    0x080121c6   0x080121c6   0x00000006   Data   RO        11006    .constdata          ethernet.o
    0x080121cc   0x080121cc   0x0000000c   Data   RO        11183    .constdata          ethernetif.o
    0x080121d8   0x080121d8   0x00000046   Data   RO         6025    .conststring        main.o
    0x0801221e   0x0801221e   0x00000002   PAD
    0x08012220   0x08012220   0x000000b8   Data   RO         6472    .conststring        dhcp.o
    0x080122d8   0x080122d8   0x00000075   Data   RO         9629    .conststring        tcp.o
    0x0801234d   0x0801234d   0x00000003   PAD
    0x08012350   0x08012350   0x00000055   Data   RO        10011    .conststring        tcp_out.o
    0x080123a5   0x080123a5   0x00000003   PAD
    0x080123a8   0x080123a8   0x00000042   Data   RO        10426    .conststring        dhcp_1.o
    0x080123ea   0x080123ea   0x00000002   PAD
    0x080123ec   0x080123ec   0x00000041   Data   RO        10634    .conststring        etharp.o
    0x0801242d   0x0801242d   0x00000003   PAD
    0x08012430   0x08012430   0x00000020   Data   RO        11835    Region$$Table       anon$$obj.o


    Execution Region RW_IRAM1 (Exec base: 0x20000000, Load base: 0x08012450, Size: 0x00000000, Max: 0x00020000, ABSOLUTE)

    **** No section assigned to this execution region ****


    Execution Region RW_IRAM2 (Exec base: 0x24000000, Load base: 0x08012450, Size: 0x00019c30, Max: 0x00080000, ABSOLUTE, COMPRESSED[0x00000020])

    Exec Addr    Load Addr    Size         Type   Attr      Idx    E Section Name        Object

    0x24000000   COMPRESSED   0x00000008   Data   RW           16    .data               system_stm32h7xx.o
    0x24000008   COMPRESSED   0x0000000c   Data   RW          215    .data               stm32h7xx_hal.o
    0x24000014   COMPRESSED   0x0000000c   Data   RW         6026    .data               main.o
    0x24000020   COMPRESSED   0x0000003c   Data   RW         7035    .data               tasks.o
    0x2400005c   COMPRESSED   0x00000018   Data   RW         7333    .data               heap_4.o
    0x24000074   COMPRESSED   0x0000000c   Data   RW         7396    .data               port.o
    0x24000080   COMPRESSED   0x00000010   Data   RW         8477    .data               tcpip.o
    0x24000090   COMPRESSED   0x00000010   Data   RW         8916    .data               mem.o
    0x240000a0   COMPRESSED   0x00000004   Data   RW         9013    .data               memp.o
    0x240000a4   COMPRESSED   0x00000004   Data   RW         9014    .data               memp.o
    0x240000a8   COMPRESSED   0x00000004   Data   RW         9015    .data               memp.o
    0x240000ac   COMPRESSED   0x00000004   Data   RW         9016    .data               memp.o
    0x240000b0   COMPRESSED   0x00000004   Data   RW         9017    .data               memp.o
    0x240000b4   COMPRESSED   0x00000004   Data   RW         9018    .data               memp.o
    0x240000b8   COMPRESSED   0x00000004   Data   RW         9019    .data               memp.o
    0x240000bc   COMPRESSED   0x00000004   Data   RW         9020    .data               memp.o
    0x240000c0   COMPRESSED   0x00000004   Data   RW         9021    .data               memp.o
    0x240000c4   COMPRESSED   0x00000004   Data   RW         9022    .data               memp.o
    0x240000c8   COMPRESSED   0x00000004   Data   RW         9023    .data               memp.o
    0x240000cc   COMPRESSED   0x00000004   Data   RW         9024    .data               memp.o
    0x240000d0   COMPRESSED   0x00000004   Data   RW         9025    .data               memp.o
    0x240000d4   COMPRESSED   0x0000000c   Data   RW         9141    .data               netif.o
    0x240000e0   COMPRESSED   0x00000020   Data   RW         9630    .data               tcp.o
    0x24000100   COMPRESSED   0x00000024   Data   RW         9914    .data               tcp_in.o
    0x24000124   COMPRESSED   0x0000000c   Data   RW        10159    .data               timeouts.o
    0x24000130   COMPRESSED   0x00000008   Data   RW        10253    .data               udp.o
    0x24000138   COMPRESSED   0x00000014   Data   RW        10427    .data               dhcp_1.o
    0x2400014c   COMPRESSED   0x00000001   Data   RW        10635    .data               etharp.o
    0x2400014d   COMPRESSED   0x00000001   PAD
    0x2400014e   COMPRESSED   0x00000002   Data   RW        10794    .data               ip4.o
    0x24000150   COMPRESSED   0x00000008   Data   RW        10933    .data               ip4_frag.o
    0x24000158   COMPRESSED   0x00000010   Data   RW        11185    .data               ethernetif.o
    0x24000168   COMPRESSED   0x00000004   Data   RW        11186    .data               ethernetif.o
    0x2400016c   COMPRESSED   0x00000014   Data   RW        11298    .data               sys_arch.o
    0x24000180   COMPRESSED   0x00000004   Data   RW        11798    .data               mc_w.l(stdout.o)
    0x24000184        -       0x0000008c   Zero   RW         6220    .bss                bsp_debug_usart.o
    0x24000210        -       0x00000100   Zero   RW         6471    .bss                dhcp.o
    0x24000310        -       0x00000050   Zero   RW         6828    .bss                queue.o
    0x24000360        -       0x000002e4   Zero   RW         7034    .bss                tasks.o
    0x24000644        -       0x00006400   Zero   RW         7332    .bss                heap_4.o
    0x24006a44        -       0x00000018   Zero   RW         8882    .bss                ip.o
    0x24006a5c        -       0x00006413   Zero   RW         8915    .bss                mem.o
    0x2400ce6f        -       0x00000083   Zero   RW         8986    .bss                memp.o
    0x2400cef2        -       0x00000393   Zero   RW         8987    .bss                memp.o
    0x2400d285        -       0x000000ab   Zero   RW         8988    .bss                memp.o
    0x2400d330        -       0x00000783   Zero   RW         8989    .bss                memp.o
    0x2400dab3        -       0x000000a3   Zero   RW         8990    .bss                memp.o
    0x2400db56        -       0x0000016b   Zero   RW         8991    .bss                memp.o
    0x2400dcc1        -       0x00000023   Zero   RW         8992    .bss                memp.o
    0x2400dce4        -       0x000000a3   Zero   RW         8993    .bss                memp.o
    0x2400dd87        -       0x00000083   Zero   RW         8994    .bss                memp.o
    0x2400de0a        -       0x00000083   Zero   RW         8995    .bss                memp.o
    0x2400de8d        -       0x00000063   Zero   RW         8996    .bss                memp.o
    0x2400def0        -       0x00000193   Zero   RW         8997    .bss                memp.o
    0x2400e083        -       0x0000b38b   Zero   RW         8998    .bss                memp.o
    0x2401940e   COMPRESSED   0x00000002   PAD
    0x24019410        -       0x00000010   Zero   RW         9913    .bss                tcp_in.o
    0x24019420        -       0x00000020   Zero   RW        10425    .bss                dhcp_1.o
    0x24019440        -       0x000000f0   Zero   RW        10633    .bss                etharp.o
    0x24019530        -       0x00000010   Zero   RW        10859    .bss                ip4_addr.o
    0x24019540        -       0x00000108   Zero   RW        11181    .bss                ethernetif.o
    0x24019648        -       0x00000193   Zero   RW        11182    .bss                ethernetif.o
    0x240197db   COMPRESSED   0x00000001   PAD
    0x240197dc        -       0x00000054   Zero   RW        11297    .bss                sys_arch.o
    0x24019830        -       0x00000400   Zero   RW            1    STACK               startup_stm32h743xx.o



  Load Region LR$$.ARM.__AT_0x30040000 (Base: 0x30040000, Size: 0x00000000, Max: 0x00000060, ABSOLUTE)

    Execution Region ER$$.ARM.__AT_0x30040000 (Exec base: 0x30040000, Load base: 0x30040000, Size: 0x00000060, Max: 0x00000060, ABSOLUTE, UNINIT)

    Exec Addr    Load Addr    Size         Type   Attr      Idx    E Section Name        Object

    0x30040000        -       0x00000060   Zero   RW        11178    .ARM.__AT_0x30040000  ethernetif.o



  Load Region LR$$.ARM.__AT_0x30040060 (Base: 0x30040060, Size: 0x00000000, Max: 0x00000060, ABSOLUTE)

    Execution Region ER$$.ARM.__AT_0x30040060 (Exec base: 0x30040060, Load base: 0x30040060, Size: 0x00000060, Max: 0x00000060, ABSOLUTE, UNINIT)

    Exec Addr    Load Addr    Size         Type   Attr      Idx    E Section Name        Object

    0x30040060        -       0x00000060   Zero   RW        11179    .ARM.__AT_0x30040060  ethernetif.o



  Load Region LR$$.ARM.__AT_0x30040200 (Base: 0x30040200, Size: 0x00000000, Max: 0x00001800, ABSOLUTE)

    Execution Region ER$$.ARM.__AT_0x30040200 (Exec base: 0x30040200, Load base: 0x30040200, Size: 0x00001800, Max: 0x00001800, ABSOLUTE, UNINIT)

    Exec Addr    Load Addr    Size         Type   Attr      Idx    E Section Name        Object

    0x30040200        -       0x00001800   Zero   RW        11180    .ARM.__AT_0x30040200  ethernetif.o


==============================================================================

Image component sizes


      Code (inc. data)   RO Data    RW Data    ZI Data      Debug   Object Name

       802        306          0          0          0      25986   api_lib.o
      4380       1388          3          0          0      38680   api_msg.o
       632         78          0          0          0      38546   board.o
       220         20          0          0        140       2155   bsp_debug_usart.o
        64         10          0          0          0        974   bsp_led.o
        64         18          0          0          0       1133   core_delay.o
        34          0          0          0          0       1106   def.o
       272        116        184          0        256      34041   dhcp.o
      5038        894         66         20         32      33123   dhcp_1.o
         0          0          0          0          0       6747   err.o
      2216        516         65          1        240      12687   etharp.o
       308         56         12          0          0       2774   ethernet.o
       964        146         12         20       7003      43417   ethernetif.o
         0          0          0          0          0       1472   event_groups.o
       584        138          0         24      25600       4375   heap_4.o
       620        160          0          0          0       4662   icmp.o
       160          0          0          0          0       2322   inet_chksum.o
        34          0          0          0          0       1676   init.o
         0          0          0          0         24       3218   ip.o
       894         92          0          2          0       6032   ip4.o
       210          4          8          0         16      10570   ip4_addr.o
      2170        462          0          8          0      13094   ip4_frag.o
       780         50          0          0          0       8714   lan8720a.o
       136          0          0          0          0       3542   list.o
       568        356         70         12          0      16471   main.o
      1716        604          0         16      25619       8597   mem.o
       470        192        208         52      50591      12384   memp.o
        36          0          0          0          0       9936   netbuf.o
         0          0          0          0          0       2072   netdb.o
      1062        350          0         12          0      15612   netif.o
      2210        816          0          0          0      19727   pbuf.o
      1018        402          0         12          0      11245   port.o
      1976        378          0          0         80      16163   queue.o
        36          8        664          0       1024       1008   startup_stm32h743xx.o
       174         34          0         12          0      23265   stm32h7xx_hal.o
       310         30          0          0          0      40356   stm32h7xx_hal_cortex.o
      4278         78          0          0          0      25570   stm32h7xx_hal_eth.o
       510         50          0          0          0       2732   stm32h7xx_hal_gpio.o
      2736        134          0          0          0       9032   stm32h7xx_hal_rcc.o
      3892        140          0          0          0       9147   stm32h7xx_hal_rcc_ex.o
      6216        130          0          0          0      12052   stm32h7xx_hal_uart.o
        58          0          0          0          0      11915   stm32h7xx_it.o
       932        246          0         20         84      15901   sys_arch.o
       152         22         16          8          0    1240157   system_stm32h7xx.o
      2812        732          0         60        740      31001   tasks.o
      5220       1654        201         32          0      42121   tcp.o
      5210       1050          0         36         16      21615   tcp_in.o
      6142       1936         85          0          0      34434   tcp_out.o
       616        200          0         16          0      11153   tcpip.o
       572        186         40         12          0       7487   timeouts.o
      1926        668          0          8          0      13331   udp.o

    ----------------------------------------------------------------------
     71492      14850       1680        384     111468    1965530   Object Totals
         0          0         32          0          0          0   (incl. Generated)
        62          0         14          1          3          0   (incl. Padding)

    ----------------------------------------------------------------------

      Code (inc. data)   RO Data    RW Data    ZI Data      Debug   Library Member Name

        86          0          0          0          0          0   __dczerorl2.o
         0          0          0          0          0          0   entry.o
         0          0          0          0          0          0   entry10a.o
         0          0          0          0          0          0   entry11a.o
         4          0          0          0          0          0   entry12b.o
         8          4          0          0          0          0   entry2.o
         4          0          0          0          0          0   entry5.o
         0          0          0          0          0          0   entry7b.o
         0          0          0          0          0          0   entry8b.o
         8          4          0          0          0          0   entry9a.o
        30          0          0          0          0          0   handlers.o
        36          8          0          0          0         68   init.o
        30          0          0          0          0         68   llshl.o
        32          0          0          0          0         68   llushr.o
        26          0          0          0          0         80   memcmp.o
        64          0          0          0          0         76   memmovea.o
        36          0          0          0          0        108   memseta.o
      1192         60          0          0          0        504   printf8.o
         0          0          0          4          0          0   stdout.o
        98          0          0          0          0         92   uldiv.o

    ----------------------------------------------------------------------
      1660         76          0          4          0       1064   Library Totals
         6          0          0          0          0          0   (incl. Padding)

    ----------------------------------------------------------------------

      Code (inc. data)   RO Data    RW Data    ZI Data      Debug   Library Name

      1654         76          0          4          0       1064   mc_w.l

    ----------------------------------------------------------------------
      1660         76          0          4          0       1064   Library Totals

    ----------------------------------------------------------------------

==============================================================================


      Code (inc. data)   RO Data    RW Data    ZI Data      Debug   

     73152      14926       1680        388     111468    1923258   Grand Totals
     73152      14926       1680         32     111468    1923258   ELF Image Totals (compressed)
     73152      14926       1680         32          0          0   ROM Totals

==============================================================================

    Total RO  Size (Code + RO Data)                74832 (  73.08kB)
    Total RW  Size (RW Data + ZI Data)            111856 ( 109.23kB)
    Total ROM Size (Code + RO Data + RW Data)      74864 (  73.11kB)

==============================================================================

