<html>
<body>
<pre>
<h1>µVision Build Log</h1>
<h2>Tool Versions:</h2>
IDE-Version: ¦ÌVision V5.34.0.0
Copyright (C) 2021 ARM Ltd and ARM Germany GmbH. All rights reserved.
License Information: m Administrator, m, LIC=YA39H-WK7AD-9UW4U-S4LIG-LJ2CK-J26BM
 
Tool Versions:
Toolchain:       MDK-ARM Plus  Version: 5.34.0.0
Toolchain Path:  D:\Keil_v5\ARM\ARMCC\Bin
C Compiler:      Armcc.exe V5.06 update 7 (build 960)
Assembler:       Armasm.exe V5.06 update 7 (build 960)
Linker/Locator:  ArmLink.exe V5.06 update 7 (build 960)
Library Manager: ArmAr.exe V5.06 update 7 (build 960)
Hex Converter:   FromElf.exe V5.06 update 7 (build 960)
CPU DLL:         SARMCM3.DLL V5.34.0.0
Dialog DLL:      DCM.DLL V1.17.3.0
Target DLL:      Segger\JL2CM3.dll V2.99.38.0
Dialog DLL:      TCM.DLL V1.48.0.0
 
<h2>Project:</h2>
D:\STM32H750\ebf_lwip_tutorial_code_stm32h750_pro_v_20220706\lwip_dhcp\Project\RVMDK£¨uv5£©\LX_FreeRTOS.uvprojx
Project File Date:  01/22/2024

<h2>Output:</h2>
*** Using Compiler 'V5.06 update 7 (build 960)', folder: 'D:\Keil_v5\ARM\ARMCC\Bin'
Build target 'LX_FreeRTOS'
Note: source file '..\..\LwIP\core\ipv4\dhcp.c' - object file renamed from '..\..\Output\dhcp.o' to '..\..\Output\dhcp_1.o'.
compiling netifapi.c...
compiling netbuf.c...
compiling altcp.c...
compiling netdb.c...
compiling if_api.c...
compiling err.c...
compiling tcpip.c...
compiling dhcp.c...
compiling api_lib.c...
compiling sockets.c...
compiling api_msg.c...
compiling altcp_alloc.c...
compiling altcp_tcp.c...
compiling def.c...
compiling dns.c...
compiling ip.c...
compiling inet_chksum.c...
compiling init.c...
compiling mem.c...
compiling raw.c...
compiling netif.c...
compiling memp.c...
compiling stats.c...
compiling pbuf.c...
compiling sys.c...
compiling tcp.c...
compiling tcp_out.c...
compiling tcp_in.c...
compiling autoip.c...
compiling udp.c...
compiling timeouts.c...
compiling icmp.c...
compiling igmp.c...
compiling etharp.c...
compiling dhcp.c...
compiling ip4.c...
compiling ip4_addr.c...
compiling lowpan6_common.c...
compiling ethernet.c...
compiling lowpan6_ble.c...
compiling lowpan6.c...
compiling ip4_frag.c...
compiling zepif.c...
compiling bridgeif.c...
compiling ethernetif.c...
linking...
Program Size: Code=73152 RO-data=1680 RW-data=388 ZI-data=111468  
FromELF: creating hex file...
"..\..\Output\Fire_FreeRTOS.axf" - 0 Error(s), 0 Warning(s).

<h2>Software Packages used:</h2>

Package Vendor: Keil
                https://www.keil.com/pack/Keil.STM32H7xx_DFP.3.1.1.pack
                Keil.STM32H7xx_DFP.3.1.1
                STMicroelectronics STM32H7 Series Device Support and Examples

<h2>Collection of Component include folders:</h2>
  D:\Keil_v5\ArmPacks\Keil\STM32H7xx_DFP\3.1.1\Drivers\CMSIS\Device\ST\STM32H7xx\Include

<h2>Collection of Component Files used:</h2>
Build Time Elapsed:  00:00:02
</pre>
</body>
</html>
