Component: ARM Compiler 5.06 update 7 (build 960) Tool: armlink [4d3601]

==============================================================================

Section Cross References

    startup_stm32h743xx.o(RESET) refers to startup_stm32h743xx.o(STACK) for __initial_sp
    startup_stm32h743xx.o(RESET) refers to startup_stm32h743xx.o(.text) for Reset_Handler
    startup_stm32h743xx.o(RESET) refers to stm32h7xx_it.o(i.NMI_Handler) for NMI_Handler
    startup_stm32h743xx.o(RESET) refers to stm32h7xx_it.o(i.HardFault_Handler) for HardFault_Handler
    startup_stm32h743xx.o(RESET) refers to stm32h7xx_it.o(i.MemManage_Handler) for MemManage_Handler
    startup_stm32h743xx.o(RESET) refers to stm32h7xx_it.o(i.BusFault_Handler) for BusFault_Handler
    startup_stm32h743xx.o(RESET) refers to stm32h7xx_it.o(i.UsageFault_Handler) for UsageFault_Handler
    startup_stm32h743xx.o(RESET) refers to port.o(.emb_text) for SVC_Handler
    startup_stm32h743xx.o(RESET) refers to stm32h7xx_it.o(i.DebugMon_Handler) for DebugMon_Handler
    startup_stm32h743xx.o(RESET) refers to stm32h7xx_it.o(i.SysTick_Handler) for SysTick_Handler
    startup_stm32h743xx.o(RESET) refers to lan8720a.o(i.ETH_IRQHandler) for ETH_IRQHandler
    startup_stm32h743xx.o(.text) refers to system_stm32h7xx.o(i.SystemInit) for SystemInit
    startup_stm32h743xx.o(.text) refers to entry.o(.ARM.Collect$$$$00000000) for __main
    system_stm32h7xx.o(i.SystemCoreClockUpdate) refers to system_stm32h7xx.o(.data) for .data
    system_stm32h7xx.o(i.SystemCoreClockUpdate) refers to system_stm32h7xx.o(.constdata) for .constdata
    stm32h7xx_hal.o(i.HAL_DeInit) refers to stm32h7xx_hal.o(i.HAL_MspDeInit) for HAL_MspDeInit
    stm32h7xx_hal.o(i.HAL_Delay) refers to core_delay.o(i.HAL_GetTick) for HAL_GetTick
    stm32h7xx_hal.o(i.HAL_Delay) refers to stm32h7xx_hal.o(.data) for .data
    stm32h7xx_hal.o(i.HAL_GetTick) refers to stm32h7xx_hal.o(.data) for .data
    stm32h7xx_hal.o(i.HAL_GetTickFreq) refers to stm32h7xx_hal.o(.data) for .data
    stm32h7xx_hal.o(i.HAL_GetTickPrio) refers to stm32h7xx_hal.o(.data) for .data
    stm32h7xx_hal.o(i.HAL_IncTick) refers to stm32h7xx_hal.o(.data) for .data
    stm32h7xx_hal.o(i.HAL_Init) refers to stm32h7xx_hal_cortex.o(i.HAL_NVIC_SetPriorityGrouping) for HAL_NVIC_SetPriorityGrouping
    stm32h7xx_hal.o(i.HAL_Init) refers to stm32h7xx_hal_rcc.o(i.HAL_RCC_GetSysClockFreq) for HAL_RCC_GetSysClockFreq
    stm32h7xx_hal.o(i.HAL_Init) refers to core_delay.o(i.HAL_InitTick) for HAL_InitTick
    stm32h7xx_hal.o(i.HAL_Init) refers to stm32h7xx_hal.o(i.HAL_MspInit) for HAL_MspInit
    stm32h7xx_hal.o(i.HAL_Init) refers to system_stm32h7xx.o(.constdata) for D1CorePrescTable
    stm32h7xx_hal.o(i.HAL_Init) refers to system_stm32h7xx.o(.data) for SystemCoreClock
    stm32h7xx_hal.o(i.HAL_InitTick) refers to stm32h7xx_hal_cortex.o(i.HAL_SYSTICK_Config) for HAL_SYSTICK_Config
    stm32h7xx_hal.o(i.HAL_InitTick) refers to stm32h7xx_hal_cortex.o(i.HAL_NVIC_SetPriority) for HAL_NVIC_SetPriority
    stm32h7xx_hal.o(i.HAL_InitTick) refers to stm32h7xx_hal.o(.data) for .data
    stm32h7xx_hal.o(i.HAL_InitTick) refers to system_stm32h7xx.o(.data) for SystemCoreClock
    stm32h7xx_hal.o(i.HAL_SYSCFG_EnableVREFBUF) refers to core_delay.o(i.HAL_GetTick) for HAL_GetTick
    stm32h7xx_hal.o(i.HAL_SetTickFreq) refers to core_delay.o(i.HAL_InitTick) for HAL_InitTick
    stm32h7xx_hal.o(i.HAL_SetTickFreq) refers to stm32h7xx_hal.o(.data) for .data
    stm32h7xx_hal_cortex.o(i.HAL_NVIC_SetPriority) refers to stm32h7xx_hal_cortex.o(i.__NVIC_SetPriority) for __NVIC_SetPriority
    stm32h7xx_hal_cortex.o(i.HAL_SYSTICK_Config) refers to stm32h7xx_hal_cortex.o(i.__NVIC_SetPriority) for __NVIC_SetPriority
    stm32h7xx_hal_cortex.o(i.HAL_SYSTICK_IRQHandler) refers to stm32h7xx_hal_cortex.o(i.HAL_SYSTICK_Callback) for HAL_SYSTICK_Callback
    stm32h7xx_hal_dma.o(i.DMA_CalcBaseAndBitshift) refers to stm32h7xx_hal_dma.o(.constdata) for .constdata
    stm32h7xx_hal_dma.o(i.HAL_DMA_Abort) refers to core_delay.o(i.HAL_GetTick) for HAL_GetTick
    stm32h7xx_hal_dma.o(i.HAL_DMA_DeInit) refers to stm32h7xx_hal_dma.o(i.DMA_CalcBaseAndBitshift) for DMA_CalcBaseAndBitshift
    stm32h7xx_hal_dma.o(i.HAL_DMA_DeInit) refers to stm32h7xx_hal_dma.o(i.DMA_CalcDMAMUXChannelBaseAndMask) for DMA_CalcDMAMUXChannelBaseAndMask
    stm32h7xx_hal_dma.o(i.HAL_DMA_DeInit) refers to stm32h7xx_hal_dma.o(i.DMA_CalcDMAMUXRequestGenBaseAndMask) for DMA_CalcDMAMUXRequestGenBaseAndMask
    stm32h7xx_hal_dma.o(i.HAL_DMA_IRQHandler) refers to system_stm32h7xx.o(.data) for SystemCoreClock
    stm32h7xx_hal_dma.o(i.HAL_DMA_Init) refers to core_delay.o(i.HAL_GetTick) for HAL_GetTick
    stm32h7xx_hal_dma.o(i.HAL_DMA_Init) refers to stm32h7xx_hal_dma.o(i.DMA_CheckFifoParam) for DMA_CheckFifoParam
    stm32h7xx_hal_dma.o(i.HAL_DMA_Init) refers to stm32h7xx_hal_dma.o(i.DMA_CalcBaseAndBitshift) for DMA_CalcBaseAndBitshift
[...]
    pbuf_alloc_reference                     0x0800a565   Thumb Code    62  pbuf.o(i.pbuf_alloc_reference)
    pbuf_alloced_custom                      0x0800a5b9   Thumb Code    54  pbuf.o(i.pbuf_alloced_custom)
    pbuf_cat                                 0x0800a5f1   Thumb Code    76  pbuf.o(i.pbuf_cat)
    pbuf_chain                               0x0800a6b5   Thumb Code    20  pbuf.o(i.pbuf_chain)
    pbuf_clen                                0x0800a6c9   Thumb Code    18  pbuf.o(i.pbuf_clen)
    pbuf_clone                               0x0800a6dd   Thumb Code    42  pbuf.o(i.pbuf_clone)
    pbuf_copy                                0x0800a71d   Thumb Code   194  pbuf.o(i.pbuf_copy)
    pbuf_copy_partial                        0x0800a881   Thumb Code   118  pbuf.o(i.pbuf_copy_partial)
    pbuf_free                                0x0800a93d   Thumb Code   152  pbuf.o(i.pbuf_free)
    pbuf_free_custom                         0x0800aa31   Thumb Code    24  ethernetif.o(i.pbuf_free_custom)
    pbuf_header_force                        0x0800aa4d   Thumb Code     6  pbuf.o(i.pbuf_header_force)
    pbuf_put_at                              0x0800aa7d   Thumb Code    30  pbuf.o(i.pbuf_put_at)
    pbuf_realloc                             0x0800aa9d   Thumb Code   114  pbuf.o(i.pbuf_realloc)
    pbuf_ref                                 0x0800ab5d   Thumb Code    40  pbuf.o(i.pbuf_ref)
    pbuf_remove_header                       0x0800ab99   Thumb Code    72  pbuf.o(i.pbuf_remove_header)
    pbuf_skip                                0x0800ac0d   Thumb Code     4  pbuf.o(i.pbuf_skip)
    pbuf_take                                0x0800ac29   Thumb Code   122  pbuf.o(i.pbuf_take)
    pbuf_take_at                             0x0800ad29   Thumb Code   100  pbuf.o(i.pbuf_take_at)
    pvPortMalloc                             0x0800b51d   Thumb Code   206  heap_4.o(i.pvPortMalloc)
    pvTaskIncrementMutexHeldCount            0x0800b629   Thumb Code    20  tasks.o(i.pvTaskIncrementMutexHeldCount)
    pxPortInitialiseStack                    0x0800b641   Thumb Code    30  port.o(i.pxPortInitialiseStack)
    sys_arch_mbox_fetch                      0x0800b929   Thumb Code    66  sys_arch.o(i.sys_arch_mbox_fetch)
    sys_arch_mbox_tryfetch                   0x0800b96b   Thumb Code    32  sys_arch.o(i.sys_arch_mbox_tryfetch)
    sys_arch_protect                         0x0800b98b   Thumb Code    10  sys_arch.o(i.sys_arch_protect)
    sys_arch_sem_wait                        0x0800b995   Thumb Code    64  sys_arch.o(i.sys_arch_sem_wait)
    sys_arch_unprotect                       0x0800b9d5   Thumb Code     4  sys_arch.o(i.sys_arch_unprotect)
    sys_check_timeouts                       0x0800b9d9   Thumb Code    62  timeouts.o(i.sys_check_timeouts)
    sys_init                                 0x0800ba1d   Thumb Code    28  sys_arch.o(i.sys_init)
    sys_mbox_free                            0x0800ba41   Thumb Code    20  sys_arch.o(i.sys_mbox_free)
    sys_mbox_new                             0x0800ba55   Thumb Code    28  sys_arch.o(i.sys_mbox_new)
    sys_mbox_set_invalid                     0x0800ba71   Thumb Code     6  sys_arch.o(i.sys_mbox_set_invalid)
    sys_mbox_trypost                         0x0800ba77   Thumb Code    28  sys_arch.o(i.sys_mbox_trypost)
    sys_mbox_valid                           0x0800ba93   Thumb Code    14  sys_arch.o(i.sys_mbox_valid)
    sys_mutex_lock                           0x0800baa1   Thumb Code    12  sys_arch.o(i.sys_mutex_lock)
    sys_mutex_new                            0x0800baad   Thumb Code    30  sys_arch.o(i.sys_mutex_new)
    sys_mutex_unlock                         0x0800bae9   Thumb Code    12  sys_arch.o(i.sys_mutex_unlock)
    sys_now                                  0x0800baf5   Thumb Code    12  sys_arch.o(i.sys_now)
    sys_sem_free                             0x0800bb05   Thumb Code    16  sys_arch.o(i.sys_sem_free)
    sys_sem_new                              0x0800bb15   Thumb Code    62  sys_arch.o(i.sys_sem_new)
    sys_sem_set_invalid                      0x0800bb71   Thumb Code     6  sys_arch.o(i.sys_sem_set_invalid)
    sys_sem_signal                           0x0800bb79   Thumb Code    30  sys_arch.o(i.sys_sem_signal)
    sys_sem_valid                            0x0800bbb9   Thumb Code    14  sys_arch.o(i.sys_sem_valid)
    sys_thread_new                           0x0800bbc9   Thumb Code    52  sys_arch.o(i.sys_thread_new)
    sys_timeout                              0x0800bc25   Thumb Code    38  timeouts.o(i.sys_timeout)
    sys_timeouts_init                        0x0800bd25   Thumb Code    28  timeouts.o(i.sys_timeouts_init)
    sys_timeouts_sleeptime                   0x0800bd49   Thumb Code    36  timeouts.o(i.sys_timeouts_sleeptime)
    tcp_abandon                              0x0800bd71   Thumb Code   232  tcp.o(i.tcp_abandon)
    tcp_abort                                0x0800bead   Thumb Code     6  tcp.o(i.tcp_abort)
    tcp_accept                               0x0800beb3   Thumb Code    14  tcp.o(i.tcp_accept)
    tcp_alloc                                0x0800befd   Thumb Code   160  tcp.o(i.tcp_alloc)
    tcp_arg                                  0x0800bfa9   Thumb Code     8  tcp.o(i.tcp_arg)
    tcp_bind                                 0x0800bfb1   Thumb Code   146  tcp.o(i.tcp_bind)
    tcp_close                                0x0800c091   Thumb Code    42  tcp.o(i.tcp_close)
    tcp_eff_send_mss_netif                   0x0800c3b9   Thumb Code    50  tcp.o(i.tcp_eff_send_mss_netif)
    tcp_enqueue_flags                        0x0800c415   Thumb Code   240  tcp_out.o(i.tcp_enqueue_flags)
    tcp_err                                  0x0800c5d1   Thumb Code    28  tcp.o(i.tcp_err)
    tcp_fasttmr                              0x0800c615   Thumb Code   102  tcp.o(i.tcp_fasttmr)
    tcp_free                                 0x0800c681   Thumb Code    28  tcp.o(i.tcp_free)
    tcp_init                                 0x0800c811   Thumb Code    20  tcp.o(i.tcp_init)
    tcp_input                                0x0800c829   Thumb Code  1528  tcp_in.o(i.tcp_input)
    tcp_keepalive                            0x0800ce95   Thumb Code    74  tcp_out.o(i.tcp_keepalive)
    tcp_listen_with_backlog_and_err          0x0800d16d   Thumb Code   166  tcp.o(i.tcp_listen_with_backlog_and_err)
    tcp_netif_ip_addr_changed                0x0800d285   Thumb Code    72  tcp.o(i.tcp_netif_ip_addr_changed)
    tcp_new_ip_type                          0x0800d335   Thumb Code     6  tcp.o(i.tcp_new_ip_type)
    tcp_next_iss                             0x0800d395   Thumb Code    24  tcp.o(i.tcp_next_iss)
    tcp_output                               0x0800d3cd   Thumb Code   552  tcp_out.o(i.tcp_output)
    tcp_pcb_purge                            0x0800db7d   Thumb Code    72  tcp.o(i.tcp_pcb_purge)
    tcp_pcb_remove                           0x0800dbe1   Thumb Code   124  tcp.o(i.tcp_pcb_remove)
    tcp_poll                                 0x0800dccd   Thumb Code    44  tcp.o(i.tcp_poll)
    tcp_process_refused_data                 0x0800e23d   Thumb Code   130  tcp.o(i.tcp_process_refused_data)
    tcp_recv                                 0x0800e859   Thumb Code    28  tcp.o(i.tcp_recv)
    tcp_recv_null                            0x0800e89d   Thumb Code    52  tcp.o(i.tcp_recv_null)
    tcp_recved                               0x0800e8ed   Thumb Code    92  tcp.o(i.tcp_recved)
    tcp_rexmit                               0x0800e9d5   Thumb Code   116  tcp_out.o(i.tcp_rexmit)
    tcp_rexmit_fast                          0x0800ea61   Thumb Code   102  tcp_out.o(i.tcp_rexmit_fast)
    tcp_rexmit_rto                           0x0800eae9   Thumb Code    36  tcp_out.o(i.tcp_rexmit_rto)
    tcp_rexmit_rto_commit                    0x0800eb29   Thumb Code    38  tcp_out.o(i.tcp_rexmit_rto_commit)
    tcp_rexmit_rto_prepare                   0x0800eb75   Thumb Code   124  tcp_out.o(i.tcp_rexmit_rto_prepare)
    tcp_rst                                  0x0800ec29   Thumb Code   112  tcp_out.o(i.tcp_rst)
    tcp_seg_free                             0x0800ecd1   Thumb Code    30  tcp.o(i.tcp_seg_free)
    tcp_segs_free                            0x0800ecef   Thumb Code    18  tcp.o(i.tcp_segs_free)
    tcp_send_empty_ack                       0x0800ed01   Thumb Code   106  tcp_out.o(i.tcp_send_empty_ack)
    tcp_send_fin                             0x0800ed8d   Thumb Code    80  tcp_out.o(i.tcp_send_fin)
    tcp_sent                                 0x0800edf9   Thumb Code    26  tcp.o(i.tcp_sent)
    tcp_shutdown                             0x0800ee3d   Thumb Code   114  tcp.o(i.tcp_shutdown)
    tcp_slowtmr                              0x0800eecd   Thumb Code   834  tcp.o(i.tcp_slowtmr)
    tcp_split_unsent_seg                     0x0800f3ed   Thumb Code   338  tcp_out.o(i.tcp_split_unsent_seg)
    tcp_timer_needed                         0x0800f5a9   Thumb Code    36  timeouts.o(i.tcp_timer_needed)
    tcp_tmr                                  0x0800f675   Thumb Code    28  tcp.o(i.tcp_tmr)
    tcp_trigger_input_pcb_close              0x0800f695   Thumb Code    12  tcp_in.o(i.tcp_trigger_input_pcb_close)
    tcp_update_rcv_ann_wnd                   0x0800f6a5   Thumb Code    78  tcp.o(i.tcp_update_rcv_ann_wnd)
    tcp_write                                0x0800f735   Thumb Code  1032  tcp_out.o(i.tcp_write)
    tcp_zero_window_probe                    0x0800fe41   Thumb Code   198  tcp_out.o(i.tcp_zero_window_probe)
    tcpecho_init                             0x0800ff2d   Thumb Code    20  tcpecho.o(i.tcpecho_init)
    tcpip_init                               0x08010015   Thumb Code    68  tcpip.o(i.tcpip_init)
    tcpip_inpkt                              0x080100b1   Thumb Code    80  tcpip.o(i.tcpip_inpkt)
    tcpip_input                              0x08010115   Thumb Code    22  tcpip.o(i.tcpip_input)
    tcpip_send_msg_wait_sem                  0x08010135   Thumb Code    26  tcpip.o(i.tcpip_send_msg_wait_sem)
    udp_bind                                 0x080102b5   Thumb Code   136  udp.o(i.udp_bind)
    udp_init                                 0x0801035d   Thumb Code    20  udp.o(i.udp_init)
    udp_input                                0x08010375   Thumb Code   342  udp.o(i.udp_input)
    udp_netif_ip_addr_changed                0x080105d9   Thumb Code    48  udp.o(i.udp_netif_ip_addr_changed)
    udp_new                                  0x0801060d   Thumb Code    30  udp.o(i.udp_new)
    udp_new_ip_type                          0x0801062b   Thumb Code     4  udp.o(i.udp_new_ip_type)
    udp_recv                                 0x08010679   Thumb Code    16  udp.o(i.udp_recv)
    udp_remove                               0x080106a1   Thumb Code    52  udp.o(i.udp_remove)
    udp_sendto                               0x080106f1   Thumb Code   142  udp.o(i.udp_sendto)
    udp_sendto_if                            0x080107d5   Thumb Code   100  udp.o(i.udp_sendto_if)
    udp_sendto_if_src                        0x080108b1   Thumb Code   306  udp.o(i.udp_sendto_if_src)
    uxListRemove                             0x08010ac1   Thumb Code    36  list.o(i.uxListRemove)
    uxQueueMessagesWaiting                   0x08010ae5   Thumb Code    34  queue.o(i.uxQueueMessagesWaiting)
    vListInitialise                          0x08010b35   Thumb Code    22  list.o(i.vListInitialise)
    vListInitialiseItem                      0x08010b4b   Thumb Code     6  list.o(i.vListInitialiseItem)
    vListInsert                              0x08010b51   Thumb Code    48  list.o(i.vListInsert)
    vListInsertEnd                           0x08010b81   Thumb Code    24  list.o(i.vListInsertEnd)
    vPortEnterCritical                       0x08010b99   Thumb Code    54  port.o(i.vPortEnterCritical)
    vPortExitCritical                        0x08010c19   Thumb Code    38  port.o(i.vPortExitCritical)
    vPortFree                                0x08010c85   Thumb Code    94  heap_4.o(i.vPortFree)
    vPortSetupTimerInterrupt                 0x08010d21   Thumb Code    26  port.o(i.vPortSetupTimerInterrupt)
    vPortValidateInterruptPriority           0x08010d41   Thumb Code    70  port.o(i.vPortValidateInterruptPriority)
    vQueueDelete                             0x08010dd1   Thumb Code    36  queue.o(i.vQueueDelete)
    vQueueUnregisterQueue                    0x08010e21   Thumb Code    36  queue.o(i.vQueueUnregisterQueue)
    vTaskDelay                               0x08010e49   Thumb Code    66  tasks.o(i.vTaskDelay)
    vTaskDelete                              0x08010ec1   Thumb Code   152  tasks.o(i.vTaskDelete)
    vTaskMissedYield                         0x08010f95   Thumb Code     8  tasks.o(i.vTaskMissedYield)
    vTaskPlaceOnEventList                    0x08010fa1   Thumb Code    46  tasks.o(i.vTaskPlaceOnEventList)
    vTaskPriorityInherit                     0x08011001   Thumb Code   126  tasks.o(i.vTaskPriorityInherit)
    vTaskSetTimeOutState                     0x08011089   Thumb Code    32  tasks.o(i.vTaskSetTimeOutState)
    vTaskStartScheduler                      0x080110d9   Thumb Code    92  tasks.o(i.vTaskStartScheduler)
    vTaskSuspendAll                          0x08011171   Thumb Code    10  tasks.o(i.vTaskSuspendAll)
    vTaskSwitchContext                       0x08011181   Thumb Code    84  tasks.o(i.vTaskSwitchContext)
    xPortStartScheduler                      0x08011209   Thumb Code   146  port.o(i.xPortStartScheduler)
    xPortSysTickHandler                      0x080112ed   Thumb Code    42  port.o(i.xPortSysTickHandler)
    xQueueCreateCountingSemaphore            0x0801131d   Thumb Code    56  queue.o(i.xQueueCreateCountingSemaphore)
    xQueueCreateMutex                        0x08011381   Thumb Code    24  queue.o(i.xQueueCreateMutex)
    xQueueGenericCreate                      0x08011399   Thumb Code    64  queue.o(i.xQueueGenericCreate)
    xQueueGenericReceive                     0x08011405   Thumb Code   374  queue.o(i.xQueueGenericReceive)
    xQueueGenericReset                       0x080115ad   Thumb Code   130  queue.o(i.xQueueGenericReset)
    xQueueGenericSend                        0x08011661   Thumb Code   334  queue.o(i.xQueueGenericSend)
    xQueueGiveFromISR                        0x080117e1   Thumb Code   150  queue.o(i.xQueueGiveFromISR)
    xTaskCheckForTimeOut                     0x080118a5   Thumb Code   104  tasks.o(i.xTaskCheckForTimeOut)
    xTaskCreate                              0x0801193d   Thumb Code    96  tasks.o(i.xTaskCreate)
    xTaskGetSchedulerState                   0x0801199d   Thumb Code    24  tasks.o(i.xTaskGetSchedulerState)
    xTaskGetTickCount                        0x080119b9   Thumb Code     6  tasks.o(i.xTaskGetTickCount)
    xTaskIncrementTick                       0x080119c5   Thumb Code   192  tasks.o(i.xTaskIncrementTick)
    xTaskPriorityDisinherit                  0x08011ab9   Thumb Code   136  tasks.o(i.xTaskPriorityDisinherit)
    xTaskRemoveFromEventList                 0x08011b75   Thumb Code   108  tasks.o(i.xTaskRemoveFromEventList)
    xTaskResumeAll                           0x08011c19   Thumb Code   184  tasks.o(i.xTaskResumeAll)
    D1CorePrescTable                         0x08011d0c   Data          16  system_stm32h7xx.o(.constdata)
    netconn_aborted                          0x08011d1c   Data           1  api_msg.o(.constdata)
    netconn_reset                            0x08011d1d   Data           1  api_msg.o(.constdata)
    netconn_closed                           0x08011d1e   Data           1  api_msg.o(.constdata)
    memp_UDP_PCB                             0x08011d20   Data          12  memp.o(.constdata)
    memp_TCP_PCB                             0x08011d2c   Data          12  memp.o(.constdata)
    memp_TCP_PCB_LISTEN                      0x08011d38   Data          12  memp.o(.constdata)
    memp_TCP_SEG                             0x08011d44   Data          12  memp.o(.constdata)
    memp_REASSDATA                           0x08011d50   Data          12  memp.o(.constdata)
    memp_FRAG_PBUF                           0x08011d5c   Data          12  memp.o(.constdata)
    memp_NETBUF                              0x08011d68   Data          12  memp.o(.constdata)
    memp_NETCONN                             0x08011d74   Data          12  memp.o(.constdata)
    memp_TCPIP_MSG_API                       0x08011d80   Data          12  memp.o(.constdata)
    memp_TCPIP_MSG_INPKT                     0x08011d8c   Data          12  memp.o(.constdata)
    memp_IGMP_GROUP                          0x08011d98   Data          12  memp.o(.constdata)
    memp_SYS_TIMEOUT                         0x08011da4   Data          12  memp.o(.constdata)
    memp_NETDB                               0x08011db0   Data          12  memp.o(.constdata)
    memp_PBUF                                0x08011dbc   Data          12  memp.o(.constdata)
    memp_PBUF_POOL                           0x08011dc8   Data          12  memp.o(.constdata)
    memp_pools                               0x08011dd4   Data          60  memp.o(.constdata)
    tcp_pcb_lists                            0x08011e54   Data          16  tcp.o(.constdata)
    lwip_cyclic_timers                       0x08011e64   Data          40  timeouts.o(.constdata)
    ip_addr_any                              0x08011e8c   Data           4  ip4_addr.o(.constdata)
    ip_addr_broadcast                        0x08011e90   Data           4  ip4_addr.o(.constdata)
    ethbroadcast                             0x08011e94   Data           6  ethernet.o(.constdata)
    ethzero                                  0x08011e9a   Data           6  ethernet.o(.constdata)
    memp_RX_POOL                             0x08011ea0   Data          12  ethernetif.o(.constdata)
    __ctype_table                            0x08011eac   Data         129  ctype_o.o(.constdata)
    Region$$Table$$Base                      0x080121c0   Number         0  anon$$obj.o(Region$$Table)
    Region$$Table$$Limit                     0x080121e0   Number         0  anon$$obj.o(Region$$Table)
    SystemCoreClock                          0x24000000   Data           4  system_stm32h7xx.o(.data)
    SystemD2Clock                            0x24000004   Data           4  system_stm32h7xx.o(.data)
    uwTickFreq                               0x24000008   Data           1  stm32h7xx_hal.o(.data)
    uwTickPrio                               0x2400000c   Data           4  stm32h7xx_hal.o(.data)
    uwTick                                   0x24000010   Data           4  stm32h7xx_hal.o(.data)
    pxCurrentTCB                             0x24000020   Data           4  tasks.o(.data)
    lock_tcpip_core                          0x2400008c   Data           4  tcpip.o(.data)
    netif_list                               0x240000ec   Data           4  netif.o(.data)
    netif_default                            0x240000f0   Data           4  netif.o(.data)
    tcp_active_pcbs_changed                  0x240000f4   Data           1  tcp.o(.data)
    tcp_ticks                                0x24000100   Data           4  tcp.o(.data)
    tcp_bound_pcbs                           0x24000104   Data           4  tcp.o(.data)
    tcp_listen_pcbs                          0x24000108   Data           4  tcp.o(.data)
    tcp_active_pcbs                          0x2400010c   Data           4  tcp.o(.data)
    tcp_tw_pcbs                              0x24000110   Data           4  tcp.o(.data)
    tcp_input_pcb                            0x24000134   Data           4  tcp_in.o(.data)
    udp_pcbs                                 0x24000148   Data           4  udp.o(.data)
    s_xSemaphore                             0x24000168   Data           4  ethernetif.o(.data)
    tx_sem                                   0x2400016c   Data           4  ethernetif.o(.data)
    eth_tx_mb                                0x24000170   Data           4  ethernetif.o(.data)
    lwip_sys_now                             0x24000180   Data           4  sys_arch.o(.data)
    ipaddr                                   0x24000184   Data           4  sys_arch.o(.data)
    netmask                                  0x24000188   Data           4  sys_arch.o(.data)
    gw                                       0x2400018c   Data           4  sys_arch.o(.data)
    __stdout                                 0x24000194   Data           4  stdout.o(.data)
    UartHandle                               0x24000198   Data         140  bsp_debug_usart.o(.bss)
    xQueueRegistry                           0x24000224   Data          80  queue.o(.bss)
    ip_data                                  0x24006dd8   Data          24  ip.o(.bss)
    ram_heap                                 0x24006df0   Data       15379  mem.o(.bss)
    memp_memory_UDP_PCB_base                 0x2400aa03   Data         163  memp.o(.bss)
    memp_memory_TCP_PCB_base                 0x2400aaa6   Data         915  memp.o(.bss)
    memp_memory_TCP_PCB_LISTEN_base          0x2400ae39   Data         171  memp.o(.bss)
    memp_memory_TCP_SEG_base                 0x2400aee4   Data        2403  memp.o(.bss)
    memp_memory_REASSDATA_base               0x2400b847   Data         163  memp.o(.bss)
    memp_memory_FRAG_PBUF_base               0x2400b8ea   Data         363  memp.o(.bss)
    memp_memory_NETBUF_base                  0x2400ba55   Data          35  memp.o(.bss)
    memp_memory_NETCONN_base                 0x2400ba78   Data         163  memp.o(.bss)
    memp_memory_TCPIP_MSG_API_base           0x2400bb1b   Data         131  memp.o(.bss)
    memp_memory_TCPIP_MSG_INPKT_base         0x2400bb9e   Data         131  memp.o(.bss)
    memp_memory_IGMP_GROUP_base              0x2400bc21   Data         131  memp.o(.bss)
    memp_memory_SYS_TIMEOUT_base             0x2400bca4   Data         131  memp.o(.bss)
    memp_memory_NETDB_base                   0x2400bd27   Data         311  memp.o(.bss)
    memp_memory_PBUF_base                    0x2400be5e   Data         403  memp.o(.bss)
    memp_memory_PBUF_POOL_base               0x2400bff1   Data       68943  memp.o(.bss)
    EthHandle                                0x2401ce40   Data         112  ethernetif.o(.bss)
    TxConfig                                 0x2401ceb0   Data          52  ethernetif.o(.bss)
    MACConfig                                0x2401cee4   Data         100  ethernetif.o(.bss)
    memp_memory_RX_POOL_base                 0x2401cf48   Data         403  ethernetif.o(.bss)
    gnetif                                   0x2401d0fc   Data          56  sys_arch.o(.bss)
    __initial_sp                             0x24021138   Data           0  startup_stm32h743xx.o(STACK)
    DMARxDscrTab                             0x30040000   Data          96  ethernetif.o(.ARM.__AT_0x30040000)
    DMATxDscrTab                             0x30040060   Data          96  ethernetif.o(.ARM.__AT_0x30040060)
    Rx_Buff                                  0x30040200   Data        6144  ethernetif.o(.ARM.__AT_0x30040200)



==============================================================================

Memory Map of the image

  Image Entry point : 0x08000299

  Load Region LR_IROM1 (Base: 0x08000000, Size: 0x00012378, Max: 0x00200000, ABSOLUTE, COMPRESSED[0x000121fc])

    Execution Region ER_IROM1 (Exec base: 0x08000000, Load base: 0x08000000, Size: 0x000121e0, Max: 0x00200000, ABSOLUTE)

    Exec Addr    Load Addr    Size         Type   Attr      Idx    E Section Name        Object

    0x08000000   0x08000000   0x00000298   Data   RO            3    RESET               startup_stm32h743xx.o
    0x08000298   0x08000298   0x00000000   Code   RO        11598  * .ARM.Collect$$$$00000000  mc_w.l(entry.o)
    0x08000298   0x08000298   0x00000004   Code   RO        11917    .ARM.Collect$$$$00000001  mc_w.l(entry2.o)
    0x0800029c   0x0800029c   0x00000004   Code   RO        11920    .ARM.Collect$$$$00000004  mc_w.l(entry5.o)
    0x080002a0   0x080002a0   0x00000000   Code   RO        11922    .ARM.Collect$$$$00000008  mc_w.l(entry7b.o)
    0x080002a0   0x080002a0   0x00000000   Code   RO        11924    .ARM.Collect$$$$0000000A  mc_w.l(entry8b.o)
    0x080002a0   0x080002a0   0x00000008   Code   RO        11925    .ARM.Collect$$$$0000000B  mc_w.l(entry9a.o)
    0x080002a8   0x080002a8   0x00000004   Code   RO        11932    .ARM.Collect$$$$0000000E  mc_w.l(entry12b.o)
    0x080002ac   0x080002ac   0x00000000   Code   RO        11927    .ARM.Collect$$$$0000000F  mc_w.l(entry10a.o)
    0x080002ac   0x080002ac   0x00000000   Code   RO        11929    .ARM.Collect$$$$00000011  mc_w.l(entry11a.o)
    0x080002ac   0x080002ac   0x00000004   Code   RO        11918    .ARM.Collect$$$$00002712  mc_w.l(entry2.o)
    0x080002b0   0x080002b0   0x000000ba   Code   RO         7347    .emb_text           port.o
    0x0800036a   0x0800036a   0x00000002   PAD
    0x0800036c   0x0800036c   0x00000024   Code   RO            4    .text               startup_stm32h743xx.o
    0x08000390   0x08000390   0x00000062   Code   RO        11601    .text               mc_w.l(uldiv.o)
    0x080003f2   0x080003f2   0x00000002   PAD
    0x080003f4   0x080003f4   0x00000008   Code   RO        11603    .text               mc_w.l(ctype_o.o)
    0x080003fc   0x080003fc   0x00000024   Code   RO        11633    .text               mc_w.l(rand.o)
    0x08000420   0x08000420   0x00000040   Code   RO        11638    .text               mc_w.l(memmovea.o)
    0x08000460   0x08000460   0x00000024   Code   RO        11640    .text               mc_w.l(memseta.o)
    0x08000484   0x08000484   0x0000000e   Code   RO        11644    .text               mc_w.l(strlen.o)
    0x08000492   0x08000492   0x0000001a   Code   RO        11646    .text               mc_w.l(memcmp.o)
    0x080004ac   0x080004ac   0x0000001e   Code   RO        11936    .text               mc_w.l(llshl.o)
    0x080004ca   0x080004ca   0x00000020   Code   RO        11938    .text               mc_w.l(llushr.o)
    0x080004ea   0x080004ea   0x00000002   PAD
    0x080004ec   0x080004ec   0x00000024   Code   RO        11960    .text               mc_w.l(init.o)
    0x08000510   0x08000510   0x0000003a   Code   RO        11978    .text               mc_w.l(__dczerorl.o)
    0x0800054a   0x0800054a   0x00000002   PAD
    0x0800054c   0x0800054c   0x000001ac   Code   RO         6027    i.AppTaskCreate     main.o
    0x080006f8   0x080006f8   0x0000005c   Code   RO         6352    i.BSP_Init          board.o
    0x08000754   0x08000754   0x00000002   Code   RO         6119    i.BusFault_Handler  stm32h7xx_it.o
    0x08000756   0x08000756   0x00000002   PAD
    0x08000758   0x08000758   0x00000080   Code   RO         6353    i.CPU_CACHE_Enable  board.o
    0x080007d8   0x080007d8   0x000000c4   Code   RO         6225    i.DEBUG_USART_Config  bsp_debug_usart.o
    0x0800089c   0x0800089c   0x00000002   Code   RO         6120    i.DebugMon_Handler  stm32h7xx_it.o
    0x0800089e   0x0800089e   0x0000005c   Code   RO         1071    i.ETH_DMARxDescListInit  stm32h7xx_hal_eth.o
    0x080008fa   0x080008fa   0x0000004c   Code   RO         1072    i.ETH_DMATxDescListInit  stm32h7xx_hal_eth.o
    0x08000946   0x08000946   0x00000002   PAD
    0x08000948   0x08000948   0x00000160   Code   RO         6400    i.ETH_GPIO_Config   lan8720a.o
    0x08000aa8   0x08000aa8   0x00000028   Code   RO         6401    i.ETH_IRQHandler    lan8720a.o
    0x08000ad0   0x08000ad0   0x000000d8   Code   RO         1073    i.ETH_MACDMAConfig  stm32h7xx_hal_eth.o
    0x08000ba8   0x08000ba8   0x00000078   Code   RO         1074    i.ETH_MAC_MDIO_ClkConfig  stm32h7xx_hal_eth.o
    0x08000c20   0x08000c20   0x0000031c   Code   RO         1075    i.ETH_Prepare_Tx_Descriptors  stm32h7xx_hal_eth.o
    0x08000f3c   0x08000f3c   0x000000a0   Code   RO         1076    i.ETH_SetDMAConfig  stm32h7xx_hal_eth.o
    0x08000fdc   0x08000fdc   0x00000194   Code   RO         1077    i.ETH_SetMACConfig  stm32h7xx_hal_eth.o
    0x08001170   0x08001170   0x0000006c   Code   RO         6354    i.GPIO_CLK_Init     board.o
    0x080011dc   0x080011dc   0x00000024   Code   RO          176    i.HAL_Delay         stm32h7xx_hal.o
    0x08001200   0x08001200   0x00000078   Code   RO         1078    i.HAL_ETH_BuildRxDescriptors  stm32h7xx_hal_eth.o
    0x08001278   0x08001278   0x00000002   Code   RO         1079    i.HAL_ETH_DMAErrorCallback  stm32h7xx_hal_eth.o
    0x0800127a   0x0800127a   0x0000003e   Code   RO         1081    i.HAL_ETH_DescAssignMemory  stm32h7xx_hal_eth.o
    0x080012b8   0x080012b8   0x00000002   Code   RO         1082    i.HAL_ETH_EEECallback  stm32h7xx_hal_eth.o
    0x080012ba   0x080012ba   0x000001cc   Code   RO         1088    i.HAL_ETH_GetMACConfig  stm32h7xx_hal_eth.o
    0x08001486   0x08001486   0x0000009c   Code   RO         1092    i.HAL_ETH_GetRxDataBuffer  stm32h7xx_hal_eth.o
    0x08001522   0x08001522   0x00000036   Code   RO         1094    i.HAL_ETH_GetRxDataLength  stm32h7xx_hal_eth.o
    0x08001558   0x08001558   0x00000128   Code   RO         1096    i.HAL_ETH_IRQHandler  stm32h7xx_hal_eth.o
    0x08001680   0x08001680   0x00000128   Code   RO         1097    i.HAL_ETH_Init      stm32h7xx_hal_eth.o
    0x080017a8   0x080017a8   0x000000da   Code   RO         1098    i.HAL_ETH_IsRxDataAvailable  stm32h7xx_hal_eth.o
    0x08001882   0x08001882   0x00000002   Code   RO         1099    i.HAL_ETH_MACErrorCallback  stm32h7xx_hal_eth.o
    0x08001884   0x08001884   0x00000080   Code   RO         6403    i.HAL_ETH_MspInit   lan8720a.o
    0x08001904   0x08001904   0x00000002   Code   RO         1102    i.HAL_ETH_PMTCallback  stm32h7xx_hal_eth.o
    0x08001906   0x08001906   0x0000006a   Code   RO         1103    i.HAL_ETH_ReadPHYRegister  stm32h7xx_hal_eth.o
    0x08001970   0x08001970   0x00000040   Code   RO         6404    i.HAL_ETH_RxCpltCallback  lan8720a.o
    0x080019b0   0x080019b0   0x0000001c   Code   RO         1107    i.HAL_ETH_SetMACConfig  stm32h7xx_hal_eth.o
    0x080019cc   0x080019cc   0x000000ae   Code   RO         1114    i.HAL_ETH_Start_IT  stm32h7xx_hal_eth.o
    0x08001a7a   0x08001a7a   0x0000008a   Code   RO         1116    i.HAL_ETH_Stop_IT   stm32h7xx_hal_eth.o
    0x08001b04   0x08001b04   0x000000c4   Code   RO         1117    i.HAL_ETH_Transmit  stm32h7xx_hal_eth.o
    0x08001bc8   0x08001bc8   0x00000002   Code   RO         6405    i.HAL_ETH_TxCpltCallback  lan8720a.o
    0x08001bca   0x08001bca   0x00000002   Code   RO         1120    i.HAL_ETH_WakeUpCallback  stm32h7xx_hal_eth.o
    0x08001bcc   0x08001bcc   0x00000064   Code   RO         1121    i.HAL_ETH_WritePHYRegister  stm32h7xx_hal_eth.o
    0x08001c30   0x08001c30   0x000001f0   Code   RO         1823    i.HAL_GPIO_Init     stm32h7xx_hal_gpio.o
    0x08001e20   0x08001e20   0x0000000e   Code   RO         1827    i.HAL_GPIO_WritePin  stm32h7xx_hal_gpio.o
    0x08001e2e   0x08001e2e   0x00000002   PAD
    0x08001e30   0x08001e30   0x0000000c   Code   RO          191    i.HAL_GetREVID      stm32h7xx_hal.o
    0x08001e3c   0x08001e3c   0x0000001c   Code   RO         6276    i.HAL_GetTick       core_delay.o
    0x08001e58   0x08001e58   0x00000010   Code   RO          198    i.HAL_IncTick       stm32h7xx_hal.o
    0x08001e68   0x08001e68   0x00000058   Code   RO          199    i.HAL_Init          stm32h7xx_hal.o
    0x08001ec0   0x08001ec0   0x00000024   Code   RO         6277    i.HAL_InitTick      core_delay.o
    0x08001ee4   0x08001ee4   0x00000058   Code   RO          582    i.HAL_MPU_ConfigRegion  stm32h7xx_hal_cortex.o
    0x08001f3c   0x08001f3c   0x0000001c   Code   RO          583    i.HAL_MPU_Disable   stm32h7xx_hal_cortex.o
    0x08001f58   0x08001f58   0x00000024   Code   RO          584    i.HAL_MPU_Enable    stm32h7xx_hal_cortex.o
    0x08001f7c   0x08001f7c   0x00000002   Code   RO          202    i.HAL_MspInit       stm32h7xx_hal.o
    0x08001f7e   0x08001f7e   0x0000001a   Code   RO          587    i.HAL_NVIC_EnableIRQ  stm32h7xx_hal_cortex.o
    0x08001f98   0x08001f98   0x00000040   Code   RO          593    i.HAL_NVIC_SetPriority  stm32h7xx_hal_cortex.o
    0x08001fd8   0x08001fd8   0x00000024   Code   RO          594    i.HAL_NVIC_SetPriorityGrouping  stm32h7xx_hal_cortex.o
    0x08001ffc   0x08001ffc   0x0000002c   Code   RO         3715    i.HAL_RCCEx_GetD1SysClockFreq  stm32h7xx_hal_rcc_ex.o
    0x08002028   0x08002028   0x00000024   Code   RO         3716    i.HAL_RCCEx_GetD3PCLK1Freq  stm32h7xx_hal_rcc_ex.o
    0x0800204c   0x0800204c   0x000001c0   Code   RO         3718    i.HAL_RCCEx_GetPLL2ClockFreq  stm32h7xx_hal_rcc_ex.o
    0x0800220c   0x0800220c   0x000001c0   Code   RO         3719    i.HAL_RCCEx_GetPLL3ClockFreq  stm32h7xx_hal_rcc_ex.o
    0x080023cc   0x080023cc   0x0000091c   Code   RO         3723    i.HAL_RCCEx_PeriphCLKConfig  stm32h7xx_hal_rcc_ex.o
    0x08002ce8   0x08002ce8   0x00000264   Code   RO         3602    i.HAL_RCC_ClockConfig  stm32h7xx_hal_rcc.o
    0x08002f4c   0x08002f4c   0x0000002c   Code   RO         3607    i.HAL_RCC_GetHCLKFreq  stm32h7xx_hal_rcc.o
    0x08002f78   0x08002f78   0x00000024   Code   RO         3609    i.HAL_RCC_GetPCLK1Freq  stm32h7xx_hal_rcc.o
    0x08002f9c   0x08002f9c   0x00000024   Code   RO         3610    i.HAL_RCC_GetPCLK2Freq  stm32h7xx_hal_rcc.o
    0x08002fc0   0x08002fc0   0x000001b4   Code   RO         3611    i.HAL_RCC_GetSysClockFreq  stm32h7xx_hal_rcc.o
    0x08003174   0x08003174   0x00000090   Code   RO         3612    i.HAL_RCC_MCOConfig  stm32h7xx_hal_rcc.o
    0x08003204   0x08003204   0x00000594   Code   RO         3614    i.HAL_RCC_OscConfig  stm32h7xx_hal_rcc.o
    0x08003798   0x08003798   0x00000014   Code   RO          211    i.HAL_SYSCFG_ETHInterfaceSelect  stm32h7xx_hal.o
    0x080037ac   0x080037ac   0x00000070   Code   RO         5170    i.HAL_UART_Init     stm32h7xx_hal_uart.o
    0x0800381c   0x0800381c   0x00000002   Code   RO         5172    i.HAL_UART_MspInit  stm32h7xx_hal_uart.o
    0x0800381e   0x0800381e   0x000000c8   Code   RO         5179    i.HAL_UART_Transmit  stm32h7xx_hal_uart.o
    0x080038e6   0x080038e6   0x00000002   Code   RO         6121    i.HardFault_Handler  stm32h7xx_it.o
    0x080038e8   0x080038e8   0x00000018   Code   RO         6406    i.LAN8720_GetLinkState  lan8720a.o
    0x08003900   0x08003900   0x00000062   Code   RO         6407    i.LAN8720_Init      lan8720a.o
    0x08003962   0x08003962   0x00000002   PAD
    0x08003964   0x08003964   0x00000040   Code   RO         6198    i.LED_GPIO_Config   bsp_led.o
    0x080039a4   0x080039a4   0x00000084   Code   RO         6355    i.MPU_Config        board.o
    0x08003a28   0x08003a28   0x00000002   Code   RO         6122    i.MemManage_Handler  stm32h7xx_it.o
    0x08003a2a   0x08003a2a   0x00000002   Code   RO         6123    i.NMI_Handler       stm32h7xx_it.o
    0x08003a2c   0x08003a2c   0x00000124   Code   RO         3726    i.RCCEx_PLL2_Config  stm32h7xx_hal_rcc_ex.o
    0x08003b50   0x08003b50   0x00000124   Code   RO         3727    i.RCCEx_PLL3_Config  stm32h7xx_hal_rcc_ex.o
    0x08003c74   0x08003c74   0x00000024   Code   RO        11305    i.SCB_InvalidateDCache_by_Addr  ethernetif.o
    0x08003c98   0x08003c98   0x0000002e   Code   RO         6124    i.SysTick_Handler   stm32h7xx_it.o
    0x08003cc6   0x08003cc6   0x00000002   PAD
    0x08003cc8   0x08003cc8   0x000000ac   Code   RO         6356    i.SystemClock_Config  board.o
    0x08003d74   0x08003d74   0x00000098   Code   RO           14    i.SystemInit        system_stm32h7xx.o
    0x08003e0c   0x08003e0c   0x000000a4   Code   RO        11397    i.TCPIP_Init        sys_arch.o
    0x08003eb0   0x08003eb0   0x0000001c   Code   RO         6028    i.Test1_Task        main.o
    0x08003ecc   0x08003ecc   0x0000001c   Code   RO         6029    i.Test2_Task        main.o
    0x08003ee8   0x08003ee8   0x000000c8   Code   RO         5184    i.UART_AdvFeatureConfig  stm32h7xx_hal_uart.o
    0x08003fb0   0x08003fb0   0x0000005e   Code   RO         5185    i.UART_CheckIdleState  stm32h7xx_hal_uart.o
    0x0800400e   0x0800400e   0x00000002   PAD
    0x08004010   0x08004010   0x00001540   Code   RO         5203    i.UART_SetConfig    stm32h7xx_hal_uart.o
    0x08005550   0x08005550   0x000000a8   Code   RO         5208    i.UART_WaitOnFlagUntilTimeout  stm32h7xx_hal_uart.o
    0x080055f8   0x080055f8   0x00000002   Code   RO         6125    i.UsageFault_Handler  stm32h7xx_it.o
    0x080055fa   0x080055fa   0x00000002   PAD
    0x080055fc   0x080055fc   0x00000020   Code   RO        11787    i.__0printf$5       mc_w.l(printf5.o)
    0x0800561c   0x0800561c   0x00000020   Code   RO          600    i.__NVIC_SetPriority  stm32h7xx_hal_cortex.o
    0x0800563c   0x0800563c   0x0000000e   Code   RO        11972    i.__scatterload_copy  mc_w.l(handlers.o)
    0x0800564a   0x0800564a   0x00000002   Code   RO        11973    i.__scatterload_null  mc_w.l(handlers.o)
    0x0800564c   0x0800564c   0x0000000e   Code   RO        11974    i.__scatterload_zeroinit  mc_w.l(handlers.o)
    0x0800565a   0x0800565a   0x00000002   PAD
    0x0800565c   0x0800565c   0x000002c0   Code   RO        11794    i._printf_core      mc_w.l(printf5.o)
    0x0800591c   0x0800591c   0x00000124   Code   RO         7719    i.accept_function   api_msg.o
    0x08005a40   0x08005a40   0x00000024   Code   RO         8810    i.dns_backupserver_available  dns.o
    0x08005a64   0x08005a64   0x00000094   Code   RO         8811    i.dns_call_found    dns.o
    0x08005af8   0x08005af8   0x00000014   Code   RO         8812    i.dns_check_entries  dns.o
    0x08005b0c   0x08005b0c   0x000000e8   Code   RO         8813    i.dns_check_entry   dns.o
    0x08005bf4   0x08005bf4   0x00000030   Code   RO         8816    i.dns_create_txid   dns.o
    0x08005c24   0x08005c24   0x00000024   Code   RO         8821    i.dns_init          dns.o
    0x08005c48   0x08005c48   0x0000014c   Code   RO         8824    i.dns_send          dns.o
    0x08005d94   0x08005d94   0x00000024   Code   RO         8825    i.dns_setserver     dns.o
    0x08005db8   0x08005db8   0x00000004   Code   RO         8827    i.dns_tmr           dns.o
    0x08005dbc   0x08005dbc   0x00000048   Code   RO         9193    i.do_memp_free_pool  memp.o
    0x08005e04   0x08005e04   0x00000058   Code   RO         9194    i.do_memp_malloc_pool  memp.o
    0x08005e5c   0x08005e5c   0x00000150   Code   RO         7720    i.err_tcp           api_msg.o
    0x08005fac   0x08005fac   0x0000002c   Code   RO        10623    i.etharp_cleanup_netif  etharp.o
    0x08005fd8   0x08005fd8   0x000001e0   Code   RO        10625    i.etharp_find_entry  etharp.o
    0x080061b8   0x080061b8   0x00000028   Code   RO        10626    i.etharp_free_entry  etharp.o
    0x080061e0   0x080061e0   0x000000b0   Code   RO        10628    i.etharp_input      etharp.o
    0x08006290   0x08006290   0x00000144   Code   RO        10629    i.etharp_output     etharp.o
    0x080063d4   0x080063d4   0x000000b0   Code   RO        10630    i.etharp_output_to_arp_index  etharp.o
    0x08006484   0x08006484   0x00000180   Code   RO        10631    i.etharp_query      etharp.o
    0x08006604   0x08006604   0x000000fc   Code   RO        10632    i.etharp_raw        etharp.o
    0x08006700   0x08006700   0x0000000c   Code   RO        10633    i.etharp_request    etharp.o
    0x0800670c   0x0800670c   0x00000020   Code   RO        10634    i.etharp_request_dst  etharp.o
    0x0800672c   0x0800672c   0x00000060   Code   RO        10635    i.etharp_tmr        etharp.o
    0x0800678c   0x0800678c   0x000000b4   Code   RO        10636    i.etharp_update_arp_entry  etharp.o
    0x08006840   0x08006840   0x000000a8   Code   RO        11141    i.ethernet_input    ethernet.o
    0x080068e8   0x080068e8   0x000000a8   Code   RO        11306    i.ethernet_link_check_state  ethernetif.o
    0x08006990   0x08006990   0x0000008c   Code   RO        11142    i.ethernet_output   ethernet.o
    0x08006a1c   0x08006a1c   0x00000058   Code   RO        11307    i.ethernetif_init   ethernetif.o
    0x08006a74   0x08006a74   0x00000064   Code   RO        11308    i.ethernetif_input  ethernetif.o
    0x08006ad8   0x08006ad8   0x00000018   Code   RO         6228    i.fputc             bsp_debug_usart.o
    0x08006af0   0x08006af0   0x00000008   Code   RO        10732    i.icmp_dest_unreach  icmp.o
    0x08006af8   0x08006af8   0x000001b4   Code   RO        10733    i.icmp_input        icmp.o
    0x08006cac   0x08006cac   0x000000a8   Code   RO        10734    i.icmp_send_response  icmp.o
    0x08006d54   0x08006d54   0x00000008   Code   RO        10735    i.icmp_time_exceeded  icmp.o
    0x08006d5c   0x08006d5c   0x00000022   Code   RO        10776    i.igmp_delaying_member  igmp.o
    0x08006d7e   0x08006d7e   0x00000002   PAD
    0x08006d80   0x08006d80   0x0000001c   Code   RO        10777    i.igmp_init         igmp.o
    0x08006d9c   0x08006d9c   0x000000c0   Code   RO        10778    i.igmp_input        igmp.o
    0x08006e5c   0x08006e5c   0x0000002c   Code   RO        10779    i.igmp_ip_output_if  igmp.o
    0x08006e88   0x08006e88   0x00000014   Code   RO        10784    i.igmp_lookfor_group  igmp.o
    0x08006e9c   0x08006e9c   0x000000a8   Code   RO        10785    i.igmp_lookup_group  igmp.o
    0x08006f44   0x08006f44   0x0000001c   Code   RO        10787    i.igmp_report_groups  igmp.o
    0x08006f60   0x08006f60   0x000000d0   Code   RO        10788    i.igmp_send         igmp.o
    0x08007030   0x08007030   0x00000034   Code   RO        10789    i.igmp_start        igmp.o
    0x08007064   0x08007064   0x00000028   Code   RO        10790    i.igmp_start_timer  igmp.o
    0x0800708c   0x0800708c   0x00000020   Code   RO        10792    i.igmp_timeout      igmp.o
    0x080070ac   0x080070ac   0x00000034   Code   RO        10793    i.igmp_tmr          igmp.o
    0x080070e0   0x080070e0   0x0000000c   Code   RO         8955    i.inet_chksum       inet_chksum.o
    0x080070ec   0x080070ec   0x0000004a   Code   RO         8956    i.inet_chksum_pbuf  inet_chksum.o
    0x08007136   0x08007136   0x00000040   Code   RO        10991    i.ip4_addr_isbroadcast_u32  ip4_addr.o
    0x08007176   0x08007176   0x00000002   PAD
    0x08007178   0x08007178   0x000001f8   Code   RO        11060    i.ip4_frag          ip4_frag.o
    0x08007370   0x08007370   0x000001dc   Code   RO        10904    i.ip4_input         ip4.o
    0x0800754c   0x0800754c   0x0000002c   Code   RO        10905    i.ip4_input_accept  ip4.o
    0x08007578   0x08007578   0x0000001e   Code   RO        10907    i.ip4_output_if     ip4.o
    0x08007596   0x08007596   0x0000003a   Code   RO        10908    i.ip4_output_if_opt  ip4.o
    0x080075d0   0x080075d0   0x0000015c   Code   RO        10909    i.ip4_output_if_opt_src  ip4.o
    0x0800772c   0x0800772c   0x0000001e   Code   RO        10910    i.ip4_output_if_src  ip4.o
    0x0800774a   0x0800774a   0x00000002   PAD
    0x0800774c   0x0800774c   0x000001e0   Code   RO        11061    i.ip4_reass         ip4_frag.o
    0x0800792c   0x0800792c   0x00000074   Code   RO        10911    i.ip4_route         ip4.o
    0x080079a0   0x080079a0   0x00000154   Code   RO        10993    i.ip4addr_aton      ip4_addr.o
    0x08007af4   0x08007af4   0x00000006   Code   RO        11062    i.ip_frag_alloc_pbuf_custom_ref  ip4_frag.o
    0x08007afa   0x08007afa   0x00000002   PAD
    0x08007afc   0x08007afc   0x00000028   Code   RO        11063    i.ip_frag_free_pbuf_custom_ref  ip4_frag.o
    0x08007b24   0x08007b24   0x000001dc   Code   RO        11064    i.ip_reass_chain_frag_into_datagram_and_validate  ip4_frag.o
    0x08007d00   0x08007d00   0x0000004c   Code   RO        11065    i.ip_reass_dequeue_datagram  ip4_frag.o
    0x08007d4c   0x08007d4c   0x00000054   Code   RO        11066    i.ip_reass_enqueue_new_datagram  ip4_frag.o
    0x08007da0   0x08007da0   0x00000118   Code   RO        11067    i.ip_reass_free_complete_datagram  ip4_frag.o
    0x08007eb8   0x08007eb8   0x00000088   Code   RO        11068    i.ip_reass_remove_oldest_datagram  ip4_frag.o
    0x08007f40   0x08007f40   0x0000002c   Code   RO        11069    i.ip_reass_tmr      ip4_frag.o
    0x08007f6c   0x08007f6c   0x00000014   Code   RO        10996    i.ipaddr_addr       ip4_addr.o
    0x08007f80   0x08007f80   0x0000002c   Code   RO        11070    i.ipfrag_free_pbuf_custom  ip4_frag.o
    0x08007fac   0x08007fac   0x00000120   Code   RO        11309    i.low_level_init    ethernetif.o
    0x080080cc   0x080080cc   0x00000060   Code   RO        11310    i.low_level_input   ethernetif.o
    0x0800812c   0x0800812c   0x000000a0   Code   RO        11311    i.low_level_output  ethernetif.o
    0x080081cc   0x080081cc   0x00000040   Code   RO        10365    i.lwip_cyclic_timer  timeouts.o
    0x0800820c   0x0800820c   0x00000018   Code   RO         8754    i.lwip_htonl        def.o
    0x08008224   0x08008224   0x0000000a   Code   RO         8755    i.lwip_htons        def.o
    0x0800822e   0x0800822e   0x0000002a   Code   RO         9028    i.lwip_init         init.o
    0x08008258   0x08008258   0x00000038   Code   RO         7721    i.lwip_netconn_do_bind  api_msg.o
    0x08008290   0x08008290   0x000000c8   Code   RO         7723    i.lwip_netconn_do_close  api_msg.o
    0x08008358   0x08008358   0x0000027c   Code   RO         7724    i.lwip_netconn_do_close_internal  api_msg.o
    0x080085d4   0x080085d4   0x00000154   Code   RO         7727    i.lwip_netconn_do_delconn  api_msg.o
    0x08008728   0x08008728   0x000000b8   Code   RO         7734    i.lwip_netconn_do_listen  api_msg.o
    0x080087e0   0x080087e0   0x00000012   Code   RO         7735    i.lwip_netconn_do_newconn  api_msg.o
    0x080087f2   0x080087f2   0x00000046   Code   RO         7736    i.lwip_netconn_do_recv  api_msg.o
    0x08008838   0x08008838   0x000000d0   Code   RO         7738    i.lwip_netconn_do_write  api_msg.o
    0x08008908   0x08008908   0x00000304   Code   RO         7739    i.lwip_netconn_do_writemore  api_msg.o
    0x08008c0c   0x08008c0c   0x00000044   Code   RO         7740    i.lwip_netconn_err_to_msg  api_msg.o
    0x08008c50   0x08008c50   0x00000054   Code   RO         7741    i.lwip_netconn_is_err_msg  api_msg.o
    0x08008ca4   0x08008ca4   0x00000056   Code   RO         8963    i.lwip_standard_chksum  inet_chksum.o
    0x08008cfa   0x08008cfa   0x00000002   PAD
    0x08008cfc   0x08008cfc   0x00000044   Code   RO         6030    i.main              main.o
    0x08008d40   0x08008d40   0x00000048   Code   RO         6408    i.mcoinit           lan8720a.o
    0x08008d88   0x08008d88   0x0000014c   Code   RO         9122    i.mem_free          mem.o
    0x08008ed4   0x08008ed4   0x00000068   Code   RO         9123    i.mem_init          mem.o
    0x08008f3c   0x08008f3c   0x00000050   Code   RO         9124    i.mem_link_valid    mem.o
    0x08008f8c   0x08008f8c   0x000001e0   Code   RO         9125    i.mem_malloc        mem.o
    0x0800916c   0x0800916c   0x00000010   Code   RO         9126    i.mem_to_ptr        mem.o
    0x0800917c   0x0800917c   0x0000018c   Code   RO         9127    i.mem_trim          mem.o
    0x08009308   0x08009308   0x0000003c   Code   RO         9195    i.memp_free         memp.o
    0x08009344   0x08009344   0x0000003c   Code   RO         9196    i.memp_free_pool    memp.o
    0x08009380   0x08009380   0x0000001c   Code   RO         9197    i.memp_init         memp.o
    0x0800939c   0x0800939c   0x0000002a   Code   RO         9198    i.memp_init_pool    memp.o
    0x080093c6   0x080093c6   0x00000002   PAD
    0x080093c8   0x080093c8   0x00000044   Code   RO         9199    i.memp_malloc       memp.o
    0x0800940c   0x0800940c   0x00000034   Code   RO         9200    i.memp_malloc_pool  memp.o
    0x08009440   0x08009440   0x0000009c   Code   RO         8034    i.netbuf_data       netbuf.o
    0x080094dc   0x080094dc   0x00000024   Code   RO         8035    i.netbuf_delete     netbuf.o
    0x08009500   0x08009500   0x00000048   Code   RO         8039    i.netbuf_next       netbuf.o
    0x08009548   0x08009548   0x000000d8   Code   RO         7436    i.netconn_accept    api_lib.o
    0x08009620   0x08009620   0x000000a8   Code   RO         7742    i.netconn_alloc     api_msg.o
    0x080096c8   0x080096c8   0x00000018   Code   RO         7437    i.netconn_apimsg    api_lib.o
    0x080096e0   0x080096e0   0x00000054   Code   RO         7438    i.netconn_bind      api_lib.o
    0x08009734   0x08009734   0x00000006   Code   RO         7440    i.netconn_close     api_lib.o
    0x0800973a   0x0800973a   0x00000002   PAD
    0x0800973c   0x0800973c   0x0000004c   Code   RO         7441    i.netconn_close_shutdown  api_lib.o
    0x08009788   0x08009788   0x00000022   Code   RO         7443    i.netconn_delete    api_lib.o
    0x080097aa   0x080097aa   0x0000009a   Code   RO         7743    i.netconn_drain     api_msg.o
    0x08009844   0x08009844   0x00000020   Code   RO         7445    i.netconn_err       api_lib.o
    0x08009864   0x08009864   0x000000f4   Code   RO         7744    i.netconn_free      api_msg.o
    0x08009958   0x08009958   0x00000048   Code   RO         7450    i.netconn_listen_with_backlog  api_lib.o
    0x080099a0   0x080099a0   0x00000100   Code   RO         7451    i.netconn_new_with_proto_and_callback  api_lib.o
    0x08009aa0   0x08009aa0   0x00000028   Code   RO         7452    i.netconn_prepare_delete  api_lib.o
    0x08009ac8   0x08009ac8   0x000000d0   Code   RO         7453    i.netconn_recv      api_lib.o
    0x08009b98   0x08009b98   0x00000124   Code   RO         7454    i.netconn_recv_data  api_lib.o
    0x08009cbc   0x08009cbc   0x00000098   Code   RO         7455    i.netconn_recv_data_tcp  api_lib.o
    0x08009d54   0x08009d54   0x00000058   Code   RO         7464    i.netconn_tcp_recvd_msg  api_lib.o
    0x08009dac   0x08009dac   0x00000014   Code   RO         7465    i.netconn_write_partly  api_lib.o
    0x08009dc0   0x08009dc0   0x0000012c   Code   RO         7466    i.netconn_write_vectors_partly  api_lib.o
    0x08009eec   0x08009eec   0x0000017c   Code   RO         9339    i.netif_add         netif.o
    0x0800a068   0x0800a068   0x0000001a   Code   RO         9341    i.netif_do_ip_addr_changed  netif.o
    0x0800a082   0x0800a082   0x00000016   Code   RO         9342    i.netif_do_set_gw   netif.o
    0x0800a098   0x0800a098   0x0000005c   Code   RO         9343    i.netif_do_set_ipaddr  netif.o
    0x0800a0f4   0x0800a0f4   0x00000016   Code   RO         9344    i.netif_do_set_netmask  netif.o
    0x0800a10a   0x0800a10a   0x00000002   PAD
    0x0800a10c   0x0800a10c   0x00000028   Code   RO         9346    i.netif_get_by_index  netif.o
    0x0800a134   0x0800a134   0x00000002   Code   RO         9348    i.netif_init        netif.o
    0x0800a136   0x0800a136   0x00000002   PAD
    0x0800a138   0x0800a138   0x0000006c   Code   RO         9350    i.netif_issue_reports  netif.o
    0x0800a1a4   0x0800a1a4   0x00000006   Code   RO         9352    i.netif_null_output_ip4  netif.o
    0x0800a1aa   0x0800a1aa   0x00000002   PAD
    0x0800a1ac   0x0800a1ac   0x00000064   Code   RO         9354    i.netif_set_addr    netif.o
    0x0800a210   0x0800a210   0x0000000c   Code   RO         9355    i.netif_set_default  netif.o
    0x0800a21c   0x0800a21c   0x00000044   Code   RO         9356    i.netif_set_down    netif.o
    0x0800a260   0x0800a260   0x00000040   Code   RO         9359    i.netif_set_link_down  netif.o
    0x0800a2a0   0x0800a2a0   0x00000048   Code   RO         9360    i.netif_set_link_up  netif.o
    0x0800a2e8   0x0800a2e8   0x00000040   Code   RO         9362    i.netif_set_up      netif.o
    0x0800a328   0x0800a328   0x00000006   Code   RO         9518    i.pbuf_add_header   pbuf.o
    0x0800a32e   0x0800a32e   0x00000002   PAD
    0x0800a330   0x0800a330   0x00000070   Code   RO         9520    i.pbuf_add_header_impl  pbuf.o
    0x0800a3a0   0x0800a3a0   0x000001c4   Code   RO         9521    i.pbuf_alloc        pbuf.o
    0x0800a564   0x0800a564   0x00000054   Code   RO         9522    i.pbuf_alloc_reference  pbuf.o
    0x0800a5b8   0x0800a5b8   0x00000036   Code   RO         9523    i.pbuf_alloced_custom  pbuf.o
    0x0800a5ee   0x0800a5ee   0x00000002   PAD
    0x0800a5f0   0x0800a5f0   0x000000c4   Code   RO         9524    i.pbuf_cat          pbuf.o
    0x0800a6b4   0x0800a6b4   0x00000014   Code   RO         9525    i.pbuf_chain        pbuf.o
    0x0800a6c8   0x0800a6c8   0x00000012   Code   RO         9526    i.pbuf_clen         pbuf.o
    0x0800a6da   0x0800a6da   0x00000002   PAD
    0x0800a6dc   0x0800a6dc   0x00000040   Code   RO         9527    i.pbuf_clone        pbuf.o
    0x0800a71c   0x0800a71c   0x00000164   Code   RO         9529    i.pbuf_copy         pbuf.o
    0x0800a880   0x0800a880   0x000000bc   Code   RO         9530    i.pbuf_copy_partial  pbuf.o
    0x0800a93c   0x0800a93c   0x000000f4   Code   RO         9532    i.pbuf_free         pbuf.o
    0x0800aa30   0x0800aa30   0x0000001c   Code   RO        11312    i.pbuf_free_custom  ethernetif.o
    0x0800aa4c   0x0800aa4c   0x00000006   Code   RO         9537    i.pbuf_header_force  pbuf.o
    0x0800aa52   0x0800aa52   0x0000000e   Code   RO         9538    i.pbuf_header_impl  pbuf.o
    0x0800aa60   0x0800aa60   0x0000001c   Code   RO         9539    i.pbuf_init_alloced_pbuf  pbuf.o
    0x0800aa7c   0x0800aa7c   0x0000001e   Code   RO         9542    i.pbuf_put_at       pbuf.o
    0x0800aa9a   0x0800aa9a   0x00000002   PAD
    0x0800aa9c   0x0800aa9c   0x000000c0   Code   RO         9543    i.pbuf_realloc      pbuf.o
    0x0800ab5c   0x0800ab5c   0x0000003c   Code   RO         9544    i.pbuf_ref          pbuf.o
    0x0800ab98   0x0800ab98   0x00000074   Code   RO         9545    i.pbuf_remove_header  pbuf.o
    0x0800ac0c   0x0800ac0c   0x00000004   Code   RO         9546    i.pbuf_skip         pbuf.o
    0x0800ac10   0x0800ac10   0x00000018   Code   RO         9547    i.pbuf_skip_const   pbuf.o
    0x0800ac28   0x0800ac28   0x00000100   Code   RO         9549    i.pbuf_take         pbuf.o
    0x0800ad28   0x0800ad28   0x0000007c   Code   RO         9550    i.pbuf_take_at      pbuf.o
    0x0800ada4   0x0800ada4   0x00000094   Code   RO         7745    i.pcb_new           api_msg.o
    0x0800ae38   0x0800ae38   0x00000128   Code   RO         9128    i.plug_holes        mem.o
    0x0800af60   0x0800af60   0x0000007c   Code   RO         7746    i.poll_tcp          api_msg.o
    0x0800afdc   0x0800afdc   0x00000070   Code   RO         6948    i.prvAddCurrentTaskToDelayedList  tasks.o
    0x0800b04c   0x0800b04c   0x00000088   Code   RO         6949    i.prvAddNewTaskToReadyList  tasks.o
    0x0800b0d4   0x0800b0d4   0x00000054   Code   RO         6950    i.prvCheckTasksWaitingTermination  tasks.o
    0x0800b128   0x0800b128   0x00000028   Code   RO         6762    i.prvCopyDataFromQueue  queue.o
    0x0800b150   0x0800b150   0x0000006e   Code   RO         6763    i.prvCopyDataToQueue  queue.o
    0x0800b1be   0x0800b1be   0x00000014   Code   RO         6951    i.prvDeleteTCB      tasks.o
    0x0800b1d2   0x0800b1d2   0x00000002   PAD
    0x0800b1d4   0x0800b1d4   0x0000004c   Code   RO         7286    i.prvHeapInit       heap_4.o
    0x0800b220   0x0800b220   0x00000028   Code   RO         6952    i.prvIdleTask       tasks.o
    0x0800b248   0x0800b248   0x00000018   Code   RO         6764    i.prvInitialiseMutex  queue.o
    0x0800b260   0x0800b260   0x00000018   Code   RO         6765    i.prvInitialiseNewQueue  queue.o
    0x0800b278   0x0800b278   0x000000b8   Code   RO         6953    i.prvInitialiseNewTask  tasks.o
    0x0800b330   0x0800b330   0x00000058   Code   RO         6954    i.prvInitialiseTaskLists  tasks.o
    0x0800b388   0x0800b388   0x00000054   Code   RO         7287    i.prvInsertBlockIntoFreeList  heap_4.o
    0x0800b3dc   0x0800b3dc   0x0000001a   Code   RO         6766    i.prvIsQueueEmpty   queue.o
    0x0800b3f6   0x0800b3f6   0x0000001e   Code   RO         6767    i.prvIsQueueFull    queue.o
    0x0800b414   0x0800b414   0x00000024   Code   RO         6955    i.prvResetNextTaskUnblockTime  tasks.o
    0x0800b438   0x0800b438   0x0000006c   Code   RO         7348    i.prvTaskExitError  port.o
    0x0800b4a4   0x0800b4a4   0x0000006a   Code   RO         6768    i.prvUnlockQueue    queue.o
    0x0800b50e   0x0800b50e   0x00000002   PAD
    0x0800b510   0x0800b510   0x0000000c   Code   RO         9129    i.ptr_to_mem        mem.o
    0x0800b51c   0x0800b51c   0x0000010c   Code   RO         7288    i.pvPortMalloc      heap_4.o
    0x0800b628   0x0800b628   0x00000018   Code   RO         6957    i.pvTaskIncrementMutexHeldCount  tasks.o
    0x0800b640   0x0800b640   0x00000024   Code   RO         7349    i.pxPortInitialiseStack  port.o
    0x0800b664   0x0800b664   0x00000108   Code   RO         7747    i.recv_tcp          api_msg.o
    0x0800b76c   0x0800b76c   0x00000108   Code   RO         7748    i.recv_udp          api_msg.o
    0x0800b874   0x0800b874   0x00000070   Code   RO         7749    i.sent_tcp          api_msg.o
    0x0800b8e4   0x0800b8e4   0x00000044   Code   RO         7750    i.setup_tcp         api_msg.o
    0x0800b928   0x0800b928   0x00000042   Code   RO        11398    i.sys_arch_mbox_fetch  sys_arch.o
    0x0800b96a   0x0800b96a   0x00000020   Code   RO        11399    i.sys_arch_mbox_tryfetch  sys_arch.o
    0x0800b98a   0x0800b98a   0x0000000a   Code   RO        11400    i.sys_arch_protect  sys_arch.o
    0x0800b994   0x0800b994   0x00000040   Code   RO        11401    i.sys_arch_sem_wait  sys_arch.o
    0x0800b9d4   0x0800b9d4   0x00000004   Code   RO        11403    i.sys_arch_unprotect  sys_arch.o
    0x0800b9d8   0x0800b9d8   0x00000044   Code   RO        10366    i.sys_check_timeouts  timeouts.o
    0x0800ba1c   0x0800ba1c   0x00000024   Code   RO        11404    i.sys_init          sys_arch.o
    0x0800ba40   0x0800ba40   0x00000014   Code   RO        11406    i.sys_mbox_free     sys_arch.o
    0x0800ba54   0x0800ba54   0x0000001c   Code   RO        11407    i.sys_mbox_new      sys_arch.o
    0x0800ba70   0x0800ba70   0x00000006   Code   RO        11409    i.sys_mbox_set_invalid  sys_arch.o
    0x0800ba76   0x0800ba76   0x0000001c   Code   RO        11410    i.sys_mbox_trypost  sys_arch.o
    0x0800ba92   0x0800ba92   0x0000000e   Code   RO        11412    i.sys_mbox_valid    sys_arch.o
    0x0800baa0   0x0800baa0   0x0000000c   Code   RO        11414    i.sys_mutex_lock    sys_arch.o
    0x0800baac   0x0800baac   0x0000003c   Code   RO        11415    i.sys_mutex_new     sys_arch.o
    0x0800bae8   0x0800bae8   0x0000000c   Code   RO        11417    i.sys_mutex_unlock  sys_arch.o
    0x0800baf4   0x0800baf4   0x00000010   Code   RO        11418    i.sys_now           sys_arch.o
    0x0800bb04   0x0800bb04   0x00000010   Code   RO        11419    i.sys_sem_free      sys_arch.o
    0x0800bb14   0x0800bb14   0x0000005c   Code   RO        11420    i.sys_sem_new       sys_arch.o
    0x0800bb70   0x0800bb70   0x00000006   Code   RO        11421    i.sys_sem_set_invalid  sys_arch.o
    0x0800bb76   0x0800bb76   0x00000002   PAD
    0x0800bb78   0x0800bb78   0x00000040   Code   RO        11422    i.sys_sem_signal    sys_arch.o
    0x0800bbb8   0x0800bbb8   0x0000000e   Code   RO        11423    i.sys_sem_valid     sys_arch.o
    0x0800bbc6   0x0800bbc6   0x00000002   PAD
    0x0800bbc8   0x0800bbc8   0x0000005c   Code   RO        11424    i.sys_thread_new    sys_arch.o
    0x0800bc24   0x0800bc24   0x00000060   Code   RO        10368    i.sys_timeout       timeouts.o
    0x0800bc84   0x0800bc84   0x000000a0   Code   RO        10369    i.sys_timeout_abs   timeouts.o
    0x0800bd24   0x0800bd24   0x00000024   Code   RO        10370    i.sys_timeouts_init  timeouts.o
    0x0800bd48   0x0800bd48   0x00000028   Code   RO        10371    i.sys_timeouts_sleeptime  timeouts.o
    0x0800bd70   0x0800bd70   0x0000013c   Code   RO         9796    i.tcp_abandon       tcp.o
    0x0800beac   0x0800beac   0x00000006   Code   RO         9797    i.tcp_abort         tcp.o
    0x0800beb2   0x0800beb2   0x0000000e   Code   RO         9798    i.tcp_accept        tcp.o
    0x0800bec0   0x0800bec0   0x0000003c   Code   RO         9799    i.tcp_accept_null   tcp.o
    0x0800befc   0x0800befc   0x000000ac   Code   RO         9800    i.tcp_alloc         tcp.o
    0x0800bfa8   0x0800bfa8   0x00000008   Code   RO         9801    i.tcp_arg           tcp.o
    0x0800bfb0   0x0800bfb0   0x000000e0   Code   RO         9802    i.tcp_bind          tcp.o
    0x0800c090   0x0800c090   0x00000044   Code   RO         9804    i.tcp_close         tcp.o
    0x0800c0d4   0x0800c0d4   0x00000150   Code   RO         9805    i.tcp_close_shutdown  tcp.o
    0x0800c224   0x0800c224   0x00000078   Code   RO         9806    i.tcp_close_shutdown_fin  tcp.o
    0x0800c29c   0x0800c29c   0x0000011c   Code   RO        10205    i.tcp_create_segment  tcp_out.o
    0x0800c3b8   0x0800c3b8   0x0000005c   Code   RO         9809    i.tcp_eff_send_mss_netif  tcp.o
    0x0800c414   0x0800c414   0x000001bc   Code   RO        10206    i.tcp_enqueue_flags  tcp_out.o
    0x0800c5d0   0x0800c5d0   0x00000044   Code   RO         9810    i.tcp_err           tcp.o
    0x0800c614   0x0800c614   0x0000006c   Code   RO         9811    i.tcp_fasttmr       tcp.o
    0x0800c680   0x0800c680   0x00000030   Code   RO         9812    i.tcp_free          tcp.o
    0x0800c6b0   0x0800c6b0   0x000000d8   Code   RO        10121    i.tcp_free_acked_segments  tcp_in.o
    0x0800c788   0x0800c788   0x00000038   Code   RO         9813    i.tcp_free_listen   tcp.o
    0x0800c7c0   0x0800c7c0   0x00000028   Code   RO        10122    i.tcp_get_next_optbyte  tcp_in.o
    0x0800c7e8   0x0800c7e8   0x00000028   Code   RO         9814    i.tcp_handle_closepend  tcp.o
    0x0800c810   0x0800c810   0x00000018   Code   RO         9815    i.tcp_init          tcp.o
    0x0800c828   0x0800c828   0x000005fc   Code   RO        10123    i.tcp_input         tcp_in.o
    0x0800ce24   0x0800ce24   0x00000070   Code   RO        10124    i.tcp_input_delayed_close  tcp_in.o
    0x0800ce94   0x0800ce94   0x00000068   Code   RO        10207    i.tcp_keepalive     tcp_out.o
    0x0800cefc   0x0800cefc   0x00000050   Code   RO         9816    i.tcp_kill_prio     tcp.o
    0x0800cf4c   0x0800cf4c   0x0000005c   Code   RO         9817    i.tcp_kill_state    tcp.o
    0x0800cfa8   0x0800cfa8   0x00000034   Code   RO         9818    i.tcp_kill_timewait  tcp.o
    0x0800cfdc   0x0800cfdc   0x0000005c   Code   RO         9819    i.tcp_listen_closed  tcp.o
    0x0800d038   0x0800d038   0x00000134   Code   RO        10125    i.tcp_listen_input  tcp_in.o
    0x0800d16c   0x0800d16c   0x00000118   Code   RO         9821    i.tcp_listen_with_backlog_and_err  tcp.o
    0x0800d284   0x0800d284   0x0000004c   Code   RO         9822    i.tcp_netif_ip_addr_changed  tcp.o
    0x0800d2d0   0x0800d2d0   0x00000064   Code   RO         9823    i.tcp_netif_ip_addr_changed_pcblist  tcp.o
    0x0800d334   0x0800d334   0x00000006   Code   RO         9825    i.tcp_new_ip_type   tcp.o
    0x0800d33a   0x0800d33a   0x00000002   PAD
    0x0800d33c   0x0800d33c   0x00000058   Code   RO         9826    i.tcp_new_port      tcp.o
    0x0800d394   0x0800d394   0x00000038   Code   RO         9827    i.tcp_next_iss      tcp.o
    0x0800d3cc   0x0800d3cc   0x00000284   Code   RO        10208    i.tcp_output        tcp_out.o
    0x0800d650   0x0800d650   0x0000006c   Code   RO        10209    i.tcp_output_alloc_header  tcp_out.o
    0x0800d6bc   0x0800d6bc   0x000000b0   Code   RO        10210    i.tcp_output_alloc_header_common  tcp_out.o
    0x0800d76c   0x0800d76c   0x0000007c   Code   RO        10211    i.tcp_output_control_segment  tcp_out.o
    0x0800d7e8   0x0800d7e8   0x00000070   Code   RO        10212    i.tcp_output_fill_options  tcp_out.o
    0x0800d858   0x0800d858   0x00000164   Code   RO        10213    i.tcp_output_segment  tcp_out.o
    0x0800d9bc   0x0800d9bc   0x00000048   Code   RO        10214    i.tcp_output_segment_busy  tcp_out.o
    0x0800da04   0x0800da04   0x00000098   Code   RO        10126    i.tcp_parseopt      tcp_in.o
    0x0800da9c   0x0800da9c   0x000000e0   Code   RO        10215    i.tcp_pbuf_prealloc  tcp_out.o
    0x0800db7c   0x0800db7c   0x00000064   Code   RO         9828    i.tcp_pcb_purge     tcp.o
    0x0800dbe0   0x0800dbe0   0x000000ec   Code   RO         9829    i.tcp_pcb_remove    tcp.o
    0x0800dccc   0x0800dccc   0x00000064   Code   RO         9830    i.tcp_poll          tcp.o
    0x0800dd30   0x0800dd30   0x0000050a   Code   RO        10127    i.tcp_process       tcp_in.o
    0x0800e23a   0x0800e23a   0x00000002   PAD
    0x0800e23c   0x0800e23c   0x000000ac   Code   RO         9831    i.tcp_process_refused_data  tcp.o
    0x0800e2e8   0x0800e2e8   0x00000570   Code   RO        10128    i.tcp_receive       tcp_in.o
    0x0800e858   0x0800e858   0x00000044   Code   RO         9832    i.tcp_recv          tcp.o
    0x0800e89c   0x0800e89c   0x00000050   Code   RO         9833    i.tcp_recv_null     tcp.o
    0x0800e8ec   0x0800e8ec   0x0000009c   Code   RO         9834    i.tcp_recved        tcp.o
    0x0800e988   0x0800e988   0x0000004c   Code   RO         9835    i.tcp_remove_listener  tcp.o
    0x0800e9d4   0x0800e9d4   0x0000008c   Code   RO        10216    i.tcp_rexmit        tcp_out.o
    0x0800ea60   0x0800ea60   0x00000088   Code   RO        10217    i.tcp_rexmit_fast   tcp_out.o
    0x0800eae8   0x0800eae8   0x00000040   Code   RO        10218    i.tcp_rexmit_rto    tcp_out.o
    0x0800eb28   0x0800eb28   0x0000004c   Code   RO        10219    i.tcp_rexmit_rto_commit  tcp_out.o
    0x0800eb74   0x0800eb74   0x000000a0   Code   RO        10220    i.tcp_rexmit_rto_prepare  tcp_out.o
    0x0800ec14   0x0800ec14   0x00000012   Code   RO        10221    i.tcp_route         tcp_out.o
    0x0800ec26   0x0800ec26   0x00000002   PAD
    0x0800ec28   0x0800ec28   0x000000a8   Code   RO        10222    i.tcp_rst           tcp_out.o
    0x0800ecd0   0x0800ecd0   0x0000001e   Code   RO         9836    i.tcp_seg_free      tcp.o
    0x0800ecee   0x0800ecee   0x00000012   Code   RO         9837    i.tcp_segs_free     tcp.o
    0x0800ed00   0x0800ed00   0x0000008c   Code   RO        10223    i.tcp_send_empty_ack  tcp_out.o
    0x0800ed8c   0x0800ed8c   0x0000006c   Code   RO        10224    i.tcp_send_fin      tcp_out.o
    0x0800edf8   0x0800edf8   0x00000044   Code   RO         9838    i.tcp_sent          tcp.o
    0x0800ee3c   0x0800ee3c   0x00000090   Code   RO         9840    i.tcp_shutdown      tcp.o
    0x0800eecc   0x0800eecc   0x00000520   Code   RO         9841    i.tcp_slowtmr       tcp.o
    0x0800f3ec   0x0800f3ec   0x000001bc   Code   RO        10225    i.tcp_split_unsent_seg  tcp_out.o
    0x0800f5a8   0x0800f5a8   0x00000034   Code   RO        10373    i.tcp_timer_needed  timeouts.o
    0x0800f5dc   0x0800f5dc   0x00000098   Code   RO        10129    i.tcp_timewait_input  tcp_in.o
    0x0800f674   0x0800f674   0x00000020   Code   RO         9843    i.tcp_tmr           tcp.o
    0x0800f694   0x0800f694   0x00000010   Code   RO        10130    i.tcp_trigger_input_pcb_close  tcp_in.o
    0x0800f6a4   0x0800f6a4   0x00000090   Code   RO         9845    i.tcp_update_rcv_ann_wnd  tcp.o
    0x0800f734   0x0800f734   0x000005fc   Code   RO        10226    i.tcp_write         tcp_out.o
    0x0800fd30   0x0800fd30   0x00000110   Code   RO        10227    i.tcp_write_checks  tcp_out.o
    0x0800fe40   0x0800fe40   0x000000ec   Code   RO        10228    i.tcp_zero_window_probe  tcp_out.o
    0x0800ff2c   0x0800ff2c   0x00000028   Code   RO         6478    i.tcpecho_init      tcpecho.o
    0x0800ff54   0x0800ff54   0x000000c0   Code   RO         6479    i.tcpecho_thread    tcpecho.o
    0x08010014   0x08010014   0x0000009c   Code   RO         8555    i.tcpip_init        tcpip.o
    0x080100b0   0x080100b0   0x00000064   Code   RO         8556    i.tcpip_inpkt       tcpip.o
    0x08010114   0x08010114   0x00000020   Code   RO         8557    i.tcpip_input       tcpip.o
    0x08010134   0x08010134   0x00000020   Code   RO         8558    i.tcpip_send_msg_wait_sem  tcpip.o
    0x08010154   0x08010154   0x00000038   Code   RO        10374    i.tcpip_tcp_timer   timeouts.o
    0x0801018c   0x0801018c   0x00000058   Code   RO         8559    i.tcpip_thread      tcpip.o
    0x080101e4   0x080101e4   0x00000074   Code   RO         8560    i.tcpip_thread_handle_msg  tcpip.o
    0x08010258   0x08010258   0x0000005c   Code   RO         8561    i.tcpip_timeouts_mbox_fetch  tcpip.o
    0x080102b4   0x080102b4   0x000000a8   Code   RO        10457    i.udp_bind          udp.o
    0x0801035c   0x0801035c   0x00000018   Code   RO        10461    i.udp_init          udp.o
    0x08010374   0x08010374   0x000001b0   Code   RO        10462    i.udp_input         udp.o
    0x08010524   0x08010524   0x000000b4   Code   RO        10463    i.udp_input_local_match  udp.o
    0x080105d8   0x080105d8   0x00000034   Code   RO        10464    i.udp_netif_ip_addr_changed  udp.o
    0x0801060c   0x0801060c   0x0000001e   Code   RO        10465    i.udp_new           udp.o
    0x0801062a   0x0801062a   0x00000004   Code   RO        10466    i.udp_new_ip_type   udp.o
    0x0801062e   0x0801062e   0x00000002   PAD
    0x08010630   0x08010630   0x00000048   Code   RO        10467    i.udp_new_port      udp.o
    0x08010678   0x08010678   0x00000028   Code   RO        10468    i.udp_recv          udp.o
    0x080106a0   0x080106a0   0x00000050   Code   RO        10469    i.udp_remove        udp.o
    0x080106f0   0x080106f0   0x000000e4   Code   RO        10471    i.udp_sendto        udp.o
    0x080107d4   0x080107d4   0x000000dc   Code   RO        10472    i.udp_sendto_if     udp.o
    0x080108b0   0x080108b0   0x00000210   Code   RO        10473    i.udp_sendto_if_src  udp.o
    0x08010ac0   0x08010ac0   0x00000024   Code   RO         6713    i.uxListRemove      list.o
    0x08010ae4   0x08010ae4   0x00000050   Code   RO         6769    i.uxQueueMessagesWaiting  queue.o
    0x08010b34   0x08010b34   0x00000016   Code   RO         6714    i.vListInitialise   list.o
    0x08010b4a   0x08010b4a   0x00000006   Code   RO         6715    i.vListInitialiseItem  list.o
    0x08010b50   0x08010b50   0x00000030   Code   RO         6716    i.vListInsert       list.o
    0x08010b80   0x08010b80   0x00000018   Code   RO         6717    i.vListInsertEnd    list.o
    0x08010b98   0x08010b98   0x00000080   Code   RO         7351    i.vPortEnterCritical  port.o
    0x08010c18   0x08010c18   0x0000006c   Code   RO         7352    i.vPortExitCritical  port.o
    0x08010c84   0x08010c84   0x0000009c   Code   RO         7289    i.vPortFree         heap_4.o
    0x08010d20   0x08010d20   0x00000020   Code   RO         7353    i.vPortSetupTimerInterrupt  port.o
    0x08010d40   0x08010d40   0x00000090   Code   RO         7354    i.vPortValidateInterruptPriority  port.o
    0x08010dd0   0x08010dd0   0x00000050   Code   RO         6773    i.vQueueDelete      queue.o
    0x08010e20   0x08010e20   0x00000028   Code   RO         6774    i.vQueueUnregisterQueue  queue.o
    0x08010e48   0x08010e48   0x00000078   Code   RO         6963    i.vTaskDelay        tasks.o
    0x08010ec0   0x08010ec0   0x000000d4   Code   RO         6965    i.vTaskDelete       tasks.o
    0x08010f94   0x08010f94   0x0000000c   Code   RO         6967    i.vTaskMissedYield  tasks.o
    0x08010fa0   0x08010fa0   0x00000060   Code   RO         6969    i.vTaskPlaceOnEventList  tasks.o
    0x08011000   0x08011000   0x00000088   Code   RO         6971    i.vTaskPriorityInherit  tasks.o
    0x08011088   0x08011088   0x00000050   Code   RO         6974    i.vTaskSetTimeOutState  tasks.o
    0x080110d8   0x080110d8   0x00000098   Code   RO         6975    i.vTaskStartScheduler  tasks.o
    0x08011170   0x08011170   0x00000010   Code   RO         6977    i.vTaskSuspendAll   tasks.o
    0x08011180   0x08011180   0x00000088   Code   RO         6978    i.vTaskSwitchContext  tasks.o
    0x08011208   0x08011208   0x000000e4   Code   RO         7355    i.xPortStartScheduler  port.o
    0x080112ec   0x080112ec   0x00000030   Code   RO         7356    i.xPortSysTickHandler  port.o
    0x0801131c   0x0801131c   0x00000064   Code   RO         6775    i.xQueueCreateCountingSemaphore  queue.o
    0x08011380   0x08011380   0x00000018   Code   RO         6776    i.xQueueCreateMutex  queue.o
    0x08011398   0x08011398   0x0000006c   Code   RO         6777    i.xQueueGenericCreate  queue.o
    0x08011404   0x08011404   0x000001a8   Code   RO         6778    i.xQueueGenericReceive  queue.o
    0x080115ac   0x080115ac   0x000000b4   Code   RO         6779    i.xQueueGenericReset  queue.o
    0x08011660   0x08011660   0x00000180   Code   RO         6780    i.xQueueGenericSend  queue.o
    0x080117e0   0x080117e0   0x000000c4   Code   RO         6782    i.xQueueGiveFromISR  queue.o
    0x080118a4   0x080118a4   0x00000098   Code   RO         6979    i.xTaskCheckForTimeOut  tasks.o
    0x0801193c   0x0801193c   0x00000060   Code   RO         6980    i.xTaskCreate       tasks.o
    0x0801199c   0x0801199c   0x0000001c   Code   RO         6984    i.xTaskGetSchedulerState  tasks.o
    0x080119b8   0x080119b8   0x0000000c   Code   RO         6985    i.xTaskGetTickCount  tasks.o
    0x080119c4   0x080119c4   0x000000f4   Code   RO         6987    i.xTaskIncrementTick  tasks.o
    0x08011ab8   0x08011ab8   0x000000bc   Code   RO         6990    i.xTaskPriorityDisinherit  tasks.o
    0x08011b74   0x08011b74   0x000000a4   Code   RO         6991    i.xTaskRemoveFromEventList  tasks.o
    0x08011c18   0x08011c18   0x000000f4   Code   RO         6993    i.xTaskResumeAll    tasks.o
    0x08011d0c   0x08011d0c   0x00000010   Data   RO           15    .constdata          system_stm32h7xx.o
    0x08011d1c   0x08011d1c   0x00000003   Data   RO         7751    .constdata          api_msg.o
    0x08011d1f   0x08011d1f   0x00000001   PAD
    0x08011d20   0x08011d20   0x0000000c   Data   RO         9216    .constdata          memp.o
    0x08011d2c   0x08011d2c   0x0000000c   Data   RO         9217    .constdata          memp.o
    0x08011d38   0x08011d38   0x0000000c   Data   RO         9218    .constdata          memp.o
    0x08011d44   0x08011d44   0x0000000c   Data   RO         9219    .constdata          memp.o
    0x08011d50   0x08011d50   0x0000000c   Data   RO         9220    .constdata          memp.o
    0x08011d5c   0x08011d5c   0x0000000c   Data   RO         9221    .constdata          memp.o
    0x08011d68   0x08011d68   0x0000000c   Data   RO         9222    .constdata          memp.o
    0x08011d74   0x08011d74   0x0000000c   Data   RO         9223    .constdata          memp.o
    0x08011d80   0x08011d80   0x0000000c   Data   RO         9224    .constdata          memp.o
    0x08011d8c   0x08011d8c   0x0000000c   Data   RO         9225    .constdata          memp.o
    0x08011d98   0x08011d98   0x0000000c   Data   RO         9226    .constdata          memp.o
    0x08011da4   0x08011da4   0x0000000c   Data   RO         9227    .constdata          memp.o
    0x08011db0   0x08011db0   0x0000000c   Data   RO         9228    .constdata          memp.o
    0x08011dbc   0x08011dbc   0x0000000c   Data   RO         9229    .constdata          memp.o
    0x08011dc8   0x08011dc8   0x0000000c   Data   RO         9230    .constdata          memp.o
    0x08011dd4   0x08011dd4   0x0000003c   Data   RO         9231    .constdata          memp.o
    0x08011e10   0x08011e10   0x00000054   Data   RO         9846    .constdata          tcp.o
    0x08011e64   0x08011e64   0x00000028   Data   RO        10375    .constdata          timeouts.o
    0x08011e8c   0x08011e8c   0x00000004   Data   RO        10998    .constdata          ip4_addr.o
    0x08011e90   0x08011e90   0x00000004   Data   RO        10999    .constdata          ip4_addr.o
    0x08011e94   0x08011e94   0x00000006   Data   RO        11143    .constdata          ethernet.o
    0x08011e9a   0x08011e9a   0x00000006   Data   RO        11144    .constdata          ethernet.o
    0x08011ea0   0x08011ea0   0x0000000c   Data   RO        11318    .constdata          ethernetif.o
    0x08011eac   0x08011eac   0x00000081   Data   RO        11604    .constdata          mc_w.l(ctype_o.o)
    0x08011f2d   0x08011f2d   0x00000003   PAD
    0x08011f30   0x08011f30   0x00000004   Data   RO        11605    .constdata          mc_w.l(ctype_o.o)
    0x08011f34   0x08011f34   0x00000132   Data   RO         6031    .conststring        main.o
    0x08012066   0x08012066   0x00000002   PAD
    0x08012068   0x08012068   0x00000075   Data   RO         9847    .conststring        tcp.o
    0x080120dd   0x080120dd   0x00000003   PAD
    0x080120e0   0x080120e0   0x00000055   Data   RO        10229    .conststring        tcp_out.o
    0x08012135   0x08012135   0x00000003   PAD
    0x08012138   0x08012138   0x00000041   Data   RO        10638    .conststring        etharp.o
    0x08012179   0x08012179   0x00000003   PAD
    0x0801217c   0x0801217c   0x00000041   Data   RO        10794    .conststring        igmp.o
    0x080121bd   0x080121bd   0x00000003   PAD
    0x080121c0   0x080121c0   0x00000020   Data   RO        11970    Region$$Table       anon$$obj.o


    Execution Region RW_IRAM1 (Exec base: 0x20000000, Load base: 0x080121e0, Size: 0x00000000, Max: 0x00020000, ABSOLUTE)

    **** No section assigned to this execution region ****


    Execution Region RW_IRAM2 (Exec base: 0x24000000, Load base: 0x080121e0, Size: 0x00021138, Max: 0x00080000, ABSOLUTE, COMPRESSED[0x0000001c])

    Exec Addr    Load Addr    Size         Type   Attr      Idx    E Section Name        Object

    0x24000000   COMPRESSED   0x00000008   Data   RW           16    .data               system_stm32h7xx.o
    0x24000008   COMPRESSED   0x0000000c   Data   RW          221    .data               stm32h7xx_hal.o
    0x24000014   COMPRESSED   0x0000000c   Data   RW         6032    .data               main.o
    0x24000020   COMPRESSED   0x0000003c   Data   RW         6996    .data               tasks.o
    0x2400005c   COMPRESSED   0x00000018   Data   RW         7294    .data               heap_4.o
    0x24000074   COMPRESSED   0x0000000c   Data   RW         7357    .data               port.o
    0x24000080   COMPRESSED   0x00000010   Data   RW         8563    .data               tcpip.o
    0x24000090   COMPRESSED   0x0000000c   Data   RW         8830    .data               dns.o
    0x2400009c   COMPRESSED   0x00000010   Data   RW         9131    .data               mem.o
    0x240000ac   COMPRESSED   0x00000004   Data   RW         9232    .data               memp.o
    0x240000b0   COMPRESSED   0x00000004   Data   RW         9233    .data               memp.o
    0x240000b4   COMPRESSED   0x00000004   Data   RW         9234    .data               memp.o
    0x240000b8   COMPRESSED   0x00000004   Data   RW         9235    .data               memp.o
    0x240000bc   COMPRESSED   0x00000004   Data   RW         9236    .data               memp.o
    0x240000c0   COMPRESSED   0x00000004   Data   RW         9237    .data               memp.o
    0x240000c4   COMPRESSED   0x00000004   Data   RW         9238    .data               memp.o
    0x240000c8   COMPRESSED   0x00000004   Data   RW         9239    .data               memp.o
    0x240000cc   COMPRESSED   0x00000004   Data   RW         9240    .data               memp.o
    0x240000d0   COMPRESSED   0x00000004   Data   RW         9241    .data               memp.o
    0x240000d4   COMPRESSED   0x00000004   Data   RW         9242    .data               memp.o
    0x240000d8   COMPRESSED   0x00000004   Data   RW         9243    .data               memp.o
    0x240000dc   COMPRESSED   0x00000004   Data   RW         9244    .data               memp.o
    0x240000e0   COMPRESSED   0x00000004   Data   RW         9245    .data               memp.o
    0x240000e4   COMPRESSED   0x00000004   Data   RW         9246    .data               memp.o
    0x240000e8   COMPRESSED   0x0000000c   Data   RW         9363    .data               netif.o
    0x240000f4   COMPRESSED   0x00000020   Data   RW         9848    .data               tcp.o
    0x24000114   COMPRESSED   0x00000024   Data   RW        10132    .data               tcp_in.o
    0x24000138   COMPRESSED   0x0000000c   Data   RW        10377    .data               timeouts.o
    0x24000144   COMPRESSED   0x00000008   Data   RW        10474    .data               udp.o
    0x2400014c   COMPRESSED   0x00000001   Data   RW        10639    .data               etharp.o
    0x2400014d   COMPRESSED   0x00000003   PAD
    0x24000150   COMPRESSED   0x00000008   Data   RW        10795    .data               igmp.o
    0x24000158   COMPRESSED   0x00000008   Data   RW        10913    .data               ip4.o
    0x24000160   COMPRESSED   0x00000008   Data   RW        11071    .data               ip4_frag.o
    0x24000168   COMPRESSED   0x00000010   Data   RW        11320    .data               ethernetif.o
    0x24000178   COMPRESSED   0x00000004   Data   RW        11321    .data               ethernetif.o
    0x2400017c   COMPRESSED   0x00000014   Data   RW        11426    .data               sys_arch.o
    0x24000190   COMPRESSED   0x00000004   Data   RW        11634    .data               mc_w.l(rand.o)
    0x24000194   COMPRESSED   0x00000004   Data   RW        11933    .data               mc_w.l(stdout.o)
    0x24000198        -       0x0000008c   Zero   RW         6229    .bss                bsp_debug_usart.o
    0x24000224        -       0x00000050   Zero   RW         6789    .bss                queue.o
    0x24000274        -       0x000002e4   Zero   RW         6995    .bss                tasks.o
    0x24000558        -       0x00006400   Zero   RW         7293    .bss                heap_4.o
    0x24006958        -       0x00000480   Zero   RW         8828    .bss                dns.o
    0x24006dd8        -       0x00000018   Zero   RW         9097    .bss                ip.o
    0x24006df0        -       0x00003c13   Zero   RW         9130    .bss                mem.o
    0x2400aa03        -       0x000000a3   Zero   RW         9201    .bss                memp.o
    0x2400aaa6        -       0x00000393   Zero   RW         9202    .bss                memp.o
    0x2400ae39        -       0x000000ab   Zero   RW         9203    .bss                memp.o
    0x2400aee4        -       0x00000963   Zero   RW         9204    .bss                memp.o
    0x2400b847        -       0x000000a3   Zero   RW         9205    .bss                memp.o
    0x2400b8ea        -       0x0000016b   Zero   RW         9206    .bss                memp.o
    0x2400ba55        -       0x00000023   Zero   RW         9207    .bss                memp.o
    0x2400ba78        -       0x000000a3   Zero   RW         9208    .bss                memp.o
    0x2400bb1b        -       0x00000083   Zero   RW         9209    .bss                memp.o
    0x2400bb9e        -       0x00000083   Zero   RW         9210    .bss                memp.o
    0x2400bc21        -       0x00000083   Zero   RW         9211    .bss                memp.o
    0x2400bca4        -       0x00000083   Zero   RW         9212    .bss                memp.o
    0x2400bd27        -       0x00000137   Zero   RW         9213    .bss                memp.o
    0x2400be5e        -       0x00000193   Zero   RW         9214    .bss                memp.o
    0x2400bff1        -       0x00010d4f   Zero   RW         9215    .bss                memp.o
    0x2401cd40        -       0x00000010   Zero   RW        10131    .bss                tcp_in.o
    0x2401cd50        -       0x000000f0   Zero   RW        10637    .bss                etharp.o
    0x2401ce40        -       0x00000108   Zero   RW        11316    .bss                ethernetif.o
    0x2401cf48        -       0x00000193   Zero   RW        11317    .bss                ethernetif.o
    0x2401d0db   COMPRESSED   0x00000001   PAD
    0x2401d0dc        -       0x00000058   Zero   RW        11425    .bss                sys_arch.o
    0x2401d134   COMPRESSED   0x00000004   PAD
    0x2401d138        -       0x00004000   Zero   RW            1    STACK               startup_stm32h743xx.o



  Load Region LR$$.ARM.__AT_0x30040000 (Base: 0x30040000, Size: 0x00000000, Max: 0x00000060, ABSOLUTE)

    Execution Region ER$$.ARM.__AT_0x30040000 (Exec base: 0x30040000, Load base: 0x30040000, Size: 0x00000060, Max: 0x00000060, ABSOLUTE, UNINIT)

    Exec Addr    Load Addr    Size         Type   Attr      Idx    E Section Name        Object

    0x30040000        -       0x00000060   Zero   RW        11313    .ARM.__AT_0x30040000  ethernetif.o



  Load Region LR$$.ARM.__AT_0x30040060 (Base: 0x30040060, Size: 0x00000000, Max: 0x00000060, ABSOLUTE)

    Execution Region ER$$.ARM.__AT_0x30040060 (Exec base: 0x30040060, Load base: 0x30040060, Size: 0x00000060, Max: 0x00000060, ABSOLUTE, UNINIT)

    Exec Addr    Load Addr    Size         Type   Attr      Idx    E Section Name        Object

    0x30040060        -       0x00000060   Zero   RW        11314    .ARM.__AT_0x30040060  ethernetif.o



  Load Region LR$$.ARM.__AT_0x30040200 (Base: 0x30040200, Size: 0x00000000, Max: 0x00001800, ABSOLUTE)

    Execution Region ER$$.ARM.__AT_0x30040200 (Exec base: 0x30040200, Load base: 0x30040200, Size: 0x00001800, Max: 0x00001800, ABSOLUTE, UNINIT)

    Exec Addr    Load Addr    Size         Type   Attr      Idx    E Section Name        Object

    0x30040200        -       0x00001800   Zero   RW        11315    .ARM.__AT_0x30040200  ethernetif.o


==============================================================================

Image component sizes


      Code (inc. data)   RO Data    RW Data    ZI Data      Debug   Object Name

      1900        596          0          0          0      48678   api_lib.o
      4810       1358          3          0          0      39795   api_msg.o
       632         78          0          0          0      39150   board.o
       220         20          0          0        140       2187   bsp_debug_usart.o
        64         10          0          0          0        990   bsp_led.o
        64         18          0          0          0       1149   core_delay.o
        34          0          0          0          0       1122   def.o
       892        144          0         12       1152      16788   dns.o
      2196        514         65          1        240      12791   etharp.o
       308         56         12          0          0       2806   ethernet.o
       964        146         12         20       7003      42965   ethernetif.o
       584        138          0         24      25600       4423   heap_4.o
       620        160          0          0          0       4710   icmp.o
       898        168         65          8          0      11215   igmp.o
       172          0          0          0          0       3000   inet_chksum.o
        42          0          0          0          0       1708   init.o
         0          0          0          0         24       3234   ip.o
      1102        100          0          8          0       8100   ip4.o
       424         20          8          0          0      12831   ip4_addr.o
      2170        462          0          8          0      13206   ip4_frag.o
       780         50          0          0          0       8794   lan8720a.o
       136          0          0          0          0       3590   list.o
       552        328        306         12          0      16563   main.o
      1716        604          0         16      15379       8677   mem.o
       470        192        240         60      74557      12818   memp.o
       264        116          0          0          0      11560   netbuf.o
      1078        354          0         12          0      15956   netif.o
         0          0          0          0          0       2080   netifapi.o
      2648        974          0          0          0      20045   pbuf.o
      1018        402          0         12          0      11341   port.o
      1976        378          0          0         80      16315   queue.o
        36          8        664          0      16384       1016   startup_stm32h743xx.o
       174         34          0         12          0      23337   stm32h7xx_hal.o
       310         30          0          0          0      40976   stm32h7xx_hal_cortex.o
      4278         78          0          0          0      25786   stm32h7xx_hal_eth.o
       510         50          0          0          0       2756   stm32h7xx_hal_gpio.o
      2736        134          0          0          0       9096   stm32h7xx_hal_rcc.o
      3892        140          0          0          0       9211   stm32h7xx_hal_rcc_ex.o
      6216        130          0          0          0      12116   stm32h7xx_hal_uart.o
        58          0          0          0          0      11995   stm32h7xx_it.o
       856        198          0         20         88      16025   sys_arch.o
       152         22         16          8          0    1240225   system_stm32h7xx.o
      2812        732          0         60        740      31249   tasks.o
      5418       1776        201         32          0      43876   tcp.o
      5210       1050          0         36         16      21727   tcp_in.o
      6142       1936         85          0          0      34650   tcp_out.o
       232         70          0          0          0      28934   tcpecho.o
       616        200          0         16          0      11269   tcpip.o
       572        186         40         12          0       7575   timeouts.o
      2058        698          0          8          0      14050   udp.o

    ----------------------------------------------------------------------
     71072      14858       1764        400     141408    1984456   Object Totals
         0          0         32          0          0          0   (incl. Generated)
        60          0         15          3          5          0   (incl. Padding)

    ----------------------------------------------------------------------

      Code (inc. data)   RO Data    RW Data    ZI Data      Debug   Library Member Name

        58          0          0          0          0          0   __dczerorl.o
         8          4        133          0          0         68   ctype_o.o
         0          0          0          0          0          0   entry.o
         0          0          0          0          0          0   entry10a.o
         0          0          0          0          0          0   entry11a.o
         4          0          0          0          0          0   entry12b.o
         8          4          0          0          0          0   entry2.o
         4          0          0          0          0          0   entry5.o
         0          0          0          0          0          0   entry7b.o
         0          0          0          0          0          0   entry8b.o
         8          4          0          0          0          0   entry9a.o
        30          0          0          0          0          0   handlers.o
        36          8          0          0          0         68   init.o
        30          0          0          0          0         68   llshl.o
        32          0          0          0          0         68   llushr.o
        26          0          0          0          0         80   memcmp.o
        64          0          0          0          0         76   memmovea.o
        36          0          0          0          0        108   memseta.o
       736         54          0          0          0        184   printf5.o
        36         10          0          4          0        136   rand.o
         0          0          0          4          0          0   stdout.o
        14          0          0          0          0         68   strlen.o
        98          0          0          0          0         92   uldiv.o

    ----------------------------------------------------------------------
      1236         84        136          8          0       1016   Library Totals
         8          0          3          0          0          0   (incl. Padding)

    ----------------------------------------------------------------------

      Code (inc. data)   RO Data    RW Data    ZI Data      Debug   Library Name

      1228         84        133          8          0       1016   mc_w.l

    ----------------------------------------------------------------------
      1236         84        136          8          0       1016   Library Totals

    ----------------------------------------------------------------------

==============================================================================


      Code (inc. data)   RO Data    RW Data    ZI Data      Debug   

     72308      14942       1900        408     141408    1941092   Grand Totals
     72308      14942       1900         28     141408    1941092   ELF Image Totals (compressed)
     72308      14942       1900         28          0          0   ROM Totals

==============================================================================

    Total RO  Size (Code + RO Data)                74208 (  72.47kB)
    Total RW  Size (RW Data + ZI Data)            141816 ( 138.49kB)
    Total ROM Size (Code + RO Data + RW Data)      74236 (  72.50kB)

==============================================================================

