<html>
<body>
<pre>
<h1>µVision Build Log</h1>
<h2>Tool Versions:</h2>
IDE-Version: ¦ÌVision V5.34.0.0
Copyright (C) 2021 ARM Ltd and ARM Germany GmbH. All rights reserved.
License Information: m Administrator, m, LIC=YA39H-WK7AD-9UW4U-S4LIG-LJ2CK-J26BM
 
Tool Versions:
Toolchain:       MDK-ARM Plus  Version: 5.34.0.0
Toolchain Path:  D:\Keil_v5\ARM\ARMCC\Bin
C Compiler:      Armcc.exe V5.06 update 7 (build 960)
Assembler:       Armasm.exe V5.06 update 7 (build 960)
Linker/Locator:  ArmLink.exe V5.06 update 7 (build 960)
Library Manager: ArmAr.exe V5.06 update 7 (build 960)
Hex Converter:   FromElf.exe V5.06 update 7 (build 960)
CPU DLL:         SARMCM3.DLL V5.34.0.0
Dialog DLL:      DCM.DLL V1.17.3.0
Target DLL:      Segger\JL2CM3.dll V2.99.38.0
Dialog DLL:      TCM.DLL V1.48.0.0
 
<h2>Project:</h2>
D:\STM32H750\ebf_lwip_tutorial_code_stm32h750_pro_v_20220706\lwip_ping_raw\Project\RVMDK£¨uv5£©\LX_H7.uvprojx
Project File Date:  01/17/2024

<h2>Output:</h2>
*** Using Compiler 'V5.06 update 7 (build 960)', folder: 'D:\Keil_v5\ARM\ARMCC\Bin'
Build target 'LX_H7'
compiling LAN8720a.c...
..\..\User\BSP\LAN8720a\LAN8720a.c(123): warning:  #188-D: enumerated type mixed with another type
  	HAL_GPIO_WritePin(ETH_NRST_PORT,ETH_NRST_PIN,1);
..\..\User\BSP\LAN8720a\LAN8720a.c(125): warning:  #188-D: enumerated type mixed with another type
  	HAL_GPIO_WritePin(ETH_NRST_PORT,ETH_NRST_PIN,0);
..\..\User\BSP\LAN8720a\LAN8720a.c(127): warning:  #188-D: enumerated type mixed with another type
  	HAL_GPIO_WritePin(ETH_NRST_PORT,ETH_NRST_PIN,1);
..\..\User\BSP\LAN8720a\LAN8720a.c: 3 warnings, 0 errors
compiling ethernetif.c...
linking...
Program Size: Code=35916 RO-data=1132 RW-data=216 ZI-data=32880  
"..\..\Output\Fire_H7.axf" - 0 Error(s), 3 Warning(s).

<h2>Software Packages used:</h2>

Package Vendor: Keil
                https://www.keil.com/pack/Keil.STM32H7xx_DFP.3.1.1.pack
                Keil.STM32H7xx_DFP.3.1.1
                STMicroelectronics STM32H7 Series Device Support and Examples

<h2>Collection of Component include folders:</h2>
  D:\Keil_v5\ArmPacks\Keil\STM32H7xx_DFP\3.1.1\Drivers\CMSIS\Device\ST\STM32H7xx\Include

<h2>Collection of Component Files used:</h2>
Build Time Elapsed:  00:00:05
</pre>
</body>
</html>
